Component: ARM Compiler 5.05 update 2 (build 169) Tool: armlink [4d0f33]

==============================================================================

Section Cross References

    main.o(.text) refers to stm32f4xx_hal_rcc.o(.text) for HAL_RCC_OscConfig
    main.o(.text) refers to rt_cmsis.o(i.osKernelInitialize) for osKernelInitialize
    main.o(.text) refers to stm32f4xx_hal.o(.text) for HAL_Init
    main.o(.text) refers to nucleo_spi.o(.text) for NucleoSPI_Init
    main.o(.text) refers to accelerometer.o(.text) for Accelerometer_Init
    main.o(.text) refers to temperature.o(.text) for Temperature_Init
    main.o(.text) refers to hardware_timer.o(.text) for HardwareTimer4_Init
    main.o(.text) refers to rt_cmsis.o(i.osKernelStart) for osKernelStart
    supporting_functions.o(.text) refers to printf1.o(i.__0printf$1) for __2printf
    hardware_timer.o(.text) refers to stm32f4xx_hal_tim.o(.text) for HAL_TIM_Base_Init
    hardware_timer.o(.text) refers to stm32f4xx_hal_cortex.o(.text) for HAL_NVIC_SetPriority
    hardware_timer.o(.text) refers to rt_cmsis.o(i.osSignalSet) for osSignalSet
    hardware_timer.o(.text) refers to hardware_timer.o(.bss) for timmy4
    hardware_timer.o(.text) refers to temperature.o(.data) for tid_Thread_TEMPERATURE
    accelerometer.o(.text) refers to lis3dsh.o(.text) for LIS3DSH_Init
    accelerometer.o(.text) refers to stm32f4xx_hal_cortex.o(.text) for HAL_NVIC_SetPriority
    accelerometer.o(.text) refers to memcpya.o(.text) for __aeabi_memcpy4
    accelerometer.o(.text) refers to sqrtf.o(i.__hardfp_sqrtf) for __hardfp_sqrtf
    accelerometer.o(.text) refers to atan2f.o(i.__hardfp_atan2f) for __hardfp_atan2f
    accelerometer.o(.text) refers to f2d.o(.text) for __aeabi_f2d
    accelerometer.o(.text) refers to cdcmple.o(.text) for __aeabi_cdcmple
    accelerometer.o(.text) refers to printf1.o(i.__0printf$1) for __2printf
    accelerometer.o(.text) refers to cdrcmple.o(.text) for __aeabi_cdrcmple
    accelerometer.o(.text) refers to rt_cmsis.o(i.osSignalSet) for osSignalSet
    accelerometer.o(.text) refers to rt_cmsis.o(i.osThreadCreate) for osThreadCreate
    accelerometer.o(.text) refers to rt_cmsis.o(i.osMutexCreate) for osMutexCreate
    accelerometer.o(.text) refers to rt_cmsis.o(i.osSignalWait) for osSignalWait
    accelerometer.o(.text) refers to kalmanfilter_asm.o(text) for Kalmanfilter_asm
    accelerometer.o(.text) refers to accelerometer.o(.constdata) for .constdata
    accelerometer.o(.text) refers to accelerometer.o(.data) for in_a_peak
    accelerometer.o(.constdata) refers to accelerometer.o(.text) for Thread_ACCELEROMETER
    accelerometer.o(.constdata) refers to accelerometer.o(.bss) for os_mutex_cb_accel_mutex
    exti_handler_cb.o(.text) refers to rt_cmsis.o(i.osSignalSet) for osSignalSet
    exti_handler_cb.o(.text) refers to accelerometer.o(.data) for tid_Thread_ACCELEROMETER
    stm32f4xx_it.o(.text) refers to stm32f4xx_hal_gpio.o(.text) for HAL_GPIO_EXTI_IRQHandler
    stm32f4xx_it.o(.text) refers to stm32f4xx_hal_tim.o(.text) for HAL_TIM_IRQHandler
    stm32f4xx_it.o(.text) refers to stm32f4xx_hal_adc.o(.text) for HAL_ADC_IRQHandler
    stm32f4xx_it.o(.text) refers to hardware_timer.o(.bss) for timmy4
    stm32f4xx_it.o(.text) refers to temperature.o(.bss) for ADC1_handle
    temperature.o(.text) refers to memcpya.o(.text) for __aeabi_memcpy4
    temperature.o(.text) refers to rt_cmsis.o(i.osSignalWait) for osSignalWait
    temperature.o(.text) refers to stm32f4xx_hal_adc.o(.text) for HAL_ADC_PollForConversion
    temperature.o(.text) refers to printf1.o(i.__0printf$1) for __2printf
    temperature.o(.text) refers to kalmanfilter_asm.o(text) for Kalmanfilter_asm
    temperature.o(.text) refers to rt_cmsis.o(i.osThreadCreate) for osThreadCreate
    temperature.o(.text) refers to temperature.o(.constdata) for .constdata
    temperature.o(.text) refers to temperature.o(.bss) for ADC1_handle
    temperature.o(.text) refers to temperature.o(.data) for tid_Thread_TEMPERATURE
    temperature.o(.constdata) refers to temperature.o(.text) for Thread_TEMPERATURE
    spi_mspinit.o(.text) refers to stm32f4xx_hal_gpio.o(.text) for HAL_GPIO_Init
    spi_mspinit.o(.text) refers to lis3dsh.o(.bss) for SpiHandle
    lis3dsh.o(.text) refers to stm32f4xx_hal_gpio.o(.text) for HAL_GPIO_WritePin
    lis3dsh.o(.text) refers to stm32f4xx_hal_spi.o(.text) for HAL_SPI_DeInit
    lis3dsh.o(.text) refers to printf1.o(i.__0printf$1) for __2printf
    lis3dsh.o(.text) refers to lis3dsh.o(.data) for LIS3DSHTimeout
    lis3dsh.o(.text) refers to lis3dsh.o(.bss) for SpiHandle
    rtx_conf_cm.o(.ARM.Collect$$$$000000FF) refers to rt_cmsis.o(i.osKernelInitialize) for osKernelInitialize
    rtx_conf_cm.o(.ARM.Collect$$$$000000FF) refers to rt_cmsis.o(i.osThreadCreate) for osThreadCreate
    rtx_conf_cm.o(.ARM.Collect$$$$000000FF) refers to rt_cmsis.o(i.osKernelStart) for osKernelStart
    rtx_conf_cm.o(.ARM.Collect$$$$000000FF) refers to rtx_conf_cm.o(.data) for .data
[...]
    i.rt_mbx_init                            0x080092cc   Section        0  rt_mailbox.o(i.rt_mbx_init)
    i.rt_mbx_psh                             0x080092e8   Section        0  rt_mailbox.o(i.rt_mbx_psh)
    i.rt_mbx_wait                            0x080093d8   Section        0  rt_mailbox.o(i.rt_mbx_wait)
    i.rt_ms2tick                             0x0800948c   Section        0  rt_cmsis.o(i.rt_ms2tick)
    rt_ms2tick                               0x0800948d   Thumb Code    58  rt_cmsis.o(i.rt_ms2tick)
    i.rt_mut_init                            0x080094d0   Section        0  rt_mutex.o(i.rt_mut_init)
    i.rt_pop_req                             0x080094e0   Section        0  rt_system.o(i.rt_pop_req)
    i.rt_psh_req                             0x0800955c   Section        0  rt_system.o(i.rt_psh_req)
    i.rt_psq_enq                             0x0800957c   Section        0  rt_list.o(i.rt_psq_enq)
    i.rt_put_dly                             0x080095d8   Section        0  rt_list.o(i.rt_put_dly)
    i.rt_put_prio                            0x08009620   Section        0  rt_list.o(i.rt_put_prio)
    i.rt_put_rdy_first                       0x08009658   Section        0  rt_list.o(i.rt_put_rdy_first)
    i.rt_resort_prio                         0x0800966c   Section        0  rt_list.o(i.rt_resort_prio)
    i.rt_ret_regs                            0x080096a0   Section        0  hal_cm.o(i.rt_ret_regs)
    rt_ret_regs                              0x080096a1   Thumb Code    16  hal_cm.o(i.rt_ret_regs)
    i.rt_ret_val                             0x080096b0   Section        0  hal_cm.o(i.rt_ret_val)
    i.rt_ret_val2                            0x080096bc   Section        0  hal_cm.o(i.rt_ret_val2)
    i.rt_rmv_dly                             0x080096cc   Section        0  rt_list.o(i.rt_rmv_dly)
    i.rt_rmv_list                            0x080096f4   Section        0  rt_list.o(i.rt_rmv_list)
    i.rt_sem_psh                             0x08009724   Section        0  rt_semaphore.o(i.rt_sem_psh)
    i.rt_stk_check                           0x08009758   Section        0  rt_system.o(i.rt_stk_check)
    i.rt_switch_req                          0x0800977c   Section        0  rt_task.o(i.rt_switch_req)
    i.rt_sys_init                            0x080097a4   Section        0  rt_task.o(i.rt_sys_init)
    i.rt_sys_start                           0x08009870   Section        0  rt_task.o(i.rt_sys_start)
    i.rt_systick                             0x080098e8   Section        0  rt_system.o(i.rt_systick)
    i.rt_tid2ptcb                            0x08009928   Section        0  rt_cmsis.o(i.rt_tid2ptcb)
    rt_tid2ptcb                              0x08009929   Thumb Code    18  rt_cmsis.o(i.rt_tid2ptcb)
    i.rt_timer_insert                        0x0800993c   Section        0  rt_cmsis.o(i.rt_timer_insert)
    rt_timer_insert                          0x0800993d   Thumb Code    48  rt_cmsis.o(i.rt_timer_insert)
    i.rt_tsk_create                          0x08009970   Section        0  rt_task.o(i.rt_tsk_create)
    i.rt_tsk_delete                          0x080099f8   Section        0  rt_task.o(i.rt_tsk_delete)
    i.rt_tsk_prio                            0x08009b74   Section        0  rt_task.o(i.rt_tsk_prio)
    i.rt_tsk_self                            0x08009bf0   Section        0  rt_task.o(i.rt_tsk_self)
    i.svcKernelInitialize                    0x08009c00   Section        0  rt_cmsis.o(i.svcKernelInitialize)
    i.svcKernelStart                         0x08009c70   Section        0  rt_cmsis.o(i.svcKernelStart)
    i.svcMessageCreate                       0x08009cb8   Section        0  rt_cmsis.o(i.svcMessageCreate)
    i.svcMessageGet                          0x08009cdc   Section        0  rt_cmsis.o(i.svcMessageGet)
    i.svcMutexCreate                         0x08009d16   Section        0  rt_cmsis.o(i.svcMutexCreate)
    i.svcSignalSet                           0x08009d32   Section        0  rt_cmsis.o(i.svcSignalSet)
    i.svcSignalWait                          0x08009d58   Section        0  rt_cmsis.o(i.svcSignalWait)
    i.svcThreadCreate                        0x08009dac   Section        0  rt_cmsis.o(i.svcThreadCreate)
    i.svcThreadGetId                         0x08009e1c   Section        0  rt_cmsis.o(i.svcThreadGetId)
    i.svcThreadTerminate                     0x08009e38   Section        0  rt_cmsis.o(i.svcThreadTerminate)
    i.svcTimerCall                           0x08009e70   Section        0  rt_cmsis.o(i.svcTimerCall)
    i.sysTimerTick                           0x08009e88   Section        0  rt_cmsis.o(i.sysTimerTick)
    text                                     0x08009ee4   Section      126  kalmanfilter_asm.o(text)
    $v0                                      0x08009ee4   Number         0  kalmanfilter_asm.o(text)
    .constdata                               0x08009f64   Section      108  accelerometer.o(.constdata)
    .constdata                               0x08009fd0   Section       36  temperature.o(.constdata)
    .constdata                               0x08009ff4   Section       86  rtx_conf_cm.o(.constdata)
    __tagsym$$used                           0x0800a010   Number         0  rtx_conf_cm.o(.constdata)
    __tagsym$$used                           0x0800a014   Number         0  rtx_conf_cm.o(.constdata)
    __tagsym$$used                           0x0800a018   Number         0  rtx_conf_cm.o(.constdata)
    __tagsym$$used                           0x0800a01c   Number         0  rtx_conf_cm.o(.constdata)
    .constdata                               0x0800a04a   Section        8  stm32f4xx_hal_dma.o(.constdata)
    flagBitshiftOffset                       0x0800a04a   Data           8  stm32f4xx_hal_dma.o(.constdata)
    .constdata                               0x0800a052   Section       16  stm32f4xx_hal_rcc.o(.constdata)
    .constdata                               0x0800a062   Section       16  system_stm32f4xx_1.o(.constdata)
    .data                                    0x20000000   Section       24  accelerometer.o(.data)
    counter                                  0x20000008   Data           4  accelerometer.o(.data)
    peaks                                    0x2000000c   Data           4  accelerometer.o(.data)
    in_a_peak                                0x20000010   Data           4  accelerometer.o(.data)
    debug                                    0x20000014   Data           4  accelerometer.o(.data)
    .data                                    0x20000018   Section        4  temperature.o(.data)
    .data                                    0x2000001c   Section        4  lis3dsh.o(.data)
    .data                                    0x20000020   Section       32  rtx_conf_cm.o(.data)
    .data                                    0x20000040   Section        4  stm32f4xx_hal.o(.data)
    uwTick                                   0x20000040   Data           4  stm32f4xx_hal.o(.data)
    .data                                    0x20000044   Section        4  system_stm32f4xx_1.o(.data)
    .data                                    0x20000048   Section        8  rt_cmsis.o(.data)
    .data                                    0x20000050   Section        8  rt_task.o(.data)
    .data                                    0x20000058   Section        8  rt_system.o(.data)
    os_lock                                  0x20000058   Data           1  rt_system.o(.data)
    os_psh_flag                              0x20000059   Data           1  rt_system.o(.data)
    pend_flags                               0x2000005a   Data           1  rt_system.o(.data)
    .data                                    0x20000060   Section        4  rt_time.o(.data)
    .data                                    0x20000064   Section        1  hal_cm.o(.data)
    .data                                    0x20000068   Section        8  rt_robin.o(.data)
    .data                                    0x20000070   Section        4  stdout.o(.data)
    .data                                    0x20000074   Section        4  errno.o(.data)
    _errno                                   0x20000074   Data           4  errno.o(.data)
    .bss                                     0x20000078   Section       60  hardware_timer.o(.bss)
    .bss                                     0x200000b4   Section       16  accelerometer.o(.bss)
    .bss                                     0x200000c4   Section       68  temperature.o(.bss)
    .bss                                     0x20000108   Section       88  lis3dsh.o(.bss)
    .bss                                     0x20000160   Section     6640  rtx_conf_cm.o(.bss)
    .bss                                     0x20001b50   Section       52  rt_task.o(.bss)
    .bss                                     0x20001b84   Section       48  rt_list.o(.bss)
    STACK                                    0x20001bb8   Section     1024  startup_stm32f407xx.o(STACK)

    Global Symbols

    Symbol Name                              Value     Ov Type        Size  Object(Section)

    BuildAttributes$$THM_ISAv4$E$P$D$K$B$S$7EM$VFPi3$EXTD16$VFPS$VFMA$PE$A:L22UL41UL21$X:L11$S22US41US21$IEEE1$IW$USESV6$~STKCKD$USESV7$~SHL$OTIME$ROPI$IEEEX$EBA8$MICROLIB$REQ8$EABIv2 0x00000000   Number         0  anon$$obj.o ABSOLUTE
    __ARM_use_no_argv                        0x00000000   Number         0  main.o ABSOLUTE
    _printf_a                                0x00000000   Number         0  stubs.o ABSOLUTE
    _printf_c                                0x00000000   Number         0  stubs.o ABSOLUTE
    _printf_charcount                        0x00000000   Number         0  stubs.o ABSOLUTE
    _printf_d                                0x00000000   Number         0  stubs.o ABSOLUTE
    _printf_e                                0x00000000   Number         0  stubs.o ABSOLUTE
    _printf_f                                0x00000000   Number         0  stubs.o ABSOLUTE
    _printf_flags                            0x00000000   Number         0  stubs.o ABSOLUTE
    _printf_fp_dec                           0x00000000   Number         0  stubs.o ABSOLUTE
    _printf_fp_hex                           0x00000000   Number         0  stubs.o ABSOLUTE
    _printf_g                                0x00000000   Number         0  stubs.o ABSOLUTE
    _printf_i                                0x00000000   Number         0  stubs.o ABSOLUTE
    _printf_int_dec                          0x00000000   Number         0  stubs.o ABSOLUTE
    _printf_l                                0x00000000   Number         0  stubs.o ABSOLUTE
    _printf_lc                               0x00000000   Number         0  stubs.o ABSOLUTE
    _printf_ll                               0x00000000   Number         0  stubs.o ABSOLUTE
    _printf_lld                              0x00000000   Number         0  stubs.o ABSOLUTE
    _printf_lli                              0x00000000   Number         0  stubs.o ABSOLUTE
    _printf_llo                              0x00000000   Number         0  stubs.o ABSOLUTE
    _printf_llu                              0x00000000   Number         0  stubs.o ABSOLUTE
    _printf_llx                              0x00000000   Number         0  stubs.o ABSOLUTE
    _printf_longlong_dec                     0x00000000   Number         0  stubs.o ABSOLUTE
    _printf_longlong_hex                     0x00000000   Number         0  stubs.o ABSOLUTE
    _printf_longlong_oct                     0x00000000   Number         0  stubs.o ABSOLUTE
    _printf_ls                               0x00000000   Number         0  stubs.o ABSOLUTE
    _printf_mbtowc                           0x00000000   Number         0  stubs.o ABSOLUTE
    _printf_n                                0x00000000   Number         0  stubs.o ABSOLUTE
    _printf_o                                0x00000000   Number         0  stubs.o ABSOLUTE
    _printf_p                                0x00000000   Number         0  stubs.o ABSOLUTE
    _printf_percent                          0x00000000   Number         0  stubs.o ABSOLUTE
    _printf_pre_padding                      0x00000000   Number         0  stubs.o ABSOLUTE
    _printf_return_value                     0x00000000   Number         0  stubs.o ABSOLUTE
    _printf_s                                0x00000000   Number         0  stubs.o ABSOLUTE
    _printf_sizespec                         0x00000000   Number         0  stubs.o ABSOLUTE
    _printf_str                              0x00000000   Number         0  stubs.o ABSOLUTE
    _printf_truncate_signed                  0x00000000   Number         0  stubs.o ABSOLUTE
    _printf_truncate_unsigned                0x00000000   Number         0  stubs.o ABSOLUTE
    _printf_u                                0x00000000   Number         0  stubs.o ABSOLUTE
    _printf_wc                               0x00000000   Number         0  stubs.o ABSOLUTE
    _printf_wctomb                           0x00000000   Number         0  stubs.o ABSOLUTE
    _printf_widthprec                        0x00000000   Number         0  stubs.o ABSOLUTE
    _printf_x                                0x00000000   Number         0  stubs.o ABSOLUTE
    __cpp_initialize__aeabi_                  - Undefined Weak Reference
    __cxa_finalize                            - Undefined Weak Reference
    __decompress                              - Undefined Weak Reference
    _clock_init                               - Undefined Weak Reference
    _microlib_exit                            - Undefined Weak Reference
    __Vectors_Size                           0x00000188   Number         0  startup_stm32f407xx.o ABSOLUTE
    __RL_RTX_VER                             0x00000480   Number         0  rt_system.o ABSOLUTE
    __Vectors                                0x08000000   Data           4  startup_stm32f407xx.o(RESET)
    __Vectors_End                            0x08000188   Data           0  startup_stm32f407xx.o(RESET)
    __main                                   0x08000189   Thumb Code     0  entry.o(.ARM.Collect$$$$00000000)
    _main_stk                                0x08000189   Thumb Code     0  entry2.o(.ARM.Collect$$$$00000001)
    _main_scatterload                        0x0800018d   Thumb Code     0  entry5.o(.ARM.Collect$$$$00000004)
    __main_after_scatterload                 0x08000191   Thumb Code     0  entry5.o(.ARM.Collect$$$$00000004)
    __rt_final_cpp                           0x08000191   Thumb Code     0  entry10a.o(.ARM.Collect$$$$0000000D)
    __rt_final_exit                          0x08000191   Thumb Code     0  entry11a.o(.ARM.Collect$$$$0000000F)
    _main_clock                              0x08000191   Thumb Code     0  entry7b.o(.ARM.Collect$$$$00000008)
    _main_cpp_init                           0x08000191   Thumb Code     0  entry8b.o(.ARM.Collect$$$$0000000A)
    _main_init                               0x08000191   Thumb Code    18  rtx_conf_cm.o(.ARM.Collect$$$$000000FF)
    rt_set_PSP                               0x080001ad   Thumb Code     6  hal_cm4.o(.emb_text)
    rt_get_PSP                               0x080001b3   Thumb Code     6  hal_cm4.o(.emb_text)
    os_set_env                               0x080001b9   Thumb Code    24  hal_cm4.o(.emb_text)
    _alloc_box                               0x080001d5   Thumb Code    28  hal_cm4.o(.emb_text)
    _free_box                                0x080001f5   Thumb Code    28  hal_cm4.o(.emb_text)
    SVC_Handler                              0x08000215   Thumb Code   168  hal_cm4.o(.emb_text)
    PendSV_Handler                           0x080002cd   Thumb Code    96  hal_cm4.o(.emb_text)
    SysTick_Handler                          0x08000331   Thumb Code     8  hal_cm4.o(.emb_text)
    OS_Tick_Handler                          0x08000339   Thumb Code    12  hal_cm4.o(.emb_text)
    SystemClock_Config                       0x08000345   Thumb Code   142  main.o(.text)
    main                                     0x080003d3   Thumb Code    46  main.o(.text)
    HardwareTimer4_Init                      0x08000409   Thumb Code    98  hardware_timer.o(.text)
    HAL_TIM_PeriodElapsedCallback            0x0800046b   Thumb Code    24  hardware_timer.o(.text)
    Accelerometer_Init                       0x08000495   Thumb Code    84  accelerometer.o(.text)
    ACCELEROMETER_Callback                   0x08000725   Thumb Code    14  accelerometer.o(.text)
    start_Thread_ACCELEROMETER               0x08000733   Thumb Code    40  accelerometer.o(.text)
    Thread_ACCELEROMETER                     0x0800075b   Thumb Code   160  accelerometer.o(.text)
    HAL_GPIO_EXTI_Callback                   0x08000851   Thumb Code    26  exti_handler_cb.o(.text)
    fputc                                    0x08000871   Thumb Code    52  fput_debug.o(.text)
    NMI_Handler                              0x080008a9   Thumb Code     2  stm32f4xx_it.o(.text)
    HardFault_Handler                        0x080008ab   Thumb Code     4  stm32f4xx_it.o(.text)
    MemManage_Handler                        0x080008af   Thumb Code     4  stm32f4xx_it.o(.text)
    BusFault_Handler                         0x080008b3   Thumb Code     4  stm32f4xx_it.o(.text)
    UsageFault_Handler                       0x080008b7   Thumb Code     4  stm32f4xx_it.o(.text)
    DebugMon_Handler                         0x080008bb   Thumb Code     2  stm32f4xx_it.o(.text)
    EXTI0_IRQHandler                         0x080008bd   Thumb Code    10  stm32f4xx_it.o(.text)
    TIM4_IRQHandler                          0x080008c7   Thumb Code    10  stm32f4xx_it.o(.text)
    ADC_IRQHandler                           0x080008d1   Thumb Code    10  stm32f4xx_it.o(.text)
    Thread_TEMPERATURE                       0x080008e5   Thumb Code   148  temperature.o(.text)
    start_Thread_TEMPERATURE                 0x08000979   Thumb Code    30  temperature.o(.text)
    initialize_ADC                           0x08000997   Thumb Code    92  temperature.o(.text)
    HAL_ADC_MspInit                          0x080009f3   Thumb Code    36  temperature.o(.text)
    Temperature_Init                         0x08000a17   Thumb Code     8  temperature.o(.text)
    HAL_SPI_MspInit                          0x08000a71   Thumb Code   228  spi_mspinit.o(.text)
    NucleoSPI_Init                           0x08000b69   Thumb Code     2  nucleo_spi.o(.text)
    SPI_ReceiveData                          0x08000b6d   Thumb Code    10  lis3dsh.o(.text)
    LIS3DSH_TIMEOUT_UserCallback             0x08000b77   Thumb Code     4  lis3dsh.o(.text)
    SPI_SendData                             0x08000b7b   Thumb Code     6  lis3dsh.o(.text)
    LIS3DSH_Write                            0x08000bed   Thumb Code    62  lis3dsh.o(.text)
    LIS3DSH_Init                             0x08000c2b   Thumb Code   170  lis3dsh.o(.text)
    LIS3DSH_Read                             0x08000cd5   Thumb Code    70  lis3dsh.o(.text)
    LIS3DSH_DataReadyInterruptConfig         0x08000d1b   Thumb Code    42  lis3dsh.o(.text)
    LIS3DSH_LowpowerCmd                      0x08000d45   Thumb Code    40  lis3dsh.o(.text)
    LIS3DSH_DataRateCmd                      0x08000d6d   Thumb Code    44  lis3dsh.o(.text)
    LIS3DSH_FullScaleCmd                     0x08000d99   Thumb Code    44  lis3dsh.o(.text)
    LIS3DSH_ReadACC                          0x08000dc5   Thumb Code   504  lis3dsh.o(.text)
    os_idle_demon                            0x08000fbd   Thumb Code     4  rtx_conf_cm.o(.text)
    os_error                                 0x08000fc1   Thumb Code    34  rtx_conf_cm.o(.text)
    HAL_MspInit                              0x08000fe5   Thumb Code    10  stm32f4xx_hal.o(.text)
    HAL_InitTick                             0x08000fef   Thumb Code    36  stm32f4xx_hal.o(.text)
    HAL_Init                                 0x08001013   Thumb Code    54  stm32f4xx_hal.o(.text)
    HAL_MspDeInit                            0x08001049   Thumb Code    10  stm32f4xx_hal.o(.text)
    HAL_DeInit                               0x08001053   Thumb Code    64  stm32f4xx_hal.o(.text)
    HAL_IncTick                              0x08001093   Thumb Code    12  stm32f4xx_hal.o(.text)
    HAL_GetTick                              0x0800109f   Thumb Code     6  stm32f4xx_hal.o(.text)
    HAL_Delay                                0x080010a5   Thumb Code    26  stm32f4xx_hal.o(.text)
    HAL_SuspendTick                          0x080010bf   Thumb Code    18  stm32f4xx_hal.o(.text)
    HAL_ResumeTick                           0x080010d1   Thumb Code    18  stm32f4xx_hal.o(.text)
    HAL_GetHalVersion                        0x080010e3   Thumb Code     4  stm32f4xx_hal.o(.text)
    HAL_GetREVID                             0x080010e7   Thumb Code     8  stm32f4xx_hal.o(.text)
    HAL_GetDEVID                             0x080010ef   Thumb Code    10  stm32f4xx_hal.o(.text)
    HAL_DBGMCU_EnableDBGSleepMode            0x080010f9   Thumb Code    14  stm32f4xx_hal.o(.text)
    HAL_DBGMCU_DisableDBGSleepMode           0x08001107   Thumb Code    14  stm32f4xx_hal.o(.text)
    HAL_DBGMCU_EnableDBGStopMode             0x08001115   Thumb Code    14  stm32f4xx_hal.o(.text)
    HAL_DBGMCU_DisableDBGStopMode            0x08001123   Thumb Code    14  stm32f4xx_hal.o(.text)
    HAL_DBGMCU_EnableDBGStandbyMode          0x08001131   Thumb Code    14  stm32f4xx_hal.o(.text)
    HAL_DBGMCU_DisableDBGStandbyMode         0x0800113f   Thumb Code    14  stm32f4xx_hal.o(.text)
    HAL_EnableCompensationCell               0x0800114d   Thumb Code    22  stm32f4xx_hal.o(.text)
    HAL_DisableCompensationCell              0x08001163   Thumb Code    24  stm32f4xx_hal.o(.text)
    HAL_ADC_Init                             0x08001301   Thumb Code    74  stm32f4xx_hal_adc.o(.text)
    HAL_ADC_MspDeInit                        0x0800134b   Thumb Code     2  stm32f4xx_hal_adc.o(.text)
    HAL_ADC_DeInit                           0x0800134d   Thumb Code    34  stm32f4xx_hal_adc.o(.text)
    HAL_ADC_Start                            0x0800136f   Thumb Code   182  stm32f4xx_hal_adc.o(.text)
    HAL_ADC_Stop                             0x08001425   Thumb Code    24  stm32f4xx_hal_adc.o(.text)
    HAL_ADC_PollForConversion                0x0800143d   Thumb Code   130  stm32f4xx_hal_adc.o(.text)
    HAL_ADC_PollForEvent                     0x080014bf   Thumb Code   104  stm32f4xx_hal_adc.o(.text)
    HAL_ADC_Start_IT                         0x08001527   Thumb Code   232  stm32f4xx_hal_adc.o(.text)
    HAL_ADC_Stop_IT                          0x0800160f   Thumb Code    48  stm32f4xx_hal_adc.o(.text)
    HAL_ADC_ErrorCallback                    0x0800163f   Thumb Code     2  stm32f4xx_hal_adc.o(.text)
    HAL_ADC_LevelOutOfWindowCallback         0x08001641   Thumb Code     2  stm32f4xx_hal_adc.o(.text)
    HAL_ADC_ConvCpltCallback                 0x08001643   Thumb Code     2  stm32f4xx_hal_adc.o(.text)
    HAL_ADC_IRQHandler                       0x08001645   Thumb Code   348  stm32f4xx_hal_adc.o(.text)
    HAL_ADC_ConvHalfCpltCallback             0x080017bd   Thumb Code     2  stm32f4xx_hal_adc.o(.text)
    HAL_ADC_Start_DMA                        0x080017f1   Thumb Code   186  stm32f4xx_hal_adc.o(.text)
    HAL_ADC_Stop_DMA                         0x080018ab   Thumb Code    56  stm32f4xx_hal_adc.o(.text)
    HAL_ADC_GetValue                         0x080018e3   Thumb Code     8  stm32f4xx_hal_adc.o(.text)
    HAL_ADC_ConfigChannel                    0x080018eb   Thumb Code   416  stm32f4xx_hal_adc.o(.text)
    HAL_ADC_AnalogWDGConfig                  0x08001a8b   Thumb Code   132  stm32f4xx_hal_adc.o(.text)
    HAL_ADC_GetState                         0x08001b0f   Thumb Code     8  stm32f4xx_hal_adc.o(.text)
    HAL_ADC_GetError                         0x08001b17   Thumb Code     6  stm32f4xx_hal_adc.o(.text)
    HAL_ADCEx_InjectedStart                  0x08001b31   Thumb Code   230  stm32f4xx_hal_adc_ex.o(.text)
    HAL_ADCEx_InjectedStart_IT               0x08001c17   Thumb Code   258  stm32f4xx_hal_adc_ex.o(.text)
    HAL_ADCEx_InjectedStop                   0x08001d19   Thumb Code    24  stm32f4xx_hal_adc_ex.o(.text)
    HAL_ADCEx_InjectedPollForConversion      0x08001d31   Thumb Code    90  stm32f4xx_hal_adc_ex.o(.text)
    HAL_ADCEx_InjectedStop_IT                0x08001d8b   Thumb Code    48  stm32f4xx_hal_adc_ex.o(.text)
    HAL_ADCEx_InjectedGetValue               0x08001dbb   Thumb Code    70  stm32f4xx_hal_adc_ex.o(.text)
    HAL_ADCEx_MultiModeStart_DMA             0x08001e4f   Thumb Code   206  stm32f4xx_hal_adc_ex.o(.text)
    HAL_ADCEx_MultiModeStop_DMA              0x08001f1d   Thumb Code   116  stm32f4xx_hal_adc_ex.o(.text)
    HAL_ADCEx_MultiModeGetValue              0x08001f91   Thumb Code     8  stm32f4xx_hal_adc_ex.o(.text)
    HAL_ADCEx_InjectedConvCpltCallback       0x08001f99   Thumb Code     2  stm32f4xx_hal_adc_ex.o(.text)
    HAL_ADCEx_InjectedConfigChannel          0x08001f9b   Thumb Code   552  stm32f4xx_hal_adc_ex.o(.text)
    HAL_ADCEx_MultiModeConfigChannel         0x080021c3   Thumb Code   130  stm32f4xx_hal_adc_ex.o(.text)
    HAL_NVIC_SetPriorityGrouping             0x08002271   Thumb Code    36  stm32f4xx_hal_cortex.o(.text)
    HAL_NVIC_SetPriority                     0x08002295   Thumb Code   124  stm32f4xx_hal_cortex.o(.text)
    HAL_NVIC_EnableIRQ                       0x08002311   Thumb Code    26  stm32f4xx_hal_cortex.o(.text)
    HAL_NVIC_DisableIRQ                      0x0800232b   Thumb Code    22  stm32f4xx_hal_cortex.o(.text)
    HAL_NVIC_SystemReset                     0x08002341   Thumb Code    64  stm32f4xx_hal_cortex.o(.text)
    HAL_SYSTICK_Config                       0x08002381   Thumb Code    52  stm32f4xx_hal_cortex.o(.text)
    HAL_MPU_ConfigRegion                     0x080023b5   Thumb Code    90  stm32f4xx_hal_cortex.o(.text)
    HAL_NVIC_GetPriorityGrouping             0x0800240f   Thumb Code     8  stm32f4xx_hal_cortex.o(.text)
    HAL_NVIC_GetPriority                     0x08002417   Thumb Code   138  stm32f4xx_hal_cortex.o(.text)
    HAL_NVIC_SetPendingIRQ                   0x080024a1   Thumb Code    24  stm32f4xx_hal_cortex.o(.text)
    HAL_NVIC_GetPendingIRQ                   0x080024b9   Thumb Code    38  stm32f4xx_hal_cortex.o(.text)
    HAL_NVIC_ClearPendingIRQ                 0x080024df   Thumb Code    22  stm32f4xx_hal_cortex.o(.text)
    HAL_NVIC_GetActive                       0x080024f5   Thumb Code    38  stm32f4xx_hal_cortex.o(.text)
    HAL_SYSTICK_CLKSourceConfig              0x0800251b   Thumb Code    40  stm32f4xx_hal_cortex.o(.text)
    HAL_SYSTICK_Callback                     0x08002543   Thumb Code    10  stm32f4xx_hal_cortex.o(.text)
    HAL_SYSTICK_IRQHandler                   0x0800254d   Thumb Code     8  stm32f4xx_hal_cortex.o(.text)
    HAL_DMA_Init                             0x080025a3   Thumb Code   128  stm32f4xx_hal_dma.o(.text)
    HAL_DMA_DeInit                           0x08002623   Thumb Code   100  stm32f4xx_hal_dma.o(.text)
    HAL_DMA_Start                            0x080026b3   Thumb Code    82  stm32f4xx_hal_dma.o(.text)
    HAL_DMA_Start_IT                         0x08002705   Thumb Code   106  stm32f4xx_hal_dma.o(.text)
    HAL_DMA_Abort                            0x0800276f   Thumb Code    94  stm32f4xx_hal_dma.o(.text)
    HAL_DMA_PollForTransfer                  0x080027cd   Thumb Code   412  stm32f4xx_hal_dma.o(.text)
    HAL_DMA_IRQHandler                       0x08002969   Thumb Code   530  stm32f4xx_hal_dma.o(.text)
    HAL_DMA_GetState                         0x08002b7b   Thumb Code     8  stm32f4xx_hal_dma.o(.text)
    HAL_DMA_GetError                         0x08002b83   Thumb Code     6  stm32f4xx_hal_dma.o(.text)
    HAL_GPIO_Init                            0x08002b8d   Thumb Code   476  stm32f4xx_hal_gpio.o(.text)
    HAL_GPIO_DeInit                          0x08002d69   Thumb Code   326  stm32f4xx_hal_gpio.o(.text)
    HAL_GPIO_ReadPin                         0x08002eaf   Thumb Code    16  stm32f4xx_hal_gpio.o(.text)
    HAL_GPIO_WritePin                        0x08002ebf   Thumb Code    12  stm32f4xx_hal_gpio.o(.text)
    HAL_GPIO_TogglePin                       0x08002ecb   Thumb Code     8  stm32f4xx_hal_gpio.o(.text)
    HAL_GPIO_LockPin                         0x08002ed3   Thumb Code    46  stm32f4xx_hal_gpio.o(.text)
    HAL_GPIO_EXTI_IRQHandler                 0x08002f0b   Thumb Code    28  stm32f4xx_hal_gpio.o(.text)
    HAL_RCC_OscConfig                        0x08002f5b   Thumb Code  1032  stm32f4xx_hal_rcc.o(.text)
    HAL_RCC_ClockConfig                      0x08003363   Thumb Code   680  stm32f4xx_hal_rcc.o(.text)
    HAL_RCC_MCOConfig                        0x0800360b   Thumb Code   178  stm32f4xx_hal_rcc.o(.text)
    HAL_RCC_EnableCSS                        0x080036bd   Thumb Code     8  stm32f4xx_hal_rcc.o(.text)
    HAL_RCC_DisableCSS                       0x080036c5   Thumb Code     8  stm32f4xx_hal_rcc.o(.text)
    HAL_RCC_GetSysClockFreq                  0x080036cd   Thumb Code   198  stm32f4xx_hal_rcc.o(.text)
    HAL_RCC_GetHCLKFreq                      0x08003793   Thumb Code    42  stm32f4xx_hal_rcc.o(.text)
    HAL_RCC_GetPCLK1Freq                     0x080037bd   Thumb Code    36  stm32f4xx_hal_rcc.o(.text)
    HAL_RCC_GetPCLK2Freq                     0x080037e1   Thumb Code    36  stm32f4xx_hal_rcc.o(.text)
    HAL_RCC_GetOscConfig                     0x08003805   Thumb Code   296  stm32f4xx_hal_rcc.o(.text)
    HAL_RCC_GetClockConfig                   0x0800392d   Thumb Code    58  stm32f4xx_hal_rcc.o(.text)
    HAL_RCC_CSSCallback                      0x08003967   Thumb Code    10  stm32f4xx_hal_rcc.o(.text)
    HAL_RCC_NMI_IRQHandler                   0x08003971   Thumb Code    30  stm32f4xx_hal_rcc.o(.text)
    HAL_SPI_Init                             0x080039a7   Thumb Code   136  stm32f4xx_hal_spi.o(.text)
    HAL_SPI_MspDeInit                        0x08003a2f   Thumb Code     2  stm32f4xx_hal_spi.o(.text)
    HAL_SPI_DeInit                           0x08003a31   Thumb Code    48  stm32f4xx_hal_spi.o(.text)
    HAL_SPI_Transmit                         0x08003b75   Thumb Code   450  stm32f4xx_hal_spi.o(.text)
    HAL_SPI_TransmitReceive                  0x08003d37   Thumb Code   850  stm32f4xx_hal_spi.o(.text)
    HAL_SPI_Receive                          0x08004089   Thumb Code   572  stm32f4xx_hal_spi.o(.text)
    HAL_SPI_ErrorCallback                    0x080042c5   Thumb Code     2  stm32f4xx_hal_spi.o(.text)
    HAL_SPI_TxCpltCallback                   0x080042c7   Thumb Code     2  stm32f4xx_hal_spi.o(.text)
    HAL_SPI_TxRxCpltCallback                 0x080042c9   Thumb Code     2  stm32f4xx_hal_spi.o(.text)
    HAL_SPI_Transmit_IT                      0x080043b9   Thumb Code   198  stm32f4xx_hal_spi.o(.text)
    HAL_SPI_RxCpltCallback                   0x0800447f   Thumb Code     2  stm32f4xx_hal_spi.o(.text)
    HAL_SPI_TransmitReceive_IT               0x080045a7   Thumb Code   192  stm32f4xx_hal_spi.o(.text)
    HAL_SPI_Receive_IT                       0x080046b9   Thumb Code   222  stm32f4xx_hal_spi.o(.text)
    HAL_SPI_TxHalfCpltCallback               0x08004847   Thumb Code     2  stm32f4xx_hal_spi.o(.text)
    HAL_SPI_Transmit_DMA                     0x08004857   Thumb Code   218  stm32f4xx_hal_spi.o(.text)
    HAL_SPI_RxHalfCpltCallback               0x08004aa9   Thumb Code     2  stm32f4xx_hal_spi.o(.text)
    HAL_SPI_TxRxHalfCpltCallback             0x08004af1   Thumb Code     2  stm32f4xx_hal_spi.o(.text)
    HAL_SPI_TransmitReceive_DMA              0x08004b01   Thumb Code   324  stm32f4xx_hal_spi.o(.text)
    HAL_SPI_Receive_DMA                      0x08004c45   Thumb Code   288  stm32f4xx_hal_spi.o(.text)
    HAL_SPI_DMAPause                         0x08004d65   Thumb Code    62  stm32f4xx_hal_spi.o(.text)
    HAL_SPI_DMAResume                        0x08004da3   Thumb Code    62  stm32f4xx_hal_spi.o(.text)
    HAL_SPI_DMAStop                          0x08004de1   Thumb Code    58  stm32f4xx_hal_spi.o(.text)
    HAL_SPI_IRQHandler                       0x08004e1b   Thumb Code   262  stm32f4xx_hal_spi.o(.text)
    HAL_SPI_GetState                         0x08004f21   Thumb Code     8  stm32f4xx_hal_spi.o(.text)
    HAL_SPI_GetError                         0x08004f29   Thumb Code     6  stm32f4xx_hal_spi.o(.text)
    TIM_Base_SetConfig                       0x08004f3d   Thumb Code   184  stm32f4xx_hal_tim.o(.text)
    HAL_TIM_Base_MspInit                     0x08004ff5   Thumb Code     2  stm32f4xx_hal_tim.o(.text)
    HAL_TIM_Base_Init                        0x08004ff7   Thumb Code    52  stm32f4xx_hal_tim.o(.text)
    HAL_TIM_Base_MspDeInit                   0x0800502b   Thumb Code     2  stm32f4xx_hal_tim.o(.text)
    HAL_TIM_Base_DeInit                      0x0800502d   Thumb Code    70  stm32f4xx_hal_tim.o(.text)
    HAL_TIM_Base_Start                       0x08005073   Thumb Code    30  stm32f4xx_hal_tim.o(.text)
    HAL_TIM_Base_Stop                        0x08005091   Thumb Code    56  stm32f4xx_hal_tim.o(.text)
    HAL_TIM_Base_Start_IT                    0x080050c9   Thumb Code    30  stm32f4xx_hal_tim.o(.text)
    HAL_TIM_Base_Stop_IT                     0x080050e7   Thumb Code    56  stm32f4xx_hal_tim.o(.text)
    HAL_TIM_ErrorCallback                    0x0800511f   Thumb Code     2  stm32f4xx_hal_tim.o(.text)
    TIM_DMAError                             0x08005121   Thumb Code    20  stm32f4xx_hal_tim.o(.text)
    HAL_TIM_Base_Start_DMA                   0x0800514b   Thumb Code    98  stm32f4xx_hal_tim.o(.text)
    HAL_TIM_Base_Stop_DMA                    0x080051ad   Thumb Code    62  stm32f4xx_hal_tim.o(.text)
    HAL_TIM_OC_MspInit                       0x080051eb   Thumb Code     2  stm32f4xx_hal_tim.o(.text)
    HAL_TIM_OC_Init                          0x080051ed   Thumb Code    52  stm32f4xx_hal_tim.o(.text)
    HAL_TIM_OC_MspDeInit                     0x08005221   Thumb Code     2  stm32f4xx_hal_tim.o(.text)
    HAL_TIM_OC_DeInit                        0x08005223   Thumb Code    70  stm32f4xx_hal_tim.o(.text)
    TIM_CCxChannelCmd                        0x08005269   Thumb Code    28  stm32f4xx_hal_tim.o(.text)
    HAL_TIM_OC_Start                         0x08005285   Thumb Code    68  stm32f4xx_hal_tim.o(.text)
    HAL_TIM_OC_Stop                          0x080052c9   Thumb Code   170  stm32f4xx_hal_tim.o(.text)
    HAL_TIM_OC_Start_IT                      0x08005373   Thumb Code   144  stm32f4xx_hal_tim.o(.text)
    HAL_TIM_OC_Stop_IT                       0x08005403   Thumb Code   196  stm32f4xx_hal_tim.o(.text)
    HAL_TIM_PWM_PulseFinishedCallback        0x080054c7   Thumb Code     2  stm32f4xx_hal_tim.o(.text)
    TIM_DMADelayPulseCplt                    0x080054c9   Thumb Code    70  stm32f4xx_hal_tim.o(.text)
    HAL_TIM_OC_Start_DMA                     0x0800550f   Thumb Code   312  stm32f4xx_hal_tim.o(.text)
    HAL_TIM_OC_Stop_DMA                      0x08005647   Thumb Code   202  stm32f4xx_hal_tim.o(.text)
    HAL_TIM_PWM_MspInit                      0x08005711   Thumb Code     2  stm32f4xx_hal_tim.o(.text)
    HAL_TIM_PWM_Init                         0x08005713   Thumb Code    52  stm32f4xx_hal_tim.o(.text)
    HAL_TIM_PWM_MspDeInit                    0x08005747   Thumb Code     2  stm32f4xx_hal_tim.o(.text)
    HAL_TIM_PWM_DeInit                       0x08005749   Thumb Code    70  stm32f4xx_hal_tim.o(.text)
    HAL_TIM_PWM_Start                        0x0800578f   Thumb Code    78  stm32f4xx_hal_tim.o(.text)
    HAL_TIM_PWM_Stop                         0x080057dd   Thumb Code   126  stm32f4xx_hal_tim.o(.text)
    HAL_TIM_PWM_Start_IT                     0x0800585b   Thumb Code   144  stm32f4xx_hal_tim.o(.text)
    HAL_TIM_PWM_Stop_IT                      0x080058eb   Thumb Code   196  stm32f4xx_hal_tim.o(.text)
    HAL_TIM_PWM_Start_DMA                    0x080059af   Thumb Code   312  stm32f4xx_hal_tim.o(.text)
    HAL_TIM_PWM_Stop_DMA                     0x08005ae7   Thumb Code   202  stm32f4xx_hal_tim.o(.text)
    HAL_TIM_IC_MspInit                       0x08005bb1   Thumb Code     2  stm32f4xx_hal_tim.o(.text)
    HAL_TIM_IC_Init                          0x08005bb3   Thumb Code    62  stm32f4xx_hal_tim.o(.text)
    HAL_TIM_IC_MspDeInit                     0x08005bf1   Thumb Code     2  stm32f4xx_hal_tim.o(.text)
    HAL_TIM_IC_DeInit                        0x08005bf3   Thumb Code    70  stm32f4xx_hal_tim.o(.text)
    HAL_TIM_IC_Start                         0x08005c39   Thumb Code    32  stm32f4xx_hal_tim.o(.text)
    HAL_TIM_IC_Stop                          0x08005c59   Thumb Code    58  stm32f4xx_hal_tim.o(.text)
    HAL_TIM_IC_Start_IT                      0x08005c93   Thumb Code   108  stm32f4xx_hal_tim.o(.text)
    HAL_TIM_IC_Stop_IT                       0x08005cff   Thumb Code   134  stm32f4xx_hal_tim.o(.text)
    HAL_TIM_IC_CaptureCallback               0x08005d85   Thumb Code     2  stm32f4xx_hal_tim.o(.text)
    TIM_DMACaptureCplt                       0x08005d87   Thumb Code    70  stm32f4xx_hal_tim.o(.text)
    HAL_TIM_IC_Start_DMA                     0x08005dcd   Thumb Code   276  stm32f4xx_hal_tim.o(.text)
    HAL_TIM_IC_Stop_DMA                      0x08005ee1   Thumb Code   140  stm32f4xx_hal_tim.o(.text)
    HAL_TIM_OnePulse_MspInit                 0x08005f6d   Thumb Code     2  stm32f4xx_hal_tim.o(.text)
    HAL_TIM_OnePulse_Init                    0x08005f6f   Thumb Code    76  stm32f4xx_hal_tim.o(.text)
    HAL_TIM_OnePulse_MspDeInit               0x08005fbb   Thumb Code     2  stm32f4xx_hal_tim.o(.text)
    HAL_TIM_OnePulse_DeInit                  0x08005fbd   Thumb Code    70  stm32f4xx_hal_tim.o(.text)
    HAL_TIM_OnePulse_Start                   0x08006003   Thumb Code    66  stm32f4xx_hal_tim.o(.text)
    HAL_TIM_OnePulse_Stop                    0x08006045   Thumb Code   130  stm32f4xx_hal_tim.o(.text)
    HAL_TIM_OnePulse_Start_IT                0x080060c7   Thumb Code    90  stm32f4xx_hal_tim.o(.text)
    HAL_TIM_OnePulse_Stop_IT                 0x08006121   Thumb Code   154  stm32f4xx_hal_tim.o(.text)
    HAL_TIM_Encoder_MspInit                  0x080061bb   Thumb Code     2  stm32f4xx_hal_tim.o(.text)
    HAL_TIM_Encoder_Init                     0x080061bd   Thumb Code   180  stm32f4xx_hal_tim.o(.text)
    HAL_TIM_Encoder_MspDeInit                0x08006271   Thumb Code     2  stm32f4xx_hal_tim.o(.text)
    HAL_TIM_Encoder_DeInit                   0x08006273   Thumb Code    70  stm32f4xx_hal_tim.o(.text)
    HAL_TIM_Encoder_Start                    0x080062b9   Thumb Code    78  stm32f4xx_hal_tim.o(.text)
    HAL_TIM_Encoder_Stop                     0x08006307   Thumb Code   104  stm32f4xx_hal_tim.o(.text)
    HAL_TIM_Encoder_Start_IT                 0x0800636f   Thumb Code   126  stm32f4xx_hal_tim.o(.text)
    HAL_TIM_Encoder_Stop_IT                  0x080063ed   Thumb Code   160  stm32f4xx_hal_tim.o(.text)
    HAL_TIM_Encoder_Start_DMA                0x0800648d   Thumb Code   328  stm32f4xx_hal_tim.o(.text)
    HAL_TIM_Encoder_Stop_DMA                 0x080065d5   Thumb Code   152  stm32f4xx_hal_tim.o(.text)
    HAL_TIM_TriggerCallback                  0x0800666d   Thumb Code     2  stm32f4xx_hal_tim.o(.text)
    HAL_TIM_OC_DelayElapsedCallback          0x0800666f   Thumb Code     2  stm32f4xx_hal_tim.o(.text)
    HAL_TIM_IRQHandler                       0x08006671   Thumb Code   406  stm32f4xx_hal_tim.o(.text)
    TIM_OC2_SetConfig                        0x080068d9   Thumb Code   112  stm32f4xx_hal_tim.o(.text)
    HAL_TIM_OC_ConfigChannel                 0x080069af   Thumb Code   116  stm32f4xx_hal_tim.o(.text)
    TIM_TI1_SetConfig                        0x08006add   Thumb Code   122  stm32f4xx_hal_tim.o(.text)
    HAL_TIM_IC_ConfigChannel                 0x08006b57   Thumb Code   224  stm32f4xx_hal_tim.o(.text)
    HAL_TIM_PWM_ConfigChannel                0x08006c37   Thumb Code   294  stm32f4xx_hal_tim.o(.text)
    HAL_TIM_OnePulse_ConfigChannel           0x08006d5d   Thumb Code   286  stm32f4xx_hal_tim.o(.text)
    HAL_TIM_DMABurst_WriteStart              0x08006e8f   Thumb Code   366  stm32f4xx_hal_tim.o(.text)
    HAL_TIM_DMABurst_WriteStop               0x08006ffd   Thumb Code   128  stm32f4xx_hal_tim.o(.text)
    HAL_TIM_DMABurst_ReadStart               0x0800707d   Thumb Code   366  stm32f4xx_hal_tim.o(.text)
    HAL_TIM_DMABurst_ReadStop                0x080071eb   Thumb Code   128  stm32f4xx_hal_tim.o(.text)
    HAL_TIM_GenerateEvent                    0x0800726b   Thumb Code    54  stm32f4xx_hal_tim.o(.text)
    HAL_TIM_ConfigOCrefClear                 0x080072b9   Thumb Code   252  stm32f4xx_hal_tim.o(.text)
    HAL_TIM_ConfigClockSource                0x0800741f   Thumb Code   306  stm32f4xx_hal_tim.o(.text)
    HAL_TIM_ConfigTI1Input                   0x08007551   Thumb Code    24  stm32f4xx_hal_tim.o(.text)
    HAL_TIM_SlaveConfigSynchronization       0x0800760d   Thumb Code    86  stm32f4xx_hal_tim.o(.text)
    HAL_TIM_SlaveConfigSynchronization_IT    0x08007663   Thumb Code    86  stm32f4xx_hal_tim.o(.text)
    HAL_TIM_ReadCapturedValue                0x080076b9   Thumb Code    84  stm32f4xx_hal_tim.o(.text)
    HAL_TIM_Base_GetState                    0x0800770d   Thumb Code     8  stm32f4xx_hal_tim.o(.text)
    HAL_TIM_OC_GetState                      0x08007715   Thumb Code     8  stm32f4xx_hal_tim.o(.text)
    HAL_TIM_PWM_GetState                     0x0800771d   Thumb Code     8  stm32f4xx_hal_tim.o(.text)
    HAL_TIM_IC_GetState                      0x08007725   Thumb Code     8  stm32f4xx_hal_tim.o(.text)
    HAL_TIM_OnePulse_GetState                0x0800772d   Thumb Code     8  stm32f4xx_hal_tim.o(.text)
    HAL_TIM_Encoder_GetState                 0x08007735   Thumb Code     8  stm32f4xx_hal_tim.o(.text)
    HAL_TIMEx_HallSensor_MspInit             0x0800773d   Thumb Code     2  stm32f4xx_hal_tim_ex.o(.text)
    HAL_TIMEx_HallSensor_Init                0x0800773f   Thumb Code   196  stm32f4xx_hal_tim_ex.o(.text)
    HAL_TIMEx_HallSensor_MspDeInit           0x08007803   Thumb Code     2  stm32f4xx_hal_tim_ex.o(.text)
    HAL_TIMEx_HallSensor_DeInit              0x08007805   Thumb Code    70  stm32f4xx_hal_tim_ex.o(.text)
    HAL_TIMEx_HallSensor_Start               0x0800784b   Thumb Code    30  stm32f4xx_hal_tim_ex.o(.text)
    HAL_TIMEx_HallSensor_Stop                0x08007869   Thumb Code    56  stm32f4xx_hal_tim_ex.o(.text)
    HAL_TIMEx_HallSensor_Start_IT            0x080078a1   Thumb Code    42  stm32f4xx_hal_tim_ex.o(.text)
    HAL_TIMEx_HallSensor_Stop_IT             0x080078cb   Thumb Code    68  stm32f4xx_hal_tim_ex.o(.text)
    HAL_TIMEx_HallSensor_Start_DMA           0x0800790f   Thumb Code   106  stm32f4xx_hal_tim_ex.o(.text)
    HAL_TIMEx_HallSensor_Stop_DMA            0x08007979   Thumb Code    68  stm32f4xx_hal_tim_ex.o(.text)
    HAL_TIMEx_OCN_Start                      0x080079d9   Thumb Code    44  stm32f4xx_hal_tim_ex.o(.text)
    HAL_TIMEx_OCN_Stop                       0x08007a05   Thumb Code    96  stm32f4xx_hal_tim_ex.o(.text)
    HAL_TIMEx_OCN_Start_IT                   0x08007a65   Thumb Code   132  stm32f4xx_hal_tim_ex.o(.text)
    HAL_TIMEx_OCN_Stop_IT                    0x08007ae9   Thumb Code   196  stm32f4xx_hal_tim_ex.o(.text)
    HAL_TIMEx_OCN_Start_DMA                  0x08007bad   Thumb Code   272  stm32f4xx_hal_tim_ex.o(.text)
    HAL_TIMEx_OCN_Stop_DMA                   0x08007cbd   Thumb Code   192  stm32f4xx_hal_tim_ex.o(.text)
    HAL_TIMEx_PWMN_Start                     0x08007d7d   Thumb Code    44  stm32f4xx_hal_tim_ex.o(.text)
    HAL_TIMEx_PWMN_Stop                      0x08007da9   Thumb Code    96  stm32f4xx_hal_tim_ex.o(.text)
    HAL_TIMEx_PWMN_Start_IT                  0x08007e09   Thumb Code   132  stm32f4xx_hal_tim_ex.o(.text)
    HAL_TIMEx_PWMN_Stop_IT                   0x08007e8d   Thumb Code   196  stm32f4xx_hal_tim_ex.o(.text)
    HAL_TIMEx_PWMN_Start_DMA                 0x08007f51   Thumb Code   272  stm32f4xx_hal_tim_ex.o(.text)
    HAL_TIMEx_PWMN_Stop_DMA                  0x08008061   Thumb Code   178  stm32f4xx_hal_tim_ex.o(.text)
    HAL_TIMEx_OnePulseN_Start                0x08008113   Thumb Code    32  stm32f4xx_hal_tim_ex.o(.text)
    HAL_TIMEx_OnePulseN_Stop                 0x08008133   Thumb Code    96  stm32f4xx_hal_tim_ex.o(.text)
    HAL_TIMEx_OnePulseN_Start_IT             0x08008193   Thumb Code    56  stm32f4xx_hal_tim_ex.o(.text)
    HAL_TIMEx_OnePulseN_Stop_IT              0x080081cb   Thumb Code   120  stm32f4xx_hal_tim_ex.o(.text)
    HAL_TIMEx_ConfigCommutationEvent         0x08008243   Thumb Code   110  stm32f4xx_hal_tim_ex.o(.text)
    HAL_TIMEx_ConfigCommutationEvent_IT      0x080082b1   Thumb Code   122  stm32f4xx_hal_tim_ex.o(.text)
    HAL_TIMEx_CommutationCallback            0x0800832b   Thumb Code     2  stm32f4xx_hal_tim_ex.o(.text)
    TIMEx_DMACommutationCplt                 0x0800832d   Thumb Code    20  stm32f4xx_hal_tim_ex.o(.text)
    HAL_TIMEx_ConfigCommutationEvent_DMA     0x08008341   Thumb Code   146  stm32f4xx_hal_tim_ex.o(.text)
    HAL_TIMEx_MasterConfigSynchronization    0x080083d3   Thumb Code    98  stm32f4xx_hal_tim_ex.o(.text)
    HAL_TIMEx_ConfigBreakDeadTime            0x08008435   Thumb Code    80  stm32f4xx_hal_tim_ex.o(.text)
    HAL_TIMEx_RemapConfig                    0x08008485   Thumb Code    48  stm32f4xx_hal_tim_ex.o(.text)
    HAL_TIMEx_BreakCallback                  0x080084b5   Thumb Code     2  stm32f4xx_hal_tim_ex.o(.text)
    HAL_TIMEx_HallSensor_GetState            0x080084b7   Thumb Code     8  stm32f4xx_hal_tim_ex.o(.text)
    Reset_Handler                            0x080084c5   Thumb Code     8  startup_stm32f407xx.o(.text)
    CAN1_RX0_IRQHandler                      0x080084df   Thumb Code     0  startup_stm32f407xx.o(.text)
    CAN1_RX1_IRQHandler                      0x080084df   Thumb Code     0  startup_stm32f407xx.o(.text)
    CAN1_SCE_IRQHandler                      0x080084df   Thumb Code     0  startup_stm32f407xx.o(.text)
    CAN1_TX_IRQHandler                       0x080084df   Thumb Code     0  startup_stm32f407xx.o(.text)
    CAN2_RX0_IRQHandler                      0x080084df   Thumb Code     0  startup_stm32f407xx.o(.text)
    CAN2_RX1_IRQHandler                      0x080084df   Thumb Code     0  startup_stm32f407xx.o(.text)
    CAN2_SCE_IRQHandler                      0x080084df   Thumb Code     0  startup_stm32f407xx.o(.text)
    CAN2_TX_IRQHandler                       0x080084df   Thumb Code     0  startup_stm32f407xx.o(.text)
    DCMI_IRQHandler                          0x080084df   Thumb Code     0  startup_stm32f407xx.o(.text)
    DMA1_Stream0_IRQHandler                  0x080084df   Thumb Code     0  startup_stm32f407xx.o(.text)
    DMA1_Stream1_IRQHandler                  0x080084df   Thumb Code     0  startup_stm32f407xx.o(.text)
    DMA1_Stream2_IRQHandler                  0x080084df   Thumb Code     0  startup_stm32f407xx.o(.text)
    DMA1_Stream3_IRQHandler                  0x080084df   Thumb Code     0  startup_stm32f407xx.o(.text)
    DMA1_Stream4_IRQHandler                  0x080084df   Thumb Code     0  startup_stm32f407xx.o(.text)
    DMA1_Stream5_IRQHandler                  0x080084df   Thumb Code     0  startup_stm32f407xx.o(.text)
    DMA1_Stream6_IRQHandler                  0x080084df   Thumb Code     0  startup_stm32f407xx.o(.text)
    DMA1_Stream7_IRQHandler                  0x080084df   Thumb Code     0  startup_stm32f407xx.o(.text)
    DMA2_Stream0_IRQHandler                  0x080084df   Thumb Code     0  startup_stm32f407xx.o(.text)
    DMA2_Stream1_IRQHandler                  0x080084df   Thumb Code     0  startup_stm32f407xx.o(.text)
    DMA2_Stream2_IRQHandler                  0x080084df   Thumb Code     0  startup_stm32f407xx.o(.text)
    DMA2_Stream3_IRQHandler                  0x080084df   Thumb Code     0  startup_stm32f407xx.o(.text)
    DMA2_Stream4_IRQHandler                  0x080084df   Thumb Code     0  startup_stm32f407xx.o(.text)
    DMA2_Stream5_IRQHandler                  0x080084df   Thumb Code     0  startup_stm32f407xx.o(.text)
    DMA2_Stream6_IRQHandler                  0x080084df   Thumb Code     0  startup_stm32f407xx.o(.text)
    DMA2_Stream7_IRQHandler                  0x080084df   Thumb Code     0  startup_stm32f407xx.o(.text)
    ETH_IRQHandler                           0x080084df   Thumb Code     0  startup_stm32f407xx.o(.text)
    ETH_WKUP_IRQHandler                      0x080084df   Thumb Code     0  startup_stm32f407xx.o(.text)
    EXTI15_10_IRQHandler                     0x080084df   Thumb Code     0  startup_stm32f407xx.o(.text)
    EXTI1_IRQHandler                         0x080084df   Thumb Code     0  startup_stm32f407xx.o(.text)
    EXTI2_IRQHandler                         0x080084df   Thumb Code     0  startup_stm32f407xx.o(.text)
    EXTI3_IRQHandler                         0x080084df   Thumb Code     0  startup_stm32f407xx.o(.text)
    EXTI4_IRQHandler                         0x080084df   Thumb Code     0  startup_stm32f407xx.o(.text)
    EXTI9_5_IRQHandler                       0x080084df   Thumb Code     0  startup_stm32f407xx.o(.text)
    FLASH_IRQHandler                         0x080084df   Thumb Code     0  startup_stm32f407xx.o(.text)
    FMC_IRQHandler                           0x080084df   Thumb Code     0  startup_stm32f407xx.o(.text)
    FPU_IRQHandler                           0x080084df   Thumb Code     0  startup_stm32f407xx.o(.text)
    HASH_RNG_IRQHandler                      0x080084df   Thumb Code     0  startup_stm32f407xx.o(.text)
    I2C1_ER_IRQHandler                       0x080084df   Thumb Code     0  startup_stm32f407xx.o(.text)
    I2C1_EV_IRQHandler                       0x080084df   Thumb Code     0  startup_stm32f407xx.o(.text)
    I2C2_ER_IRQHandler                       0x080084df   Thumb Code     0  startup_stm32f407xx.o(.text)
    I2C2_EV_IRQHandler                       0x080084df   Thumb Code     0  startup_stm32f407xx.o(.text)
    I2C3_ER_IRQHandler                       0x080084df   Thumb Code     0  startup_stm32f407xx.o(.text)
    I2C3_EV_IRQHandler                       0x080084df   Thumb Code     0  startup_stm32f407xx.o(.text)
    OTG_FS_IRQHandler                        0x080084df   Thumb Code     0  startup_stm32f407xx.o(.text)
    OTG_FS_WKUP_IRQHandler                   0x080084df   Thumb Code     0  startup_stm32f407xx.o(.text)
    OTG_HS_EP1_IN_IRQHandler                 0x080084df   Thumb Code     0  startup_stm32f407xx.o(.text)
    OTG_HS_EP1_OUT_IRQHandler                0x080084df   Thumb Code     0  startup_stm32f407xx.o(.text)
    OTG_HS_IRQHandler                        0x080084df   Thumb Code     0  startup_stm32f407xx.o(.text)
    OTG_HS_WKUP_IRQHandler                   0x080084df   Thumb Code     0  startup_stm32f407xx.o(.text)
    PVD_IRQHandler                           0x080084df   Thumb Code     0  startup_stm32f407xx.o(.text)
    RCC_IRQHandler                           0x080084df   Thumb Code     0  startup_stm32f407xx.o(.text)
    RTC_Alarm_IRQHandler                     0x080084df   Thumb Code     0  startup_stm32f407xx.o(.text)
    RTC_WKUP_IRQHandler                      0x080084df   Thumb Code     0  startup_stm32f407xx.o(.text)
    SDIO_IRQHandler                          0x080084df   Thumb Code     0  startup_stm32f407xx.o(.text)
    SPI1_IRQHandler                          0x080084df   Thumb Code     0  startup_stm32f407xx.o(.text)
    SPI2_IRQHandler                          0x080084df   Thumb Code     0  startup_stm32f407xx.o(.text)
    SPI3_IRQHandler                          0x080084df   Thumb Code     0  startup_stm32f407xx.o(.text)
    TAMP_STAMP_IRQHandler                    0x080084df   Thumb Code     0  startup_stm32f407xx.o(.text)
    TIM1_BRK_TIM9_IRQHandler                 0x080084df   Thumb Code     0  startup_stm32f407xx.o(.text)
    TIM1_CC_IRQHandler                       0x080084df   Thumb Code     0  startup_stm32f407xx.o(.text)
    TIM1_TRG_COM_TIM11_IRQHandler            0x080084df   Thumb Code     0  startup_stm32f407xx.o(.text)
    TIM1_UP_TIM10_IRQHandler                 0x080084df   Thumb Code     0  startup_stm32f407xx.o(.text)
    TIM2_IRQHandler                          0x080084df   Thumb Code     0  startup_stm32f407xx.o(.text)
    TIM3_IRQHandler                          0x080084df   Thumb Code     0  startup_stm32f407xx.o(.text)
    TIM5_IRQHandler                          0x080084df   Thumb Code     0  startup_stm32f407xx.o(.text)
    TIM6_DAC_IRQHandler                      0x080084df   Thumb Code     0  startup_stm32f407xx.o(.text)
    TIM7_IRQHandler                          0x080084df   Thumb Code     0  startup_stm32f407xx.o(.text)
    TIM8_BRK_TIM12_IRQHandler                0x080084df   Thumb Code     0  startup_stm32f407xx.o(.text)
    TIM8_CC_IRQHandler                       0x080084df   Thumb Code     0  startup_stm32f407xx.o(.text)
    TIM8_TRG_COM_TIM14_IRQHandler            0x080084df   Thumb Code     0  startup_stm32f407xx.o(.text)
    TIM8_UP_TIM13_IRQHandler                 0x080084df   Thumb Code     0  startup_stm32f407xx.o(.text)
    UART4_IRQHandler                         0x080084df   Thumb Code     0  startup_stm32f407xx.o(.text)
    UART5_IRQHandler                         0x080084df   Thumb Code     0  startup_stm32f407xx.o(.text)
    USART1_IRQHandler                        0x080084df   Thumb Code     0  startup_stm32f407xx.o(.text)
    USART2_IRQHandler                        0x080084df   Thumb Code     0  startup_stm32f407xx.o(.text)
    USART3_IRQHandler                        0x080084df   Thumb Code     0  startup_stm32f407xx.o(.text)
    USART6_IRQHandler                        0x080084df   Thumb Code     0  startup_stm32f407xx.o(.text)
    WWDG_IRQHandler                          0x080084df   Thumb Code     0  startup_stm32f407xx.o(.text)
    SystemInit                               0x080084e9   Thumb Code    82  system_stm32f4xx_1.o(.text)
    SystemCoreClockUpdate                    0x0800853b   Thumb Code   174  system_stm32f4xx_1.o(.text)
    __aeabi_memcpy                           0x08008609   Thumb Code    36  memcpya.o(.text)
    __aeabi_memcpy4                          0x08008609   Thumb Code     0  memcpya.o(.text)
    __aeabi_memcpy8                          0x08008609   Thumb Code     0  memcpya.o(.text)
    __aeabi_f2d                              0x0800862d   Thumb Code    38  f2d.o(.text)
    __aeabi_cdcmpeq                          0x08008655   Thumb Code     0  cdcmple.o(.text)
    __aeabi_cdcmple                          0x08008655   Thumb Code    48  cdcmple.o(.text)
    __aeabi_cdrcmple                         0x08008685   Thumb Code    48  cdrcmple.o(.text)
    __aeabi_uidiv                            0x080086b5   Thumb Code     0  uidiv.o(.text)
    __aeabi_uidivmod                         0x080086b5   Thumb Code    44  uidiv.o(.text)
    __I$use$fp                               0x080086e1   Thumb Code     0  iusefp.o(.text)
    __scatterload                            0x080086e1   Thumb Code    28  init.o(.text)
    __scatterload_rt2                        0x080086e1   Thumb Code     0  init.o(.text)
    SVC_Count                                0x08008704   Data           4  svc_table.o(SVC_TABLE)
    SVC_Table                                0x08008708   Data           0  svc_table.o(SVC_TABLE)
    __0printf$1                              0x08008709   Thumb Code    22  printf1.o(i.__0printf$1)
    __1printf$1                              0x08008709   Thumb Code     0  printf1.o(i.__0printf$1)
    __2printf                                0x08008709   Thumb Code     0  printf1.o(i.__0printf$1)
    __ARM_fpclassifyf                        0x08008729   Thumb Code    38  fpclassifyf.o(i.__ARM_fpclassifyf)
    __hardfp_atan2f                          0x08008751   Thumb Code   502  atan2f.o(i.__hardfp_atan2f)
    __hardfp_sqrtf                           0x080089a1   Thumb Code    58  sqrtf.o(i.__hardfp_sqrtf)
    __mathlib_flt_infnan2                    0x080089db   Thumb Code     6  funder.o(i.__mathlib_flt_infnan2)
    __mathlib_flt_underflow                  0x080089e1   Thumb Code    10  funder.o(i.__mathlib_flt_underflow)
    __scatterload_copy                       0x080089f1   Thumb Code    14  handlers.o(i.__scatterload_copy)
    __scatterload_null                       0x080089ff   Thumb Code     2  handlers.o(i.__scatterload_null)
    __scatterload_zeroinit                   0x08008a01   Thumb Code    14  handlers.o(i.__scatterload_zeroinit)
    __set_errno                              0x08008a11   Thumb Code     6  errno.o(i.__set_errno)
    _init_box                                0x08008a1d   Thumb Code    70  rt_membox.o(i._init_box)
    dbg_init                                 0x08008bb9   Thumb Code    34  hal_cm.o(i.dbg_init)
    dbg_task_notify                          0x08008be9   Thumb Code    32  hal_cm.o(i.dbg_task_notify)
    dbg_task_switch                          0x08008c09   Thumb Code    16  hal_cm.o(i.dbg_task_switch)
    isrMessageGet                            0x08008c19   Thumb Code    42  rt_cmsis.o(i.isrMessageGet)
    isrMessagePut                            0x08008c43   Thumb Code    44  rt_cmsis.o(i.isrMessagePut)
    isrSignalSet                             0x08008c6f   Thumb Code    36  rt_cmsis.o(i.isrSignalSet)
    isr_evt_set                              0x08008c95   Thumb Code    34  rt_event.o(i.isr_evt_set)
    isr_mbx_receive                          0x08008cbd   Thumb Code    82  rt_mailbox.o(i.isr_mbx_receive)
    isr_mbx_send                             0x08008d0f   Thumb Code    14  rt_mailbox.o(i.isr_mbx_send)
    osKernelInitialize                       0x08008d1d   Thumb Code    30  rt_cmsis.o(i.osKernelInitialize)
    osKernelStart                            0x08008d41   Thumb Code    98  rt_cmsis.o(i.osKernelStart)
    osMessageGet                             0x08008dad   Thumb Code    18  rt_cmsis.o(i.osMessageGet)
    osMutexCreate                            0x08008dc5   Thumb Code    38  rt_cmsis.o(i.osMutexCreate)
    osSignalSet                              0x08008df5   Thumb Code    18  rt_cmsis.o(i.osSignalSet)
    osSignalWait                             0x08008e0d   Thumb Code    18  rt_cmsis.o(i.osSignalWait)
    osThreadCreate                           0x08008e25   Thumb Code    38  rt_cmsis.o(i.osThreadCreate)
    osThreadExit                             0x08008e55   Thumb Code    14  rt_cmsis.o(i.osThreadExit)
    osTimerCall                              0x08008e6d   Thumb Code     8  rt_cmsis.o(i.osTimerCall)
    osTimerThread                            0x08008e79   Thumb Code    38  rt_cmsis.o(i.osTimerThread)
    os_tick_init                             0x08008ea5   Thumb Code    32  rt_system.o(i.os_tick_init)
    os_tick_irqack                           0x08008ecd   Thumb Code     2  rt_system.o(i.os_tick_irqack)
    rt_alloc_box                             0x08008ecf   Thumb Code    26  rt_membox.o(i.rt_alloc_box)
    rt_alloc_mem                             0x08008ee9   Thumb Code    62  rt_memory.o(i.rt_alloc_mem)
    rt_block                                 0x08008f29   Thumb Code    48  rt_task.o(i.rt_block)
    rt_chk_robin                             0x08008f61   Thumb Code    60  rt_robin.o(i.rt_chk_robin)
    rt_dec_dly                               0x08008fa9   Thumb Code   102  rt_list.o(i.rt_dec_dly)
    rt_dispatch                              0x08009019   Thumb Code    60  rt_task.o(i.rt_dispatch)
    rt_evt_psh                               0x0800905d   Thumb Code    76  rt_event.o(i.rt_evt_psh)
    rt_evt_set                               0x080090ad   Thumb Code    88  rt_event.o(i.rt_evt_set)
    rt_evt_wait                              0x08009109   Thumb Code    56  rt_event.o(i.rt_evt_wait)
    rt_free_box                              0x08009145   Thumb Code    44  rt_membox.o(i.rt_free_box)
    rt_free_mem                              0x08009171   Thumb Code    40  rt_memory.o(i.rt_free_mem)
    rt_get_first                             0x08009199   Thumb Code    40  rt_list.o(i.rt_get_first)
    rt_init_mem                              0x08009211   Thumb Code    26  rt_memory.o(i.rt_init_mem)
    rt_init_robin                            0x0800922d   Thumb Code    14  rt_robin.o(i.rt_init_robin)
    rt_init_stack                            0x08009245   Thumb Code   118  hal_cm.o(i.rt_init_stack)
    rt_mbx_check                             0x080092c5   Thumb Code     8  rt_mailbox.o(i.rt_mbx_check)
    rt_mbx_init                              0x080092cd   Thumb Code    26  rt_mailbox.o(i.rt_mbx_init)
    rt_mbx_psh                               0x080092e9   Thumb Code   236  rt_mailbox.o(i.rt_mbx_psh)
    rt_mbx_wait                              0x080093d9   Thumb Code   174  rt_mailbox.o(i.rt_mbx_wait)
    rt_mut_init                              0x080094d1   Thumb Code    16  rt_mutex.o(i.rt_mut_init)
    rt_pop_req                               0x080094e1   Thumb Code   112  rt_system.o(i.rt_pop_req)
    rt_psh_req                               0x0800955d   Thumb Code    22  rt_system.o(i.rt_psh_req)
    rt_psq_enq                               0x0800957d   Thumb Code    88  rt_list.o(i.rt_psq_enq)
    rt_put_dly                               0x080095d9   Thumb Code    68  rt_list.o(i.rt_put_dly)
    rt_put_prio                              0x08009621   Thumb Code    54  rt_list.o(i.rt_put_prio)
    rt_put_rdy_first                         0x08009659   Thumb Code    14  rt_list.o(i.rt_put_rdy_first)
    rt_resort_prio                           0x0800966d   Thumb Code    46  rt_list.o(i.rt_resort_prio)
    rt_ret_val                               0x080096b1   Thumb Code    12  hal_cm.o(i.rt_ret_val)
    rt_ret_val2                              0x080096bd   Thumb Code    16  hal_cm.o(i.rt_ret_val2)
    rt_rmv_dly                               0x080096cd   Thumb Code    40  rt_list.o(i.rt_rmv_dly)
    rt_rmv_list                              0x080096f5   Thumb Code    44  rt_list.o(i.rt_rmv_list)
    rt_sem_psh                               0x08009725   Thumb Code    48  rt_semaphore.o(i.rt_sem_psh)
    rt_stk_check                             0x08009759   Thumb Code    28  rt_system.o(i.rt_stk_check)
    rt_switch_req                            0x0800977d   Thumb Code    30  rt_task.o(i.rt_switch_req)
    rt_sys_init                              0x080097a5   Thumb Code   138  rt_task.o(i.rt_sys_init)
    rt_sys_start                             0x08009871   Thumb Code   110  rt_task.o(i.rt_sys_start)
    rt_systick                               0x080098e9   Thumb Code    50  rt_system.o(i.rt_systick)
    rt_tsk_create                            0x08009971   Thumb Code   118  rt_task.o(i.rt_tsk_create)
    rt_tsk_delete                            0x080099f9   Thumb Code   352  rt_task.o(i.rt_tsk_delete)
    rt_tsk_prio                              0x08009b75   Thumb Code   108  rt_task.o(i.rt_tsk_prio)
    rt_tsk_self                              0x08009bf1   Thumb Code    12  rt_task.o(i.rt_tsk_self)
    svcKernelInitialize                      0x08009c01   Thumb Code    80  rt_cmsis.o(i.svcKernelInitialize)
    svcKernelStart                           0x08009c71   Thumb Code    62  rt_cmsis.o(i.svcKernelStart)
    svcMessageCreate                         0x08009cb9   Thumb Code    36  rt_cmsis.o(i.svcMessageCreate)
    svcMessageGet                            0x08009cdd   Thumb Code    58  rt_cmsis.o(i.svcMessageGet)
    svcMutexCreate                           0x08009d17   Thumb Code    28  rt_cmsis.o(i.svcMutexCreate)
    svcSignalSet                             0x08009d33   Thumb Code    36  rt_cmsis.o(i.svcSignalSet)
    svcSignalWait                            0x08009d59   Thumb Code    80  rt_cmsis.o(i.svcSignalWait)
    svcThreadCreate                          0x08009dad   Thumb Code   100  rt_cmsis.o(i.svcThreadCreate)
    svcThreadGetId                           0x08009e1d   Thumb Code    22  rt_cmsis.o(i.svcThreadGetId)
    svcThreadTerminate                       0x08009e39   Thumb Code    50  rt_cmsis.o(i.svcThreadTerminate)
    svcTimerCall                             0x08009e71   Thumb Code    24  rt_cmsis.o(i.svcTimerCall)
    sysTimerTick                             0x08009e89   Thumb Code    84  rt_cmsis.o(i.sysTimerTick)
    Kalmanfilter_asm                         0x08009ee5   Thumb Code     0  kalmanfilter_asm.o(text)
    os_thread_def_Thread_ACCELEROMETER       0x08009f64   Data          16  accelerometer.o(.constdata)
    os_mutex_def_accel_mutex                 0x08009f74   Data           4  accelerometer.o(.constdata)
    os_thread_def_Thread_TEMPERATURE         0x08009fd0   Data          16  temperature.o(.constdata)
    os_maxtaskrun                            0x08009ff4   Data           2  rtx_conf_cm.o(.constdata)
    os_stackinfo                             0x08009ff8   Data           4  rtx_conf_cm.o(.constdata)
    os_rrobin                                0x08009ffc   Data           4  rtx_conf_cm.o(.constdata)
    os_tickfreq                              0x0800a000   Data           4  rtx_conf_cm.o(.constdata)
    os_tickus_i                              0x0800a004   Data           2  rtx_conf_cm.o(.constdata)
    os_tickus_f                              0x0800a006   Data           2  rtx_conf_cm.o(.constdata)
    os_trv                                   0x0800a008   Data           4  rtx_conf_cm.o(.constdata)
    os_flags                                 0x0800a00c   Data           1  rtx_conf_cm.o(.constdata)
    CMSIS_RTOS_API_Version                   0x0800a010   Data           4  rtx_conf_cm.o(.constdata)
    CMSIS_RTOS_RTX_Version                   0x0800a014   Data           4  rtx_conf_cm.o(.constdata)
    os_clockrate                             0x0800a018   Data           4  rtx_conf_cm.o(.constdata)
    os_timernum                              0x0800a01c   Data           4  rtx_conf_cm.o(.constdata)
    mp_tcb_size                              0x0800a020   Data           2  rtx_conf_cm.o(.constdata)
    mp_stk_size                              0x0800a024   Data           4  rtx_conf_cm.o(.constdata)
    os_stack_sz                              0x0800a028   Data           4  rtx_conf_cm.o(.constdata)
    os_fifo_size                             0x0800a02c   Data           1  rtx_conf_cm.o(.constdata)
    os_thread_def_osTimerThread              0x0800a030   Data          16  rtx_conf_cm.o(.constdata)
    os_messageQ_def_osTimerMessageQ          0x0800a040   Data           8  rtx_conf_cm.o(.constdata)
    mp_tmr_size                              0x0800a048   Data           2  rtx_conf_cm.o(.constdata)
    APBAHBPrescTable                         0x0800a052   Data          16  stm32f4xx_hal_rcc.o(.constdata)
    AHBPrescTable                            0x0800a062   Data          16  system_stm32f4xx_1.o(.constdata)
    Region$$Table$$Base                      0x0800a074   Number         0  anon$$obj.o(Region$$Table)
    Region$$Table$$Limit                     0x0800a094   Number         0  anon$$obj.o(Region$$Table)
    tid_Thread_ACCELEROMETER                 0x20000000   Data           4  accelerometer.o(.data)
    accel_mutex                              0x20000004   Data           4  accelerometer.o(.data)
    tid_Thread_TEMPERATURE                   0x20000018   Data           4  temperature.o(.data)
    LIS3DSHTimeout                           0x2000001c   Data           4  lis3dsh.o(.data)
    osThreadId_osTimerThread                 0x20000020   Data           4  rtx_conf_cm.o(.data)
    osMessageQId_osTimerMessageQ             0x20000024   Data           4  rtx_conf_cm.o(.data)
    os_tmr                                   0x20000028   Data           4  rtx_conf_cm.o(.data)
    m_tmr                                    0x2000002c   Data           4  rtx_conf_cm.o(.data)
    os_thread_def_main                       0x20000030   Data          16  rtx_conf_cm.o(.data)
    SystemCoreClock                          0x20000044   Data           4  system_stm32f4xx_1.o(.data)
    os_initialized                           0x20000048   Data           1  rt_cmsis.o(.data)
    os_running                               0x20000049   Data           1  rt_cmsis.o(.data)
    os_timer_head                            0x2000004c   Data           4  rt_cmsis.o(.data)
    os_tsk                                   0x20000050   Data           8  rt_task.o(.data)
    os_tick_irqn                             0x2000005c   Data           4  rt_system.o(.data)
    os_time                                  0x20000060   Data           4  rt_time.o(.data)
    dbg_msg                                  0x20000064   Data           1  hal_cm.o(.data)
    os_robin                                 0x20000068   Data           8  rt_robin.o(.data)
    __stdout                                 0x20000070   Data           4  stdout.o(.data)
    timmy4                                   0x20000078   Data          60  hardware_timer.o(.bss)
    os_mutex_cb_accel_mutex                  0x200000b4   Data          16  accelerometer.o(.bss)
    ADC1_handle                              0x200000c4   Data          68  temperature.o(.bss)
    SpiHandle                                0x20000108   Data          88  lis3dsh.o(.bss)
    mp_tcb                                   0x20000160   Data         376  rtx_conf_cm.o(.bss)
    mp_stk                                   0x200002d8   Data        4816  rtx_conf_cm.o(.bss)
    os_stack_mem                             0x200015a8   Data        1256  rtx_conf_cm.o(.bss)
    os_fifo                                  0x20001a90   Data         132  rtx_conf_cm.o(.bss)
    os_active_TCB                            0x20001b14   Data          28  rtx_conf_cm.o(.bss)
    os_messageQ_q_osTimerMessageQ            0x20001b30   Data          32  rtx_conf_cm.o(.bss)
    os_idle_TCB                              0x20001b50   Data          52  rt_task.o(.bss)
    os_rdy                                   0x20001b84   Data          24  rt_list.o(.bss)
    os_dly                                   0x20001b9c   Data          24  rt_list.o(.bss)
    __initial_sp                             0x20001fb8   Data           0  startup_stm32f407xx.o(STACK)



==============================================================================

Memory Map of the image

  Image Entry point : 0x08000189

  Load Region LR_IROM1 (Base: 0x08000000, Size: 0x0000a10c, Max: 0x00100000, ABSOLUTE)

    Execution Region ER_IROM1 (Base: 0x08000000, Size: 0x0000a094, Max: 0x00100000, ABSOLUTE)

    Base Addr    Size         Type   Attr      Idx    E Section Name        Object

    0x08000000   0x00000188   Data   RO          891    RESET               startup_stm32f407xx.o
    0x08000188   0x00000000   Code   RO         2170  * .ARM.Collect$$$$00000000  mc_w.l(entry.o)
    0x08000188   0x00000004   Code   RO         2462    .ARM.Collect$$$$00000001  mc_w.l(entry2.o)
    0x0800018c   0x00000004   Code   RO         2465    .ARM.Collect$$$$00000004  mc_w.l(entry5.o)
    0x08000190   0x00000000   Code   RO         2467    .ARM.Collect$$$$00000008  mc_w.l(entry7b.o)
    0x08000190   0x00000000   Code   RO         2469    .ARM.Collect$$$$0000000A  mc_w.l(entry8b.o)
    0x08000190   0x00000000   Code   RO         2470    .ARM.Collect$$$$0000000D  mc_w.l(entry10a.o)
    0x08000190   0x00000000   Code   RO         2472    .ARM.Collect$$$$0000000F  mc_w.l(entry11a.o)
    0x08000190   0x00000018   Code   RO          463    .ARM.Collect$$$$000000FF  rtx_conf_cm.o
    0x080001a8   0x00000004   Code   RO         2463    .ARM.Collect$$$$00002712  mc_w.l(entry2.o)
    0x080001ac   0x00000198   Code   RO         2133    .emb_text           RTX_CM4.lib(hal_cm4.o)
    0x08000344   0x000000c4   Code   RO            4    .text               main.o
    0x08000408   0x0000008c   Code   RO          199    .text               hardware_timer.o
    0x08000494   0x000003bc   Code   RO          226    .text               accelerometer.o
    0x08000850   0x00000020   Code   RO          265    .text               exti_handler_cb.o
    0x08000870   0x00000038   Code   RO          292    .text               fput_debug.o
    0x080008a8   0x0000003c   Code   RO          320    .text               stm32f4xx_it.o
    0x080008e4   0x0000018c   Code   RO          351    .text               temperature.o
    0x08000a70   0x000000f8   Code   RO          386    .text               spi_mspinit.o
    0x08000b68   0x00000002   Code   RO          411    .text               nucleo_spi.o
    0x08000b6a   0x00000002   PAD
    0x08000b6c   0x00000450   Code   RO          438    .text               lis3dsh.o
    0x08000fbc   0x00000026   Code   RO          464    .text               rtx_conf_cm.o
    0x08000fe2   0x00000002   PAD
    0x08000fe4   0x000001b0   Code   RO          498    .text               stm32f4xx_hal.o
    0x08001194   0x0000099c   Code   RO          524    .text               stm32f4xx_hal_adc.o
    0x08001b30   0x00000720   Code   RO          548    .text               stm32f4xx_hal_adc_ex.o
    0x08002250   0x00000324   Code   RO          572    .text               stm32f4xx_hal_cortex.o
    0x08002574   0x00000618   Code   RO          600    .text               stm32f4xx_hal_dma.o
    0x08002b8c   0x000003cc   Code   RO          649    .text               stm32f4xx_hal_gpio.o
    0x08002f58   0x00000a4c   Code   RO          721    .text               stm32f4xx_hal_rcc.o
    0x080039a4   0x00001598   Code   RO          772    .text               stm32f4xx_hal_spi.o
    0x08004f3c   0x00002800   Code   RO          796    .text               stm32f4xx_hal_tim.o
    0x0800773c   0x00000d88   Code   RO          820    .text               stm32f4xx_hal_tim_ex.o
    0x080084c4   0x00000024   Code   RO          892    .text               startup_stm32f407xx.o
    0x080084e8   0x00000120   Code   RO          899    .text               system_stm32f4xx_1.o
    0x08008608   0x00000024   Code   RO         2175    .text               mc_w.l(memcpya.o)
    0x0800862c   0x00000026   Code   RO         2440    .text               mf_w.l(f2d.o)
    0x08008652   0x00000002   PAD
    0x08008654   0x00000030   Code   RO         2442    .text               mf_w.l(cdcmple.o)
    0x08008684   0x00000030   Code   RO         2444    .text               mf_w.l(cdrcmple.o)
    0x080086b4   0x0000002c   Code   RO         2475    .text               mc_w.l(uidiv.o)
    0x080086e0   0x00000000   Code   RO         2488    .text               mc_w.l(iusefp.o)
    0x080086e0   0x00000024   Code   RO         2497    .text               mc_w.l(init.o)
    0x08008704   0x00000004   Code   RO         2143    SVC_TABLE           RTX_CM4.lib(svc_table.o)
    0x08008708   0x00000020   Code   RO         2224    i.__0printf$1       mc_w.l(printf1.o)
    0x08008728   0x00000026   Code   RO         2446    i.__ARM_fpclassifyf  m_wm.l(fpclassifyf.o)
    0x0800874e   0x00000002   PAD
    0x08008750   0x00000250   Code   RO         2146    i.__hardfp_atan2f   m_wm.l(atan2f.o)
    0x080089a0   0x0000003a   Code   RO         2158    i.__hardfp_sqrtf    m_wm.l(sqrtf.o)
    0x080089da   0x00000006   Code   RO         2450    i.__mathlib_flt_infnan2  m_wm.l(funder.o)
    0x080089e0   0x00000010   Code   RO         2454    i.__mathlib_flt_underflow  m_wm.l(funder.o)
    0x080089f0   0x0000000e   Code   RO         2505    i.__scatterload_copy  mc_w.l(handlers.o)
    0x080089fe   0x00000002   Code   RO         2506    i.__scatterload_null  mc_w.l(handlers.o)
    0x08008a00   0x0000000e   Code   RO         2507    i.__scatterload_zeroinit  mc_w.l(handlers.o)
    0x08008a0e   0x00000002   PAD
    0x08008a10   0x0000000c   Code   RO         2483    i.__set_errno       mc_w.l(errno.o)
    0x08008a1c   0x00000046   Code   RO         2006    i._init_box         RTX_CM4.lib(rt_membox.o)
    0x08008a62   0x00000002   PAD
    0x08008a64   0x00000154   Code   RO         2231    i._printf_core      mc_w.l(printf1.o)
    0x08008bb8   0x00000030   Code   RO         2059    i.dbg_init          RTX_CM4.lib(hal_cm.o)
    0x08008be8   0x00000020   Code   RO         2060    i.dbg_task_notify   RTX_CM4.lib(hal_cm.o)
    0x08008c08   0x00000010   Code   RO         2061    i.dbg_task_switch   RTX_CM4.lib(hal_cm.o)
    0x08008c18   0x0000002a   Code   RO          930    i.isrMessageGet     RTX_CM4.lib(rt_cmsis.o)
    0x08008c42   0x0000002c   Code   RO          931    i.isrMessagePut     RTX_CM4.lib(rt_cmsis.o)
    0x08008c6e   0x00000024   Code   RO          933    i.isrSignalSet      RTX_CM4.lib(rt_cmsis.o)
    0x08008c92   0x00000002   PAD
    0x08008c94   0x00000028   Code   RO         1730    i.isr_evt_set       RTX_CM4.lib(rt_event.o)
    0x08008cbc   0x00000052   Code   RO         1852    i.isr_mbx_receive   RTX_CM4.lib(rt_mailbox.o)
    0x08008d0e   0x0000000e   Code   RO         1853    i.isr_mbx_send      RTX_CM4.lib(rt_mailbox.o)
    0x08008d1c   0x00000024   Code   RO          935    i.osKernelInitialize  RTX_CM4.lib(rt_cmsis.o)
    0x08008d40   0x0000006c   Code   RO          937    i.osKernelStart     RTX_CM4.lib(rt_cmsis.o)
    0x08008dac   0x00000018   Code   RO          946    i.osMessageGet      RTX_CM4.lib(rt_cmsis.o)
    0x08008dc4   0x00000030   Code   RO          948    i.osMutexCreate     RTX_CM4.lib(rt_cmsis.o)
    0x08008df4   0x00000018   Code   RO          961    i.osSignalSet       RTX_CM4.lib(rt_cmsis.o)
    0x08008e0c   0x00000018   Code   RO          962    i.osSignalWait      RTX_CM4.lib(rt_cmsis.o)
    0x08008e24   0x00000030   Code   RO          963    i.osThreadCreate    RTX_CM4.lib(rt_cmsis.o)
    0x08008e54   0x00000018   Code   RO          964    i.osThreadExit      RTX_CM4.lib(rt_cmsis.o)
    0x08008e6c   0x0000000c   Code   RO          970    i.osTimerCall       RTX_CM4.lib(rt_cmsis.o)
    0x08008e78   0x0000002c   Code   RO          975    i.osTimerThread     RTX_CM4.lib(rt_cmsis.o)
    0x08008ea4   0x00000028   Code   RO         1640    i.os_tick_init      RTX_CM4.lib(rt_system.o)
    0x08008ecc   0x00000002   Code   RO         1641    i.os_tick_irqack    RTX_CM4.lib(rt_system.o)
    0x08008ece   0x0000001a   Code   RO         2007    i.rt_alloc_box      RTX_CM4.lib(rt_membox.o)
    0x08008ee8   0x0000003e   Code   RO         2035    i.rt_alloc_mem      RTX_CM4.lib(rt_memory.o)
    0x08008f26   0x00000002   PAD
    0x08008f28   0x00000038   Code   RO         1555    i.rt_block          RTX_CM4.lib(rt_task.o)
    0x08008f60   0x00000048   Code   RO         2112    i.rt_chk_robin      RTX_CM4.lib(rt_robin.o)
    0x08008fa8   0x00000070   Code   RO         1776    i.rt_dec_dly        RTX_CM4.lib(rt_list.o)
    0x08009018   0x00000044   Code   RO         1556    i.rt_dispatch       RTX_CM4.lib(rt_task.o)
    0x0800905c   0x00000050   Code   RO         1733    i.rt_evt_psh        RTX_CM4.lib(rt_event.o)
    0x080090ac   0x0000005c   Code   RO         1734    i.rt_evt_set        RTX_CM4.lib(rt_event.o)
    0x08009108   0x0000003c   Code   RO         1735    i.rt_evt_wait       RTX_CM4.lib(rt_event.o)
    0x08009144   0x0000002c   Code   RO         2008    i.rt_free_box       RTX_CM4.lib(rt_membox.o)
    0x08009170   0x00000028   Code   RO         2036    i.rt_free_mem       RTX_CM4.lib(rt_memory.o)
    0x08009198   0x00000028   Code   RO         1777    i.rt_get_first      RTX_CM4.lib(rt_list.o)
    0x080091c0   0x00000008   Code   RO          980    i.rt_id2obj         RTX_CM4.lib(rt_cmsis.o)
    0x080091c8   0x00000048   Code   RO         1557    i.rt_init_context   RTX_CM4.lib(rt_task.o)
    0x08009210   0x0000001a   Code   RO         2037    i.rt_init_mem       RTX_CM4.lib(rt_memory.o)
    0x0800922a   0x00000002   PAD
    0x0800922c   0x00000018   Code   RO         2113    i.rt_init_robin     RTX_CM4.lib(rt_robin.o)
    0x08009244   0x00000080   Code   RO         2062    i.rt_init_stack     RTX_CM4.lib(hal_cm.o)
    0x080092c4   0x00000008   Code   RO         1854    i.rt_mbx_check      RTX_CM4.lib(rt_mailbox.o)
    0x080092cc   0x0000001a   Code   RO         1855    i.rt_mbx_init       RTX_CM4.lib(rt_mailbox.o)
    0x080092e6   0x00000002   PAD
    0x080092e8   0x000000f0   Code   RO         1856    i.rt_mbx_psh        RTX_CM4.lib(rt_mailbox.o)
    0x080093d8   0x000000b4   Code   RO         1858    i.rt_mbx_wait       RTX_CM4.lib(rt_mailbox.o)
    0x0800948c   0x00000044   Code   RO          981    i.rt_ms2tick        RTX_CM4.lib(rt_cmsis.o)
    0x080094d0   0x00000010   Code   RO         1976    i.rt_mut_init       RTX_CM4.lib(rt_mutex.o)
    0x080094e0   0x0000007c   Code   RO         1644    i.rt_pop_req        RTX_CM4.lib(rt_system.o)
    0x0800955c   0x00000020   Code   RO         1645    i.rt_psh_req        RTX_CM4.lib(rt_system.o)
    0x0800957c   0x0000005c   Code   RO         1779    i.rt_psq_enq        RTX_CM4.lib(rt_list.o)
    0x080095d8   0x00000048   Code   RO         1780    i.rt_put_dly        RTX_CM4.lib(rt_list.o)
    0x08009620   0x00000036   Code   RO         1781    i.rt_put_prio       RTX_CM4.lib(rt_list.o)
    0x08009656   0x00000002   PAD
    0x08009658   0x00000014   Code   RO         1782    i.rt_put_rdy_first  RTX_CM4.lib(rt_list.o)
    0x0800966c   0x00000034   Code   RO         1783    i.rt_resort_prio    RTX_CM4.lib(rt_list.o)
    0x080096a0   0x00000010   Code   RO         2063    i.rt_ret_regs       RTX_CM4.lib(hal_cm.o)
    0x080096b0   0x0000000c   Code   RO         2064    i.rt_ret_val        RTX_CM4.lib(hal_cm.o)
    0x080096bc   0x00000010   Code   RO         2065    i.rt_ret_val2       RTX_CM4.lib(hal_cm.o)
    0x080096cc   0x00000028   Code   RO         1784    i.rt_rmv_dly        RTX_CM4.lib(rt_list.o)
    0x080096f4   0x00000030   Code   RO         1785    i.rt_rmv_list       RTX_CM4.lib(rt_list.o)
    0x08009724   0x00000034   Code   RO         1903    i.rt_sem_psh        RTX_CM4.lib(rt_semaphore.o)
    0x08009758   0x00000024   Code   RO         1647    i.rt_stk_check      RTX_CM4.lib(rt_system.o)
    0x0800977c   0x00000028   Code   RO         1558    i.rt_switch_req     RTX_CM4.lib(rt_task.o)
    0x080097a4   0x000000cc   Code   RO         1559    i.rt_sys_init       RTX_CM4.lib(rt_task.o)
    0x08009870   0x00000078   Code   RO         1560    i.rt_sys_start      RTX_CM4.lib(rt_task.o)
    0x080098e8   0x00000040   Code   RO         1649    i.rt_systick        RTX_CM4.lib(rt_system.o)
    0x08009928   0x00000012   Code   RO          982    i.rt_tid2ptcb       RTX_CM4.lib(rt_cmsis.o)
    0x0800993a   0x00000002   PAD
    0x0800993c   0x00000034   Code   RO          983    i.rt_timer_insert   RTX_CM4.lib(rt_cmsis.o)
    0x08009970   0x00000088   Code   RO         1561    i.rt_tsk_create     RTX_CM4.lib(rt_task.o)
    0x080099f8   0x0000017c   Code   RO         1562    i.rt_tsk_delete     RTX_CM4.lib(rt_task.o)
    0x08009b74   0x0000007c   Code   RO         1564    i.rt_tsk_prio       RTX_CM4.lib(rt_task.o)
    0x08009bf0   0x00000010   Code   RO         1565    i.rt_tsk_self       RTX_CM4.lib(rt_task.o)
    0x08009c00   0x00000070   Code   RO          986    i.svcKernelInitialize  RTX_CM4.lib(rt_cmsis.o)
    0x08009c70   0x00000048   Code   RO          988    i.svcKernelStart    RTX_CM4.lib(rt_cmsis.o)
    0x08009cb8   0x00000024   Code   RO          991    i.svcMessageCreate  RTX_CM4.lib(rt_cmsis.o)
    0x08009cdc   0x0000003a   Code   RO          992    i.svcMessageGet     RTX_CM4.lib(rt_cmsis.o)
    0x08009d16   0x0000001c   Code   RO          994    i.svcMutexCreate    RTX_CM4.lib(rt_cmsis.o)
    0x08009d32   0x00000024   Code   RO         1004    i.svcSignalSet      RTX_CM4.lib(rt_cmsis.o)
    0x08009d56   0x00000002   PAD
    0x08009d58   0x00000054   Code   RO         1005    i.svcSignalWait     RTX_CM4.lib(rt_cmsis.o)
    0x08009dac   0x00000070   Code   RO         1006    i.svcThreadCreate   RTX_CM4.lib(rt_cmsis.o)
    0x08009e1c   0x0000001c   Code   RO         1007    i.svcThreadGetId    RTX_CM4.lib(rt_cmsis.o)
    0x08009e38   0x00000038   Code   RO         1010    i.svcThreadTerminate  RTX_CM4.lib(rt_cmsis.o)
    0x08009e70   0x00000018   Code   RO         1012    i.svcTimerCall      RTX_CM4.lib(rt_cmsis.o)
    0x08009e88   0x0000005c   Code   RO         1021    i.sysTimerTick      RTX_CM4.lib(rt_cmsis.o)
    0x08009ee4   0x0000007e   Code   RO          380    text                kalmanfilter_asm.o
    0x08009f62   0x00000002   PAD
    0x08009f64   0x0000006c   Data   RO          228    .constdata          accelerometer.o
    0x08009fd0   0x00000024   Data   RO          353    .constdata          temperature.o
    0x08009ff4   0x00000056   Data   RO          466    .constdata          rtx_conf_cm.o
    0x0800a04a   0x00000008   Data   RO          601    .constdata          stm32f4xx_hal_dma.o
    0x0800a052   0x00000010   Data   RO          722    .constdata          stm32f4xx_hal_rcc.o
    0x0800a062   0x00000010   Data   RO          900    .constdata          system_stm32f4xx_1.o
    0x0800a072   0x00000002   PAD
    0x0800a074   0x00000020   Data   RO         2503    Region$$Table       anon$$obj.o


    Execution Region RW_IRAM1 (Base: 0x20000000, Size: 0x00001fb8, Max: 0x00020000, ABSOLUTE)

    Base Addr    Size         Type   Attr      Idx    E Section Name        Object

    0x20000000   0x00000018   Data   RW          229    .data               accelerometer.o
    0x20000018   0x00000004   Data   RW          354    .data               temperature.o
    0x2000001c   0x00000004   Data   RW          440    .data               lis3dsh.o
    0x20000020   0x00000020   Data   RW          467    .data               rtx_conf_cm.o
    0x20000040   0x00000004   Data   RW          499    .data               stm32f4xx_hal.o
    0x20000044   0x00000004   Data   RW          901    .data               system_stm32f4xx_1.o
    0x20000048   0x00000008   Data   RW         1024    .data               RTX_CM4.lib(rt_cmsis.o)
    0x20000050   0x00000008   Data   RW         1567    .data               RTX_CM4.lib(rt_task.o)
    0x20000058   0x00000008   Data   RW         1652    .data               RTX_CM4.lib(rt_system.o)
    0x20000060   0x00000004   Data   RW         1946    .data               RTX_CM4.lib(rt_time.o)
    0x20000064   0x00000001   Data   RW         2066    .data               RTX_CM4.lib(hal_cm.o)
    0x20000065   0x00000003   PAD
    0x20000068   0x00000008   Data   RW         2114    .data               RTX_CM4.lib(rt_robin.o)
    0x20000070   0x00000004   Data   RW         2474    .data               mc_w.l(stdout.o)
    0x20000074   0x00000004   Data   RW         2484    .data               mc_w.l(errno.o)
    0x20000078   0x0000003c   Zero   RW          200    .bss                hardware_timer.o
    0x200000b4   0x00000010   Zero   RW          227    .bss                accelerometer.o
    0x200000c4   0x00000044   Zero   RW          352    .bss                temperature.o
    0x20000108   0x00000058   Zero   RW          439    .bss                lis3dsh.o
    0x20000160   0x000019f0   Zero   RW          465    .bss                rtx_conf_cm.o
    0x20001b50   0x00000034   Zero   RW         1566    .bss                RTX_CM4.lib(rt_task.o)
    0x20001b84   0x00000030   Zero   RW         1786    .bss                RTX_CM4.lib(rt_list.o)
    0x20001bb4   0x00000004   PAD
    0x20001bb8   0x00000400   Zero   RW          889    STACK               startup_stm32f407xx.o


==============================================================================

Image component sizes


      Code (inc. data)   RO Data    RW Data    ZI Data      Debug   Object Name

       956         86        108         24         16      11739   accelerometer.o
        32          6          0          0          0        593   exti_handler_cb.o
        56          4          0          0          0      27363   fput_debug.o
       140         18          0          0         60       1485   hardware_timer.o
       126          0          0          0          0        324   kalmanfilter_asm.o
      1104         82          0          4         88       4605   lis3dsh.o
       196          8          0          0          0     396884   main.o
         2          0          0          0          0        485   nucleo_spi.o
        62          6         86         32       6640       7498   rtx_conf_cm.o
       248         20          0          0          0       1259   spi_mspinit.o
        36          8        392          0       1024        896   startup_stm32f407xx.o
       432         26          0          4          0       4990   stm32f4xx_hal.o
      2460         70          0          0          0       7575   stm32f4xx_hal_adc.o
      1824         40          0          0          0       5694   stm32f4xx_hal_adc_ex.o
       804         20          0          0          0      32311   stm32f4xx_hal_cortex.o
      1560         16          8          0          0       5016   stm32f4xx_hal_dma.o
       972         50          0          0          0       3835   stm32f4xx_hal_gpio.o
      2636         66         16          0          0       5742   stm32f4xx_hal_rcc.o
      5528         54          0          0          0      13284   stm32f4xx_hal_spi.o
     10240        152          0          0          0      31026   stm32f4xx_hal_tim.o
      3464         26          0          0          0      11826   stm32f4xx_hal_tim_ex.o
        60         10          0          0          0       1475   stm32f4xx_it.o
       288         32         16          4          0       1747   system_stm32f4xx_1.o
       396         82         36          4         68       2580   temperature.o

    ----------------------------------------------------------------------
     33628        882        696         72       7896     580232   Object Totals
         0          0         32          0          0          0   (incl. Generated)
         6          0          2          0          0          0   (incl. Padding)

    ----------------------------------------------------------------------

      Code (inc. data)   RO Data    RW Data    ZI Data      Debug   Library Member Name

       268         24          0          1          0       4452   hal_cm.o
       408         34          0          0          0        816   hal_cm4.o
      1398        166          0          8          0      38641   rt_cmsis.o
       272         18          0          0          0       2810   rt_event.o
       530         34          0          0         48       8597   rt_list.o
       550         10          0          0          0       4185   rt_mailbox.o
       140          0          0          0          0       2045   rt_membox.o
       128          0          0          0          0       2419   rt_memory.o
        16          0          0          0          0        502   rt_mutex.o
        96         22          0          8          0       1230   rt_robin.o
        52          4          0          0          0        613   rt_semaphore.o
       298         52          0          8          0       6439   rt_system.o
      1216        174          0          8         52      10025   rt_task.o
         0          0          0          4          0        206   rt_time.o
         4          4          0          0          0        200   svc_table.o
       592         90          0          0          0        184   atan2f.o
        38          0          0          0          0        116   fpclassifyf.o
        22          6          0          0          0        232   funder.o
        58          0          0          0          0        136   sqrtf.o
         0          0          0          0          0          0   entry.o
         0          0          0          0          0          0   entry10a.o
         0          0          0          0          0          0   entry11a.o
         8          4          0          0          0          0   entry2.o
         4          0          0          0          0          0   entry5.o
         0          0          0          0          0          0   entry7b.o
         0          0          0          0          0          0   entry8b.o
        12          6          0          4          0         68   errno.o
        30          0          0          0          0          0   handlers.o
        36          8          0          0          0         68   init.o
         0          0          0          0          0          0   iusefp.o
        36          0          0          0          0         68   memcpya.o
       372         14          0          0          0        184   printf1.o
         0          0          0          4          0          0   stdout.o
        44          0          0          0          0         80   uidiv.o
        48          0          0          0          0         68   cdcmple.o
        48          0          0          0          0         68   cdrcmple.o
        38          0          0          0          0         68   f2d.o

    ----------------------------------------------------------------------
      6784        670          0         48        104      84520   Library Totals
        22          0          0          3          4          0   (incl. Padding)

    ----------------------------------------------------------------------

      Code (inc. data)   RO Data    RW Data    ZI Data      Debug   Library Name

      5376        542          0         37        100      83180   RTX_CM4.lib
       710         96          0          0          0        668   m_wm.l
       542         32          0          8          0        468   mc_w.l
       134          0          0          0          0        204   mf_w.l

    ----------------------------------------------------------------------
      6784        670          0         48        104      84520   Library Totals

    ----------------------------------------------------------------------

==============================================================================


      Code (inc. data)   RO Data    RW Data    ZI Data      Debug   

     40412       1552        696        120       8000     651448   Grand Totals
     40412       1552        696        120       8000     651448   ELF Image Totals
     40412       1552        696        120          0          0   ROM Totals

==============================================================================

    Total RO  Size (Code + RO Data)                41108 (  40.14kB)
    Total RW  Size (RW Data + ZI Data)              8120 (   7.93kB)
    Total ROM Size (Code + RO Data + RW Data)      41228 (  40.26kB)

==============================================================================

