Component: ARM Compiler 5.05 update 2 (build 169) Tool: armlink [4d0f33]

==============================================================================

Section Cross References

    main.o(.text) refers to stm32f4xx_hal_rcc.o(.text) for HAL_RCC_OscConfig
    main.o(.text) refers to rt_cmsis.o(i.osKernelInitialize) for osKernelInitialize
    main.o(.text) refers to stm32f4xx_hal.o(.text) for HAL_Init
    main.o(.text) refers to nucleo_spi.o(.text) for NucleoSPI_Init
    main.o(.text) refers to accelerometer.o(.text) for Accelerometer_Init
    main.o(.text) refers to temperature.o(.text) for Temperature_Init
    main.o(.text) refers to hardware_timer.o(.text) for HardwareTimer3_Init
    main.o(.text) refers to led.o(.text) for init_PWM
    main.o(.text) refers to rt_cmsis.o(i.osKernelStart) for osKernelStart
    supporting_functions.o(.text) refers to printf1.o(i.__0printf$1) for __2printf
    hardware_timer.o(.text) refers to stm32f4xx_hal_tim.o(.text) for HAL_TIM_Base_Init
    hardware_timer.o(.text) refers to stm32f4xx_hal_cortex.o(.text) for HAL_NVIC_SetPriority
    hardware_timer.o(.text) refers to rt_cmsis.o(i.osSignalSet) for osSignalSet
    hardware_timer.o(.text) refers to led.o(.text) for HAL_TIM_PWM_PulseFinishedCallback
    hardware_timer.o(.text) refers to hardware_timer.o(.bss) for timmy3
    hardware_timer.o(.text) refers to temperature.o(.data) for tid_Thread_TEMPERATURE
    accelerometer.o(.text) refers to lis3dsh.o(.text) for LIS3DSH_Init
    accelerometer.o(.text) refers to stm32f4xx_hal_cortex.o(.text) for HAL_NVIC_SetPriority
    accelerometer.o(.text) refers to memcpya.o(.text) for __aeabi_memcpy4
    accelerometer.o(.text) refers to sqrtf.o(i.__hardfp_sqrtf) for __hardfp_sqrtf
    accelerometer.o(.text) refers to atan2f.o(i.__hardfp_atan2f) for __hardfp_atan2f
    accelerometer.o(.text) refers to printf1.o(i.__0printf$1) for __2printf
    accelerometer.o(.text) refers to nucleo_spi.o(.text) for NucleoSPI_ResetDoubletap
    accelerometer.o(.text) refers to rt_cmsis.o(i.osSignalSet) for osSignalSet
    accelerometer.o(.text) refers to rt_cmsis.o(i.osThreadCreate) for osThreadCreate
    accelerometer.o(.text) refers to rt_cmsis.o(i.osMutexCreate) for osMutexCreate
    accelerometer.o(.text) refers to rt_cmsis.o(i.osTimerCreate) for osTimerCreate
    accelerometer.o(.text) refers to rt_cmsis.o(i.osSignalWait) for osSignalWait
    accelerometer.o(.text) refers to kalmanfilter_asm.o(text) for Kalmanfilter_asm
    accelerometer.o(.text) refers to accelerometer.o(.constdata) for .constdata
    accelerometer.o(.text) refers to accelerometer.o(.data) for in_a_peak
    accelerometer.o(.constdata) refers to accelerometer.o(.text) for Thread_ACCELEROMETER
    accelerometer.o(.constdata) refers to accelerometer.o(.bss) for os_timer_cb_doubletap_timer
    exti_handler_cb.o(.text) refers to rt_cmsis.o(i.osSignalSet) for osSignalSet
    exti_handler_cb.o(.text) refers to accelerometer.o(.data) for tid_Thread_ACCELEROMETER
    stm32f4xx_it.o(.text) refers to stm32f4xx_hal_gpio.o(.text) for HAL_GPIO_EXTI_IRQHandler
    stm32f4xx_it.o(.text) refers to stm32f4xx_hal_tim.o(.text) for HAL_TIM_IRQHandler
    stm32f4xx_it.o(.text) refers to stm32f4xx_hal_adc.o(.text) for HAL_ADC_IRQHandler
    stm32f4xx_it.o(.text) refers to nucleo_spi.o(.text) for NucleoSPI_RxISR
    stm32f4xx_it.o(.text) refers to hardware_timer.o(.bss) for timmy4
    stm32f4xx_it.o(.text) refers to temperature.o(.bss) for ADC1_handle
    stm32f4xx_it.o(.text) refers to nucleo_spi.o(.bss) for nucleo_SpiHandle
    temperature.o(.text) refers to memcpya.o(.text) for __aeabi_memcpy4
    temperature.o(.text) refers to rt_cmsis.o(i.osTimerCreate) for osTimerCreate
    temperature.o(.text) refers to rt_cmsis.o(i.osSignalWait) for osSignalWait
    temperature.o(.text) refers to stm32f4xx_hal_adc.o(.text) for HAL_ADC_PollForConversion
    temperature.o(.text) refers to printf1.o(i.__0printf$1) for __2printf
    temperature.o(.text) refers to kalmanfilter_asm.o(text) for Kalmanfilter_asm
    temperature.o(.text) refers to nucleo_spi.o(.text) for NucleoSPI_SetTempDataready
    temperature.o(.text) refers to rt_cmsis.o(i.osThreadCreate) for osThreadCreate
    temperature.o(.text) refers to temperature.o(.constdata) for .constdata
    temperature.o(.text) refers to temperature.o(.bss) for ADC1_handle
    temperature.o(.text) refers to temperature.o(.data) for filtered_temp
    temperature.o(.constdata) refers to temperature.o(.text) for Thread_TEMPERATURE
    temperature.o(.constdata) refers to temperature.o(.bss) for os_timer_cb_temp_dataready_timer
    spi_mspinit.o(.text) refers to stm32f4xx_hal_gpio.o(.text) for HAL_GPIO_Init
    spi_mspinit.o(.text) refers to lis3dsh.o(.bss) for SpiHandle
    spi_mspinit.o(.text) refers to nucleo_spi.o(.bss) for nucleo_SpiHandle
    nucleo_spi.o(.text) refers to stm32f4xx_hal_gpio.o(.text) for HAL_GPIO_WritePin
    nucleo_spi.o(.text) refers to accelerometer.o(.text) for Accelerometer_GetCurrentRoll
[...]
    .constdata                               0x0800aaf2   Section       16  system_stm32f4xx_1.o(.constdata)
    .data                                    0x20000000   Section       32  accelerometer.o(.data)
    filtered_roll                            0x20000008   Data           4  accelerometer.o(.data)
    filtered_pitch                           0x2000000c   Data           4  accelerometer.o(.data)
    counter                                  0x20000010   Data           4  accelerometer.o(.data)
    peaks                                    0x20000014   Data           4  accelerometer.o(.data)
    in_a_peak                                0x20000018   Data           4  accelerometer.o(.data)
    debug                                    0x2000001c   Data           4  accelerometer.o(.data)
    .data                                    0x20000020   Section        8  temperature.o(.data)
    filtered_temp                            0x20000024   Data           4  temperature.o(.data)
    .data                                    0x20000028   Section       44  led.o(.data)
    led                                      0x20000028   Data           4  led.o(.data)
    LEDS                                     0x2000002c   Data          16  led.o(.data)
    LED_STATE                                0x2000003c   Data           4  led.o(.data)
    IS_PWM_ON                                0x20000040   Data           4  led.o(.data)
    CURRENT_GPIO_MODE                        0x20000044   Data           4  led.o(.data)
    pulse                                    0x20000048   Data           4  led.o(.data)
    counter                                  0x2000004c   Data           4  led.o(.data)
    delay                                    0x20000050   Data           1  led.o(.data)
    yolo                                     0x20000052   Data           2  led.o(.data)
    .data                                    0x20000054   Section        4  lis3dsh.o(.data)
    .data                                    0x20000058   Section       32  rtx_conf_cm.o(.data)
    .data                                    0x20000078   Section        4  stm32f4xx_hal.o(.data)
    uwTick                                   0x20000078   Data           4  stm32f4xx_hal.o(.data)
    .data                                    0x2000007c   Section        4  system_stm32f4xx_1.o(.data)
    .data                                    0x20000080   Section        8  rt_cmsis.o(.data)
    .data                                    0x20000088   Section        8  rt_task.o(.data)
    .data                                    0x20000090   Section        8  rt_system.o(.data)
    os_lock                                  0x20000090   Data           1  rt_system.o(.data)
    os_psh_flag                              0x20000091   Data           1  rt_system.o(.data)
    pend_flags                               0x20000092   Data           1  rt_system.o(.data)
    .data                                    0x20000098   Section        4  rt_time.o(.data)
    .data                                    0x2000009c   Section        1  hal_cm.o(.data)
    .data                                    0x200000a0   Section        8  rt_robin.o(.data)
    .data                                    0x200000a8   Section        4  stdout.o(.data)
    .data                                    0x200000ac   Section        4  errno.o(.data)
    _errno                                   0x200000ac   Data           4  errno.o(.data)
    .bss                                     0x200000b0   Section      120  hardware_timer.o(.bss)
    .bss                                     0x20000128   Section       64  accelerometer.o(.bss)
    .bss                                     0x20000168   Section       92  temperature.o(.bss)
    .bss                                     0x200001c4   Section       88  nucleo_spi.o(.bss)
    .bss                                     0x2000021c   Section       28  led.o(.bss)
    .bss                                     0x20000238   Section       88  lis3dsh.o(.bss)
    .bss                                     0x20000290   Section     6640  rtx_conf_cm.o(.bss)
    .bss                                     0x20001c80   Section       52  rt_task.o(.bss)
    .bss                                     0x20001cb4   Section       48  rt_list.o(.bss)
    STACK                                    0x20001ce8   Section     1024  startup_stm32f407xx.o(STACK)

    Global Symbols

    Symbol Name                              Value     Ov Type        Size  Object(Section)

    BuildAttributes$$THM_ISAv4$E$P$D$K$B$S$7EM$VFPi3$EXTD16$VFPS$VFMA$PE$A:L22UL41UL21$X:L11$S22US41US21$IEEE1$IW$USESV6$~STKCKD$USESV7$~SHL$OTIME$ROPI$IEEEX$EBA8$MICROLIB$REQ8$EABIv2 0x00000000   Number         0  anon$$obj.o ABSOLUTE
    __ARM_use_no_argv                        0x00000000   Number         0  main.o ABSOLUTE
    _printf_a                                0x00000000   Number         0  stubs.o ABSOLUTE
    _printf_c                                0x00000000   Number         0  stubs.o ABSOLUTE
    _printf_charcount                        0x00000000   Number         0  stubs.o ABSOLUTE
    _printf_d                                0x00000000   Number         0  stubs.o ABSOLUTE
    _printf_e                                0x00000000   Number         0  stubs.o ABSOLUTE
    _printf_f                                0x00000000   Number         0  stubs.o ABSOLUTE
    _printf_flags                            0x00000000   Number         0  stubs.o ABSOLUTE
    _printf_fp_dec                           0x00000000   Number         0  stubs.o ABSOLUTE
    _printf_fp_hex                           0x00000000   Number         0  stubs.o ABSOLUTE
    _printf_g                                0x00000000   Number         0  stubs.o ABSOLUTE
    _printf_i                                0x00000000   Number         0  stubs.o ABSOLUTE
    _printf_int_dec                          0x00000000   Number         0  stubs.o ABSOLUTE
    _printf_l                                0x00000000   Number         0  stubs.o ABSOLUTE
    _printf_lc                               0x00000000   Number         0  stubs.o ABSOLUTE
    _printf_ll                               0x00000000   Number         0  stubs.o ABSOLUTE
    _printf_lld                              0x00000000   Number         0  stubs.o ABSOLUTE
    _printf_lli                              0x00000000   Number         0  stubs.o ABSOLUTE
    _printf_llo                              0x00000000   Number         0  stubs.o ABSOLUTE
    _printf_llu                              0x00000000   Number         0  stubs.o ABSOLUTE
    _printf_llx                              0x00000000   Number         0  stubs.o ABSOLUTE
    _printf_longlong_dec                     0x00000000   Number         0  stubs.o ABSOLUTE
    _printf_longlong_hex                     0x00000000   Number         0  stubs.o ABSOLUTE
    _printf_longlong_oct                     0x00000000   Number         0  stubs.o ABSOLUTE
    _printf_ls                               0x00000000   Number         0  stubs.o ABSOLUTE
    _printf_mbtowc                           0x00000000   Number         0  stubs.o ABSOLUTE
    _printf_n                                0x00000000   Number         0  stubs.o ABSOLUTE
    _printf_o                                0x00000000   Number         0  stubs.o ABSOLUTE
    _printf_p                                0x00000000   Number         0  stubs.o ABSOLUTE
    _printf_percent                          0x00000000   Number         0  stubs.o ABSOLUTE
    _printf_pre_padding                      0x00000000   Number         0  stubs.o ABSOLUTE
    _printf_return_value                     0x00000000   Number         0  stubs.o ABSOLUTE
    _printf_s                                0x00000000   Number         0  stubs.o ABSOLUTE
    _printf_sizespec                         0x00000000   Number         0  stubs.o ABSOLUTE
    _printf_str                              0x00000000   Number         0  stubs.o ABSOLUTE
    _printf_truncate_signed                  0x00000000   Number         0  stubs.o ABSOLUTE
    _printf_truncate_unsigned                0x00000000   Number         0  stubs.o ABSOLUTE
    _printf_u                                0x00000000   Number         0  stubs.o ABSOLUTE
    _printf_wc                               0x00000000   Number         0  stubs.o ABSOLUTE
    _printf_wctomb                           0x00000000   Number         0  stubs.o ABSOLUTE
    _printf_widthprec                        0x00000000   Number         0  stubs.o ABSOLUTE
    _printf_x                                0x00000000   Number         0  stubs.o ABSOLUTE
    __cpp_initialize__aeabi_                  - Undefined Weak Reference
    __cxa_finalize                            - Undefined Weak Reference
    __decompress                              - Undefined Weak Reference
    _clock_init                               - Undefined Weak Reference
    _microlib_exit                            - Undefined Weak Reference
    __Vectors_Size                           0x00000188   Number         0  startup_stm32f407xx.o ABSOLUTE
    __RL_RTX_VER                             0x00000480   Number         0  rt_system.o ABSOLUTE
    __Vectors                                0x08000000   Data           4  startup_stm32f407xx.o(RESET)
    __Vectors_End                            0x08000188   Data           0  startup_stm32f407xx.o(RESET)
    __main                                   0x08000189   Thumb Code     0  entry.o(.ARM.Collect$$$$00000000)
    _main_stk                                0x08000189   Thumb Code     0  entry2.o(.ARM.Collect$$$$00000001)
    _main_scatterload                        0x0800018d   Thumb Code     0  entry5.o(.ARM.Collect$$$$00000004)
    __main_after_scatterload                 0x08000191   Thumb Code     0  entry5.o(.ARM.Collect$$$$00000004)
    __rt_final_cpp                           0x08000191   Thumb Code     0  entry10a.o(.ARM.Collect$$$$0000000D)
    __rt_final_exit                          0x08000191   Thumb Code     0  entry11a.o(.ARM.Collect$$$$0000000F)
    _main_clock                              0x08000191   Thumb Code     0  entry7b.o(.ARM.Collect$$$$00000008)
    _main_cpp_init                           0x08000191   Thumb Code     0  entry8b.o(.ARM.Collect$$$$0000000A)
    _main_init                               0x08000191   Thumb Code    18  rtx_conf_cm.o(.ARM.Collect$$$$000000FF)
    rt_set_PSP                               0x080001ad   Thumb Code     6  hal_cm4.o(.emb_text)
    rt_get_PSP                               0x080001b3   Thumb Code     6  hal_cm4.o(.emb_text)
    os_set_env                               0x080001b9   Thumb Code    24  hal_cm4.o(.emb_text)
    _alloc_box                               0x080001d5   Thumb Code    28  hal_cm4.o(.emb_text)
    _free_box                                0x080001f5   Thumb Code    28  hal_cm4.o(.emb_text)
    SVC_Handler                              0x08000215   Thumb Code   168  hal_cm4.o(.emb_text)
    PendSV_Handler                           0x080002cd   Thumb Code    96  hal_cm4.o(.emb_text)
    SysTick_Handler                          0x08000331   Thumb Code     8  hal_cm4.o(.emb_text)
    OS_Tick_Handler                          0x08000339   Thumb Code    12  hal_cm4.o(.emb_text)
    SystemClock_Config                       0x08000345   Thumb Code   142  main.o(.text)
    main                                     0x080003d3   Thumb Code    58  main.o(.text)
    HardwareTimer3_Init                      0x08000415   Thumb Code    98  hardware_timer.o(.text)
    HAL_TIM_PeriodElapsedCallback            0x08000477   Thumb Code    40  hardware_timer.o(.text)
    HardwareTimer4_Init                      0x0800049f   Thumb Code    90  hardware_timer.o(.text)
    Accelerometer_Init                       0x08000511   Thumb Code    84  accelerometer.o(.text)
    ACCELEROMETER_Callback                   0x080007a1   Thumb Code    14  accelerometer.o(.text)
    start_Thread_ACCELEROMETER               0x080007af   Thumb Code    40  accelerometer.o(.text)
    Thread_ACCELEROMETER                     0x080007d7   Thumb Code   202  accelerometer.o(.text)
    Accelerometer_GetCurrentRoll             0x080008a1   Thumb Code     8  accelerometer.o(.text)
    Accelerometer_GetCurrentPitch            0x080008a9   Thumb Code     8  accelerometer.o(.text)
    HAL_GPIO_EXTI_Callback                   0x08000909   Thumb Code    26  exti_handler_cb.o(.text)
    fputc                                    0x08000929   Thumb Code    52  fput_debug.o(.text)
    NMI_Handler                              0x08000961   Thumb Code     2  stm32f4xx_it.o(.text)
    HardFault_Handler                        0x08000963   Thumb Code     4  stm32f4xx_it.o(.text)
    MemManage_Handler                        0x08000967   Thumb Code     4  stm32f4xx_it.o(.text)
    BusFault_Handler                         0x0800096b   Thumb Code     4  stm32f4xx_it.o(.text)
    UsageFault_Handler                       0x0800096f   Thumb Code     4  stm32f4xx_it.o(.text)
    DebugMon_Handler                         0x08000973   Thumb Code     2  stm32f4xx_it.o(.text)
    EXTI0_IRQHandler                         0x08000975   Thumb Code    10  stm32f4xx_it.o(.text)
    TIM4_IRQHandler                          0x0800097f   Thumb Code    10  stm32f4xx_it.o(.text)
    TIM3_IRQHandler                          0x08000989   Thumb Code    10  stm32f4xx_it.o(.text)
    ADC_IRQHandler                           0x08000993   Thumb Code    10  stm32f4xx_it.o(.text)
    SPI2_IRQHandler                          0x0800099d   Thumb Code    10  stm32f4xx_it.o(.text)
    Thread_TEMPERATURE                       0x080009b9   Thumb Code   160  temperature.o(.text)
    start_Thread_TEMPERATURE                 0x08000a63   Thumb Code    30  temperature.o(.text)
    initialize_ADC                           0x08000a81   Thumb Code    92  temperature.o(.text)
    HAL_ADC_MspInit                          0x08000add   Thumb Code    36  temperature.o(.text)
    Temperature_Init                         0x08000b01   Thumb Code     8  temperature.o(.text)
    Temperature_GetCurrentTemp               0x08000b09   Thumb Code     8  temperature.o(.text)
    HAL_SPI_MspInit                          0x08000b69   Thumb Code   424  spi_mspinit.o(.text)
    NucleoSPI_ResetTempDataready             0x08000d31   Thumb Code    14  nucleo_spi.o(.text)
    NucleoSPI_ResetAccelDataready            0x08000d3f   Thumb Code    16  nucleo_spi.o(.text)
    NucleoSPI_ReadShortValue                 0x08000d4f   Thumb Code   140  nucleo_spi.o(.text)
    NucleoSPI_SendFloat                      0x08000ddb   Thumb Code   244  nucleo_spi.o(.text)
    NucleoSPI_RxISR                          0x08000ecf   Thumb Code   298  nucleo_spi.o(.text)
    NucleoSPI_Init                           0x08000ff9   Thumb Code   162  nucleo_spi.o(.text)
    NucleoSPI_SetAccelDataready              0x0800109b   Thumb Code    26  nucleo_spi.o(.text)
    NucleoSPI_SetTempDataready               0x080010b5   Thumb Code    26  nucleo_spi.o(.text)
    NucleoSPI_SetDoubletap                   0x080010cf   Thumb Code    26  nucleo_spi.o(.text)
    NucleoSPI_ResetDoubletap                 0x080010e9   Thumb Code    14  nucleo_spi.o(.text)
    toggle_PWM_flag                          0x08001139   Thumb Code    24  led.o(.text)
    toggle_GPIO_mode_flag                    0x08001151   Thumb Code    22  led.o(.text)
    set_LED_state                            0x08001167   Thumb Code     6  led.o(.text)
    LED_set_duty_cycle                       0x0800116d   Thumb Code    74  led.o(.text)
    LED_ON_PWM                               0x080011b7   Thumb Code    46  led.o(.text)
    LED_OFF_PWM                              0x080011e5   Thumb Code    46  led.o(.text)
    LED_OFF                                  0x08001213   Thumb Code    14  led.o(.text)
    LED_CCW                                  0x08001221   Thumb Code    50  led.o(.text)
    LED_CW                                   0x08001253   Thumb Code    50  led.o(.text)
    LED_ON                                   0x08001285   Thumb Code    14  led.o(.text)
    init_PWM                                 0x08001293   Thumb Code    76  led.o(.text)
    init_GPIO_PWM                            0x080012df   Thumb Code    70  led.o(.text)
    init_GPIO_NO_PWM                         0x08001325   Thumb Code    68  led.o(.text)
    HAL_TIM_PWM_PulseFinishedCallback        0x08001369   Thumb Code   268  led.o(.text)
    SPI_ReceiveData                          0x080014a9   Thumb Code    10  lis3dsh.o(.text)
    LIS3DSH_TIMEOUT_UserCallback             0x080014b3   Thumb Code     4  lis3dsh.o(.text)
    SPI_SendData                             0x080014b7   Thumb Code     6  lis3dsh.o(.text)
    LIS3DSH_Write                            0x08001529   Thumb Code    62  lis3dsh.o(.text)
    LIS3DSH_Init                             0x08001567   Thumb Code   170  lis3dsh.o(.text)
    LIS3DSH_Read                             0x08001611   Thumb Code    70  lis3dsh.o(.text)
    LIS3DSH_DataReadyInterruptConfig         0x08001657   Thumb Code    42  lis3dsh.o(.text)
    LIS3DSH_LowpowerCmd                      0x08001681   Thumb Code    40  lis3dsh.o(.text)
    LIS3DSH_DataRateCmd                      0x080016a9   Thumb Code    44  lis3dsh.o(.text)
    LIS3DSH_FullScaleCmd                     0x080016d5   Thumb Code    44  lis3dsh.o(.text)
    LIS3DSH_ReadACC                          0x08001701   Thumb Code   504  lis3dsh.o(.text)
    os_idle_demon                            0x080018f9   Thumb Code     4  rtx_conf_cm.o(.text)
    os_error                                 0x080018fd   Thumb Code    34  rtx_conf_cm.o(.text)
    HAL_MspInit                              0x08001921   Thumb Code    10  stm32f4xx_hal.o(.text)
    HAL_InitTick                             0x0800192b   Thumb Code    36  stm32f4xx_hal.o(.text)
    HAL_Init                                 0x0800194f   Thumb Code    54  stm32f4xx_hal.o(.text)
    HAL_MspDeInit                            0x08001985   Thumb Code    10  stm32f4xx_hal.o(.text)
    HAL_DeInit                               0x0800198f   Thumb Code    64  stm32f4xx_hal.o(.text)
    HAL_IncTick                              0x080019cf   Thumb Code    12  stm32f4xx_hal.o(.text)
    HAL_GetTick                              0x080019db   Thumb Code     6  stm32f4xx_hal.o(.text)
    HAL_Delay                                0x080019e1   Thumb Code    26  stm32f4xx_hal.o(.text)
    HAL_SuspendTick                          0x080019fb   Thumb Code    18  stm32f4xx_hal.o(.text)
    HAL_ResumeTick                           0x08001a0d   Thumb Code    18  stm32f4xx_hal.o(.text)
    HAL_GetHalVersion                        0x08001a1f   Thumb Code     4  stm32f4xx_hal.o(.text)
    HAL_GetREVID                             0x08001a23   Thumb Code     8  stm32f4xx_hal.o(.text)
    HAL_GetDEVID                             0x08001a2b   Thumb Code    10  stm32f4xx_hal.o(.text)
    HAL_DBGMCU_EnableDBGSleepMode            0x08001a35   Thumb Code    14  stm32f4xx_hal.o(.text)
    HAL_DBGMCU_DisableDBGSleepMode           0x08001a43   Thumb Code    14  stm32f4xx_hal.o(.text)
    HAL_DBGMCU_EnableDBGStopMode             0x08001a51   Thumb Code    14  stm32f4xx_hal.o(.text)
    HAL_DBGMCU_DisableDBGStopMode            0x08001a5f   Thumb Code    14  stm32f4xx_hal.o(.text)
    HAL_DBGMCU_EnableDBGStandbyMode          0x08001a6d   Thumb Code    14  stm32f4xx_hal.o(.text)
    HAL_DBGMCU_DisableDBGStandbyMode         0x08001a7b   Thumb Code    14  stm32f4xx_hal.o(.text)
    HAL_EnableCompensationCell               0x08001a89   Thumb Code    22  stm32f4xx_hal.o(.text)
    HAL_DisableCompensationCell              0x08001a9f   Thumb Code    24  stm32f4xx_hal.o(.text)
    HAL_ADC_Init                             0x08001c3d   Thumb Code    74  stm32f4xx_hal_adc.o(.text)
    HAL_ADC_MspDeInit                        0x08001c87   Thumb Code     2  stm32f4xx_hal_adc.o(.text)
    HAL_ADC_DeInit                           0x08001c89   Thumb Code    34  stm32f4xx_hal_adc.o(.text)
    HAL_ADC_Start                            0x08001cab   Thumb Code   182  stm32f4xx_hal_adc.o(.text)
    HAL_ADC_Stop                             0x08001d61   Thumb Code    24  stm32f4xx_hal_adc.o(.text)
    HAL_ADC_PollForConversion                0x08001d79   Thumb Code   130  stm32f4xx_hal_adc.o(.text)
    HAL_ADC_PollForEvent                     0x08001dfb   Thumb Code   104  stm32f4xx_hal_adc.o(.text)
    HAL_ADC_Start_IT                         0x08001e63   Thumb Code   232  stm32f4xx_hal_adc.o(.text)
    HAL_ADC_Stop_IT                          0x08001f4b   Thumb Code    48  stm32f4xx_hal_adc.o(.text)
    HAL_ADC_ErrorCallback                    0x08001f7b   Thumb Code     2  stm32f4xx_hal_adc.o(.text)
    HAL_ADC_LevelOutOfWindowCallback         0x08001f7d   Thumb Code     2  stm32f4xx_hal_adc.o(.text)
    HAL_ADC_ConvCpltCallback                 0x08001f7f   Thumb Code     2  stm32f4xx_hal_adc.o(.text)
    HAL_ADC_IRQHandler                       0x08001f81   Thumb Code   348  stm32f4xx_hal_adc.o(.text)
    HAL_ADC_ConvHalfCpltCallback             0x080020f9   Thumb Code     2  stm32f4xx_hal_adc.o(.text)
    HAL_ADC_Start_DMA                        0x0800212d   Thumb Code   186  stm32f4xx_hal_adc.o(.text)
    HAL_ADC_Stop_DMA                         0x080021e7   Thumb Code    56  stm32f4xx_hal_adc.o(.text)
    HAL_ADC_GetValue                         0x0800221f   Thumb Code     8  stm32f4xx_hal_adc.o(.text)
    HAL_ADC_ConfigChannel                    0x08002227   Thumb Code   416  stm32f4xx_hal_adc.o(.text)
    HAL_ADC_AnalogWDGConfig                  0x080023c7   Thumb Code   132  stm32f4xx_hal_adc.o(.text)
    HAL_ADC_GetState                         0x0800244b   Thumb Code     8  stm32f4xx_hal_adc.o(.text)
    HAL_ADC_GetError                         0x08002453   Thumb Code     6  stm32f4xx_hal_adc.o(.text)
    HAL_ADCEx_InjectedStart                  0x0800246d   Thumb Code   230  stm32f4xx_hal_adc_ex.o(.text)
    HAL_ADCEx_InjectedStart_IT               0x08002553   Thumb Code   258  stm32f4xx_hal_adc_ex.o(.text)
    HAL_ADCEx_InjectedStop                   0x08002655   Thumb Code    24  stm32f4xx_hal_adc_ex.o(.text)
    HAL_ADCEx_InjectedPollForConversion      0x0800266d   Thumb Code    90  stm32f4xx_hal_adc_ex.o(.text)
    HAL_ADCEx_InjectedStop_IT                0x080026c7   Thumb Code    48  stm32f4xx_hal_adc_ex.o(.text)
    HAL_ADCEx_InjectedGetValue               0x080026f7   Thumb Code    70  stm32f4xx_hal_adc_ex.o(.text)
    HAL_ADCEx_MultiModeStart_DMA             0x0800278b   Thumb Code   206  stm32f4xx_hal_adc_ex.o(.text)
    HAL_ADCEx_MultiModeStop_DMA              0x08002859   Thumb Code   116  stm32f4xx_hal_adc_ex.o(.text)
    HAL_ADCEx_MultiModeGetValue              0x080028cd   Thumb Code     8  stm32f4xx_hal_adc_ex.o(.text)
    HAL_ADCEx_InjectedConvCpltCallback       0x080028d5   Thumb Code     2  stm32f4xx_hal_adc_ex.o(.text)
    HAL_ADCEx_InjectedConfigChannel          0x080028d7   Thumb Code   552  stm32f4xx_hal_adc_ex.o(.text)
    HAL_ADCEx_MultiModeConfigChannel         0x08002aff   Thumb Code   130  stm32f4xx_hal_adc_ex.o(.text)
    HAL_NVIC_SetPriorityGrouping             0x08002bad   Thumb Code    36  stm32f4xx_hal_cortex.o(.text)
    HAL_NVIC_SetPriority                     0x08002bd1   Thumb Code   124  stm32f4xx_hal_cortex.o(.text)
    HAL_NVIC_EnableIRQ                       0x08002c4d   Thumb Code    26  stm32f4xx_hal_cortex.o(.text)
    HAL_NVIC_DisableIRQ                      0x08002c67   Thumb Code    22  stm32f4xx_hal_cortex.o(.text)
    HAL_NVIC_SystemReset                     0x08002c7d   Thumb Code    64  stm32f4xx_hal_cortex.o(.text)
    HAL_SYSTICK_Config                       0x08002cbd   Thumb Code    52  stm32f4xx_hal_cortex.o(.text)
    HAL_MPU_ConfigRegion                     0x08002cf1   Thumb Code    90  stm32f4xx_hal_cortex.o(.text)
    HAL_NVIC_GetPriorityGrouping             0x08002d4b   Thumb Code     8  stm32f4xx_hal_cortex.o(.text)
    HAL_NVIC_GetPriority                     0x08002d53   Thumb Code   138  stm32f4xx_hal_cortex.o(.text)
    HAL_NVIC_SetPendingIRQ                   0x08002ddd   Thumb Code    24  stm32f4xx_hal_cortex.o(.text)
    HAL_NVIC_GetPendingIRQ                   0x08002df5   Thumb Code    38  stm32f4xx_hal_cortex.o(.text)
    HAL_NVIC_ClearPendingIRQ                 0x08002e1b   Thumb Code    22  stm32f4xx_hal_cortex.o(.text)
    HAL_NVIC_GetActive                       0x08002e31   Thumb Code    38  stm32f4xx_hal_cortex.o(.text)
    HAL_SYSTICK_CLKSourceConfig              0x08002e57   Thumb Code    40  stm32f4xx_hal_cortex.o(.text)
    HAL_SYSTICK_Callback                     0x08002e7f   Thumb Code    10  stm32f4xx_hal_cortex.o(.text)
    HAL_SYSTICK_IRQHandler                   0x08002e89   Thumb Code     8  stm32f4xx_hal_cortex.o(.text)
    HAL_DMA_Init                             0x08002edf   Thumb Code   128  stm32f4xx_hal_dma.o(.text)
    HAL_DMA_DeInit                           0x08002f5f   Thumb Code   100  stm32f4xx_hal_dma.o(.text)
    HAL_DMA_Start                            0x08002fef   Thumb Code    82  stm32f4xx_hal_dma.o(.text)
    HAL_DMA_Start_IT                         0x08003041   Thumb Code   106  stm32f4xx_hal_dma.o(.text)
    HAL_DMA_Abort                            0x080030ab   Thumb Code    94  stm32f4xx_hal_dma.o(.text)
    HAL_DMA_PollForTransfer                  0x08003109   Thumb Code   412  stm32f4xx_hal_dma.o(.text)
    HAL_DMA_IRQHandler                       0x080032a5   Thumb Code   530  stm32f4xx_hal_dma.o(.text)
    HAL_DMA_GetState                         0x080034b7   Thumb Code     8  stm32f4xx_hal_dma.o(.text)
    HAL_DMA_GetError                         0x080034bf   Thumb Code     6  stm32f4xx_hal_dma.o(.text)
    HAL_GPIO_Init                            0x080034c9   Thumb Code   476  stm32f4xx_hal_gpio.o(.text)
    HAL_GPIO_DeInit                          0x080036a5   Thumb Code   326  stm32f4xx_hal_gpio.o(.text)
    HAL_GPIO_ReadPin                         0x080037eb   Thumb Code    16  stm32f4xx_hal_gpio.o(.text)
    HAL_GPIO_WritePin                        0x080037fb   Thumb Code    12  stm32f4xx_hal_gpio.o(.text)
    HAL_GPIO_TogglePin                       0x08003807   Thumb Code     8  stm32f4xx_hal_gpio.o(.text)
    HAL_GPIO_LockPin                         0x0800380f   Thumb Code    46  stm32f4xx_hal_gpio.o(.text)
    HAL_GPIO_EXTI_IRQHandler                 0x08003847   Thumb Code    28  stm32f4xx_hal_gpio.o(.text)
    HAL_RCC_OscConfig                        0x08003897   Thumb Code  1032  stm32f4xx_hal_rcc.o(.text)
    HAL_RCC_ClockConfig                      0x08003c9f   Thumb Code   680  stm32f4xx_hal_rcc.o(.text)
    HAL_RCC_MCOConfig                        0x08003f47   Thumb Code   178  stm32f4xx_hal_rcc.o(.text)
    HAL_RCC_EnableCSS                        0x08003ff9   Thumb Code     8  stm32f4xx_hal_rcc.o(.text)
    HAL_RCC_DisableCSS                       0x08004001   Thumb Code     8  stm32f4xx_hal_rcc.o(.text)
    HAL_RCC_GetSysClockFreq                  0x08004009   Thumb Code   198  stm32f4xx_hal_rcc.o(.text)
    HAL_RCC_GetHCLKFreq                      0x080040cf   Thumb Code    42  stm32f4xx_hal_rcc.o(.text)
    HAL_RCC_GetPCLK1Freq                     0x080040f9   Thumb Code    36  stm32f4xx_hal_rcc.o(.text)
    HAL_RCC_GetPCLK2Freq                     0x0800411d   Thumb Code    36  stm32f4xx_hal_rcc.o(.text)
    HAL_RCC_GetOscConfig                     0x08004141   Thumb Code   296  stm32f4xx_hal_rcc.o(.text)
    HAL_RCC_GetClockConfig                   0x08004269   Thumb Code    58  stm32f4xx_hal_rcc.o(.text)
    HAL_RCC_CSSCallback                      0x080042a3   Thumb Code    10  stm32f4xx_hal_rcc.o(.text)
    HAL_RCC_NMI_IRQHandler                   0x080042ad   Thumb Code    30  stm32f4xx_hal_rcc.o(.text)
    HAL_SPI_Init                             0x080042e3   Thumb Code   136  stm32f4xx_hal_spi.o(.text)
    HAL_SPI_MspDeInit                        0x0800436b   Thumb Code     2  stm32f4xx_hal_spi.o(.text)
    HAL_SPI_DeInit                           0x0800436d   Thumb Code    48  stm32f4xx_hal_spi.o(.text)
    HAL_SPI_Transmit                         0x080044b1   Thumb Code   450  stm32f4xx_hal_spi.o(.text)
    HAL_SPI_TransmitReceive                  0x08004673   Thumb Code   850  stm32f4xx_hal_spi.o(.text)
    HAL_SPI_Receive                          0x080049c5   Thumb Code   572  stm32f4xx_hal_spi.o(.text)
    HAL_SPI_ErrorCallback                    0x08004c01   Thumb Code     2  stm32f4xx_hal_spi.o(.text)
    HAL_SPI_TxCpltCallback                   0x08004c03   Thumb Code     2  stm32f4xx_hal_spi.o(.text)
    HAL_SPI_TxRxCpltCallback                 0x08004c05   Thumb Code     2  stm32f4xx_hal_spi.o(.text)
    HAL_SPI_Transmit_IT                      0x08004cf5   Thumb Code   198  stm32f4xx_hal_spi.o(.text)
    HAL_SPI_RxCpltCallback                   0x08004dbb   Thumb Code     2  stm32f4xx_hal_spi.o(.text)
    HAL_SPI_TransmitReceive_IT               0x08004ee3   Thumb Code   192  stm32f4xx_hal_spi.o(.text)
    HAL_SPI_Receive_IT                       0x08004ff5   Thumb Code   222  stm32f4xx_hal_spi.o(.text)
    HAL_SPI_TxHalfCpltCallback               0x08005183   Thumb Code     2  stm32f4xx_hal_spi.o(.text)
    HAL_SPI_Transmit_DMA                     0x08005193   Thumb Code   218  stm32f4xx_hal_spi.o(.text)
    HAL_SPI_RxHalfCpltCallback               0x080053e5   Thumb Code     2  stm32f4xx_hal_spi.o(.text)
    HAL_SPI_TxRxHalfCpltCallback             0x0800542d   Thumb Code     2  stm32f4xx_hal_spi.o(.text)
    HAL_SPI_TransmitReceive_DMA              0x0800543d   Thumb Code   324  stm32f4xx_hal_spi.o(.text)
    HAL_SPI_Receive_DMA                      0x08005581   Thumb Code   288  stm32f4xx_hal_spi.o(.text)
    HAL_SPI_DMAPause                         0x080056a1   Thumb Code    62  stm32f4xx_hal_spi.o(.text)
    HAL_SPI_DMAResume                        0x080056df   Thumb Code    62  stm32f4xx_hal_spi.o(.text)
    HAL_SPI_DMAStop                          0x0800571d   Thumb Code    58  stm32f4xx_hal_spi.o(.text)
    HAL_SPI_IRQHandler                       0x08005757   Thumb Code   262  stm32f4xx_hal_spi.o(.text)
    HAL_SPI_GetState                         0x0800585d   Thumb Code     8  stm32f4xx_hal_spi.o(.text)
    HAL_SPI_GetError                         0x08005865   Thumb Code     6  stm32f4xx_hal_spi.o(.text)
    TIM_Base_SetConfig                       0x08005879   Thumb Code   184  stm32f4xx_hal_tim.o(.text)
    HAL_TIM_Base_MspInit                     0x08005931   Thumb Code     2  stm32f4xx_hal_tim.o(.text)
    HAL_TIM_Base_Init                        0x08005933   Thumb Code    52  stm32f4xx_hal_tim.o(.text)
    HAL_TIM_Base_MspDeInit                   0x08005967   Thumb Code     2  stm32f4xx_hal_tim.o(.text)
    HAL_TIM_Base_DeInit                      0x08005969   Thumb Code    70  stm32f4xx_hal_tim.o(.text)
    HAL_TIM_Base_Start                       0x080059af   Thumb Code    30  stm32f4xx_hal_tim.o(.text)
    HAL_TIM_Base_Stop                        0x080059cd   Thumb Code    56  stm32f4xx_hal_tim.o(.text)
    HAL_TIM_Base_Start_IT                    0x08005a05   Thumb Code    30  stm32f4xx_hal_tim.o(.text)
    HAL_TIM_Base_Stop_IT                     0x08005a23   Thumb Code    56  stm32f4xx_hal_tim.o(.text)
    HAL_TIM_ErrorCallback                    0x08005a5b   Thumb Code     2  stm32f4xx_hal_tim.o(.text)
    TIM_DMAError                             0x08005a5d   Thumb Code    20  stm32f4xx_hal_tim.o(.text)
    HAL_TIM_Base_Start_DMA                   0x08005a87   Thumb Code    98  stm32f4xx_hal_tim.o(.text)
    HAL_TIM_Base_Stop_DMA                    0x08005ae9   Thumb Code    62  stm32f4xx_hal_tim.o(.text)
    HAL_TIM_OC_MspInit                       0x08005b27   Thumb Code     2  stm32f4xx_hal_tim.o(.text)
    HAL_TIM_OC_Init                          0x08005b29   Thumb Code    52  stm32f4xx_hal_tim.o(.text)
    HAL_TIM_OC_MspDeInit                     0x08005b5d   Thumb Code     2  stm32f4xx_hal_tim.o(.text)
    HAL_TIM_OC_DeInit                        0x08005b5f   Thumb Code    70  stm32f4xx_hal_tim.o(.text)
    TIM_CCxChannelCmd                        0x08005ba5   Thumb Code    28  stm32f4xx_hal_tim.o(.text)
    HAL_TIM_OC_Start                         0x08005bc1   Thumb Code    68  stm32f4xx_hal_tim.o(.text)
    HAL_TIM_OC_Stop                          0x08005c05   Thumb Code   170  stm32f4xx_hal_tim.o(.text)
    HAL_TIM_OC_Start_IT                      0x08005caf   Thumb Code   144  stm32f4xx_hal_tim.o(.text)
    HAL_TIM_OC_Stop_IT                       0x08005d3f   Thumb Code   196  stm32f4xx_hal_tim.o(.text)
    TIM_DMADelayPulseCplt                    0x08005e05   Thumb Code    70  stm32f4xx_hal_tim.o(.text)
    HAL_TIM_OC_Start_DMA                     0x08005e4b   Thumb Code   312  stm32f4xx_hal_tim.o(.text)
    HAL_TIM_OC_Stop_DMA                      0x08005f83   Thumb Code   202  stm32f4xx_hal_tim.o(.text)
    HAL_TIM_PWM_MspInit                      0x0800604d   Thumb Code     2  stm32f4xx_hal_tim.o(.text)
    HAL_TIM_PWM_Init                         0x0800604f   Thumb Code    52  stm32f4xx_hal_tim.o(.text)
    HAL_TIM_PWM_MspDeInit                    0x08006083   Thumb Code     2  stm32f4xx_hal_tim.o(.text)
    HAL_TIM_PWM_DeInit                       0x08006085   Thumb Code    70  stm32f4xx_hal_tim.o(.text)
    HAL_TIM_PWM_Start                        0x080060cb   Thumb Code    78  stm32f4xx_hal_tim.o(.text)
    HAL_TIM_PWM_Stop                         0x08006119   Thumb Code   126  stm32f4xx_hal_tim.o(.text)
    HAL_TIM_PWM_Start_IT                     0x08006197   Thumb Code   144  stm32f4xx_hal_tim.o(.text)
    HAL_TIM_PWM_Stop_IT                      0x08006227   Thumb Code   196  stm32f4xx_hal_tim.o(.text)
    HAL_TIM_PWM_Start_DMA                    0x080062eb   Thumb Code   312  stm32f4xx_hal_tim.o(.text)
    HAL_TIM_PWM_Stop_DMA                     0x08006423   Thumb Code   202  stm32f4xx_hal_tim.o(.text)
    HAL_TIM_IC_MspInit                       0x080064ed   Thumb Code     2  stm32f4xx_hal_tim.o(.text)
    HAL_TIM_IC_Init                          0x080064ef   Thumb Code    62  stm32f4xx_hal_tim.o(.text)
    HAL_TIM_IC_MspDeInit                     0x0800652d   Thumb Code     2  stm32f4xx_hal_tim.o(.text)
    HAL_TIM_IC_DeInit                        0x0800652f   Thumb Code    70  stm32f4xx_hal_tim.o(.text)
    HAL_TIM_IC_Start                         0x08006575   Thumb Code    32  stm32f4xx_hal_tim.o(.text)
    HAL_TIM_IC_Stop                          0x08006595   Thumb Code    58  stm32f4xx_hal_tim.o(.text)
    HAL_TIM_IC_Start_IT                      0x080065cf   Thumb Code   108  stm32f4xx_hal_tim.o(.text)
    HAL_TIM_IC_Stop_IT                       0x0800663b   Thumb Code   134  stm32f4xx_hal_tim.o(.text)
    HAL_TIM_IC_CaptureCallback               0x080066c1   Thumb Code     2  stm32f4xx_hal_tim.o(.text)
    TIM_DMACaptureCplt                       0x080066c3   Thumb Code    70  stm32f4xx_hal_tim.o(.text)
    HAL_TIM_IC_Start_DMA                     0x08006709   Thumb Code   276  stm32f4xx_hal_tim.o(.text)
    HAL_TIM_IC_Stop_DMA                      0x0800681d   Thumb Code   140  stm32f4xx_hal_tim.o(.text)
    HAL_TIM_OnePulse_MspInit                 0x080068a9   Thumb Code     2  stm32f4xx_hal_tim.o(.text)
    HAL_TIM_OnePulse_Init                    0x080068ab   Thumb Code    76  stm32f4xx_hal_tim.o(.text)
    HAL_TIM_OnePulse_MspDeInit               0x080068f7   Thumb Code     2  stm32f4xx_hal_tim.o(.text)
    HAL_TIM_OnePulse_DeInit                  0x080068f9   Thumb Code    70  stm32f4xx_hal_tim.o(.text)
    HAL_TIM_OnePulse_Start                   0x0800693f   Thumb Code    66  stm32f4xx_hal_tim.o(.text)
    HAL_TIM_OnePulse_Stop                    0x08006981   Thumb Code   130  stm32f4xx_hal_tim.o(.text)
    HAL_TIM_OnePulse_Start_IT                0x08006a03   Thumb Code    90  stm32f4xx_hal_tim.o(.text)
    HAL_TIM_OnePulse_Stop_IT                 0x08006a5d   Thumb Code   154  stm32f4xx_hal_tim.o(.text)
    HAL_TIM_Encoder_MspInit                  0x08006af7   Thumb Code     2  stm32f4xx_hal_tim.o(.text)
    HAL_TIM_Encoder_Init                     0x08006af9   Thumb Code   180  stm32f4xx_hal_tim.o(.text)
    HAL_TIM_Encoder_MspDeInit                0x08006bad   Thumb Code     2  stm32f4xx_hal_tim.o(.text)
    HAL_TIM_Encoder_DeInit                   0x08006baf   Thumb Code    70  stm32f4xx_hal_tim.o(.text)
    HAL_TIM_Encoder_Start                    0x08006bf5   Thumb Code    78  stm32f4xx_hal_tim.o(.text)
    HAL_TIM_Encoder_Stop                     0x08006c43   Thumb Code   104  stm32f4xx_hal_tim.o(.text)
    HAL_TIM_Encoder_Start_IT                 0x08006cab   Thumb Code   126  stm32f4xx_hal_tim.o(.text)
    HAL_TIM_Encoder_Stop_IT                  0x08006d29   Thumb Code   160  stm32f4xx_hal_tim.o(.text)
    HAL_TIM_Encoder_Start_DMA                0x08006dc9   Thumb Code   328  stm32f4xx_hal_tim.o(.text)
    HAL_TIM_Encoder_Stop_DMA                 0x08006f11   Thumb Code   152  stm32f4xx_hal_tim.o(.text)
    HAL_TIM_TriggerCallback                  0x08006fa9   Thumb Code     2  stm32f4xx_hal_tim.o(.text)
    HAL_TIM_OC_DelayElapsedCallback          0x08006fab   Thumb Code     2  stm32f4xx_hal_tim.o(.text)
    HAL_TIM_IRQHandler                       0x08006fad   Thumb Code   406  stm32f4xx_hal_tim.o(.text)
    TIM_OC2_SetConfig                        0x08007215   Thumb Code   112  stm32f4xx_hal_tim.o(.text)
    HAL_TIM_OC_ConfigChannel                 0x080072eb   Thumb Code   116  stm32f4xx_hal_tim.o(.text)
    TIM_TI1_SetConfig                        0x08007419   Thumb Code   122  stm32f4xx_hal_tim.o(.text)
    HAL_TIM_IC_ConfigChannel                 0x08007493   Thumb Code   224  stm32f4xx_hal_tim.o(.text)
    HAL_TIM_PWM_ConfigChannel                0x08007573   Thumb Code   294  stm32f4xx_hal_tim.o(.text)
    HAL_TIM_OnePulse_ConfigChannel           0x08007699   Thumb Code   286  stm32f4xx_hal_tim.o(.text)
    HAL_TIM_DMABurst_WriteStart              0x080077cb   Thumb Code   366  stm32f4xx_hal_tim.o(.text)
    HAL_TIM_DMABurst_WriteStop               0x08007939   Thumb Code   128  stm32f4xx_hal_tim.o(.text)
    HAL_TIM_DMABurst_ReadStart               0x080079b9   Thumb Code   366  stm32f4xx_hal_tim.o(.text)
    HAL_TIM_DMABurst_ReadStop                0x08007b27   Thumb Code   128  stm32f4xx_hal_tim.o(.text)
    HAL_TIM_GenerateEvent                    0x08007ba7   Thumb Code    54  stm32f4xx_hal_tim.o(.text)
    HAL_TIM_ConfigOCrefClear                 0x08007bf5   Thumb Code   252  stm32f4xx_hal_tim.o(.text)
    HAL_TIM_ConfigClockSource                0x08007d5b   Thumb Code   306  stm32f4xx_hal_tim.o(.text)
    HAL_TIM_ConfigTI1Input                   0x08007e8d   Thumb Code    24  stm32f4xx_hal_tim.o(.text)
    HAL_TIM_SlaveConfigSynchronization       0x08007f49   Thumb Code    86  stm32f4xx_hal_tim.o(.text)
    HAL_TIM_SlaveConfigSynchronization_IT    0x08007f9f   Thumb Code    86  stm32f4xx_hal_tim.o(.text)
    HAL_TIM_ReadCapturedValue                0x08007ff5   Thumb Code    84  stm32f4xx_hal_tim.o(.text)
    HAL_TIM_Base_GetState                    0x08008049   Thumb Code     8  stm32f4xx_hal_tim.o(.text)
    HAL_TIM_OC_GetState                      0x08008051   Thumb Code     8  stm32f4xx_hal_tim.o(.text)
    HAL_TIM_PWM_GetState                     0x08008059   Thumb Code     8  stm32f4xx_hal_tim.o(.text)
    HAL_TIM_IC_GetState                      0x08008061   Thumb Code     8  stm32f4xx_hal_tim.o(.text)
    HAL_TIM_OnePulse_GetState                0x08008069   Thumb Code     8  stm32f4xx_hal_tim.o(.text)
    HAL_TIM_Encoder_GetState                 0x08008071   Thumb Code     8  stm32f4xx_hal_tim.o(.text)
    HAL_TIMEx_HallSensor_MspInit             0x08008079   Thumb Code     2  stm32f4xx_hal_tim_ex.o(.text)
    HAL_TIMEx_HallSensor_Init                0x0800807b   Thumb Code   196  stm32f4xx_hal_tim_ex.o(.text)
    HAL_TIMEx_HallSensor_MspDeInit           0x0800813f   Thumb Code     2  stm32f4xx_hal_tim_ex.o(.text)
    HAL_TIMEx_HallSensor_DeInit              0x08008141   Thumb Code    70  stm32f4xx_hal_tim_ex.o(.text)
    HAL_TIMEx_HallSensor_Start               0x08008187   Thumb Code    30  stm32f4xx_hal_tim_ex.o(.text)
    HAL_TIMEx_HallSensor_Stop                0x080081a5   Thumb Code    56  stm32f4xx_hal_tim_ex.o(.text)
    HAL_TIMEx_HallSensor_Start_IT            0x080081dd   Thumb Code    42  stm32f4xx_hal_tim_ex.o(.text)
    HAL_TIMEx_HallSensor_Stop_IT             0x08008207   Thumb Code    68  stm32f4xx_hal_tim_ex.o(.text)
    HAL_TIMEx_HallSensor_Start_DMA           0x0800824b   Thumb Code   106  stm32f4xx_hal_tim_ex.o(.text)
    HAL_TIMEx_HallSensor_Stop_DMA            0x080082b5   Thumb Code    68  stm32f4xx_hal_tim_ex.o(.text)
    HAL_TIMEx_OCN_Start                      0x08008315   Thumb Code    44  stm32f4xx_hal_tim_ex.o(.text)
    HAL_TIMEx_OCN_Stop                       0x08008341   Thumb Code    96  stm32f4xx_hal_tim_ex.o(.text)
    HAL_TIMEx_OCN_Start_IT                   0x080083a1   Thumb Code   132  stm32f4xx_hal_tim_ex.o(.text)
    HAL_TIMEx_OCN_Stop_IT                    0x08008425   Thumb Code   196  stm32f4xx_hal_tim_ex.o(.text)
    HAL_TIMEx_OCN_Start_DMA                  0x080084e9   Thumb Code   272  stm32f4xx_hal_tim_ex.o(.text)
    HAL_TIMEx_OCN_Stop_DMA                   0x080085f9   Thumb Code   192  stm32f4xx_hal_tim_ex.o(.text)
    HAL_TIMEx_PWMN_Start                     0x080086b9   Thumb Code    44  stm32f4xx_hal_tim_ex.o(.text)
    HAL_TIMEx_PWMN_Stop                      0x080086e5   Thumb Code    96  stm32f4xx_hal_tim_ex.o(.text)
    HAL_TIMEx_PWMN_Start_IT                  0x08008745   Thumb Code   132  stm32f4xx_hal_tim_ex.o(.text)
    HAL_TIMEx_PWMN_Stop_IT                   0x080087c9   Thumb Code   196  stm32f4xx_hal_tim_ex.o(.text)
    HAL_TIMEx_PWMN_Start_DMA                 0x0800888d   Thumb Code   272  stm32f4xx_hal_tim_ex.o(.text)
    HAL_TIMEx_PWMN_Stop_DMA                  0x0800899d   Thumb Code   178  stm32f4xx_hal_tim_ex.o(.text)
    HAL_TIMEx_OnePulseN_Start                0x08008a4f   Thumb Code    32  stm32f4xx_hal_tim_ex.o(.text)
    HAL_TIMEx_OnePulseN_Stop                 0x08008a6f   Thumb Code    96  stm32f4xx_hal_tim_ex.o(.text)
    HAL_TIMEx_OnePulseN_Start_IT             0x08008acf   Thumb Code    56  stm32f4xx_hal_tim_ex.o(.text)
    HAL_TIMEx_OnePulseN_Stop_IT              0x08008b07   Thumb Code   120  stm32f4xx_hal_tim_ex.o(.text)
    HAL_TIMEx_ConfigCommutationEvent         0x08008b7f   Thumb Code   110  stm32f4xx_hal_tim_ex.o(.text)
    HAL_TIMEx_ConfigCommutationEvent_IT      0x08008bed   Thumb Code   122  stm32f4xx_hal_tim_ex.o(.text)
    HAL_TIMEx_CommutationCallback            0x08008c67   Thumb Code     2  stm32f4xx_hal_tim_ex.o(.text)
    TIMEx_DMACommutationCplt                 0x08008c69   Thumb Code    20  stm32f4xx_hal_tim_ex.o(.text)
    HAL_TIMEx_ConfigCommutationEvent_DMA     0x08008c7d   Thumb Code   146  stm32f4xx_hal_tim_ex.o(.text)
    HAL_TIMEx_MasterConfigSynchronization    0x08008d0f   Thumb Code    98  stm32f4xx_hal_tim_ex.o(.text)
    HAL_TIMEx_ConfigBreakDeadTime            0x08008d71   Thumb Code    80  stm32f4xx_hal_tim_ex.o(.text)
    HAL_TIMEx_RemapConfig                    0x08008dc1   Thumb Code    48  stm32f4xx_hal_tim_ex.o(.text)
    HAL_TIMEx_BreakCallback                  0x08008df1   Thumb Code     2  stm32f4xx_hal_tim_ex.o(.text)
    HAL_TIMEx_HallSensor_GetState            0x08008df3   Thumb Code     8  stm32f4xx_hal_tim_ex.o(.text)
    Reset_Handler                            0x08008e01   Thumb Code     8  startup_stm32f407xx.o(.text)
    CAN1_RX0_IRQHandler                      0x08008e1b   Thumb Code     0  startup_stm32f407xx.o(.text)
    CAN1_RX1_IRQHandler                      0x08008e1b   Thumb Code     0  startup_stm32f407xx.o(.text)
    CAN1_SCE_IRQHandler                      0x08008e1b   Thumb Code     0  startup_stm32f407xx.o(.text)
    CAN1_TX_IRQHandler                       0x08008e1b   Thumb Code     0  startup_stm32f407xx.o(.text)
    CAN2_RX0_IRQHandler                      0x08008e1b   Thumb Code     0  startup_stm32f407xx.o(.text)
    CAN2_RX1_IRQHandler                      0x08008e1b   Thumb Code     0  startup_stm32f407xx.o(.text)
    CAN2_SCE_IRQHandler                      0x08008e1b   Thumb Code     0  startup_stm32f407xx.o(.text)
    CAN2_TX_IRQHandler                       0x08008e1b   Thumb Code     0  startup_stm32f407xx.o(.text)
    DCMI_IRQHandler                          0x08008e1b   Thumb Code     0  startup_stm32f407xx.o(.text)
    DMA1_Stream0_IRQHandler                  0x08008e1b   Thumb Code     0  startup_stm32f407xx.o(.text)
    DMA1_Stream1_IRQHandler                  0x08008e1b   Thumb Code     0  startup_stm32f407xx.o(.text)
    DMA1_Stream2_IRQHandler                  0x08008e1b   Thumb Code     0  startup_stm32f407xx.o(.text)
    DMA1_Stream3_IRQHandler                  0x08008e1b   Thumb Code     0  startup_stm32f407xx.o(.text)
    DMA1_Stream4_IRQHandler                  0x08008e1b   Thumb Code     0  startup_stm32f407xx.o(.text)
    DMA1_Stream5_IRQHandler                  0x08008e1b   Thumb Code     0  startup_stm32f407xx.o(.text)
    DMA1_Stream6_IRQHandler                  0x08008e1b   Thumb Code     0  startup_stm32f407xx.o(.text)
    DMA1_Stream7_IRQHandler                  0x08008e1b   Thumb Code     0  startup_stm32f407xx.o(.text)
    DMA2_Stream0_IRQHandler                  0x08008e1b   Thumb Code     0  startup_stm32f407xx.o(.text)
    DMA2_Stream1_IRQHandler                  0x08008e1b   Thumb Code     0  startup_stm32f407xx.o(.text)
    DMA2_Stream2_IRQHandler                  0x08008e1b   Thumb Code     0  startup_stm32f407xx.o(.text)
    DMA2_Stream3_IRQHandler                  0x08008e1b   Thumb Code     0  startup_stm32f407xx.o(.text)
    DMA2_Stream4_IRQHandler                  0x08008e1b   Thumb Code     0  startup_stm32f407xx.o(.text)
    DMA2_Stream5_IRQHandler                  0x08008e1b   Thumb Code     0  startup_stm32f407xx.o(.text)
    DMA2_Stream6_IRQHandler                  0x08008e1b   Thumb Code     0  startup_stm32f407xx.o(.text)
    DMA2_Stream7_IRQHandler                  0x08008e1b   Thumb Code     0  startup_stm32f407xx.o(.text)
    ETH_IRQHandler                           0x08008e1b   Thumb Code     0  startup_stm32f407xx.o(.text)
    ETH_WKUP_IRQHandler                      0x08008e1b   Thumb Code     0  startup_stm32f407xx.o(.text)
    EXTI15_10_IRQHandler                     0x08008e1b   Thumb Code     0  startup_stm32f407xx.o(.text)
    EXTI1_IRQHandler                         0x08008e1b   Thumb Code     0  startup_stm32f407xx.o(.text)
    EXTI2_IRQHandler                         0x08008e1b   Thumb Code     0  startup_stm32f407xx.o(.text)
    EXTI3_IRQHandler                         0x08008e1b   Thumb Code     0  startup_stm32f407xx.o(.text)
    EXTI4_IRQHandler                         0x08008e1b   Thumb Code     0  startup_stm32f407xx.o(.text)
    EXTI9_5_IRQHandler                       0x08008e1b   Thumb Code     0  startup_stm32f407xx.o(.text)
    FLASH_IRQHandler                         0x08008e1b   Thumb Code     0  startup_stm32f407xx.o(.text)
    FMC_IRQHandler                           0x08008e1b   Thumb Code     0  startup_stm32f407xx.o(.text)
    FPU_IRQHandler                           0x08008e1b   Thumb Code     0  startup_stm32f407xx.o(.text)
    HASH_RNG_IRQHandler                      0x08008e1b   Thumb Code     0  startup_stm32f407xx.o(.text)
    I2C1_ER_IRQHandler                       0x08008e1b   Thumb Code     0  startup_stm32f407xx.o(.text)
    I2C1_EV_IRQHandler                       0x08008e1b   Thumb Code     0  startup_stm32f407xx.o(.text)
    I2C2_ER_IRQHandler                       0x08008e1b   Thumb Code     0  startup_stm32f407xx.o(.text)
    I2C2_EV_IRQHandler                       0x08008e1b   Thumb Code     0  startup_stm32f407xx.o(.text)
    I2C3_ER_IRQHandler                       0x08008e1b   Thumb Code     0  startup_stm32f407xx.o(.text)
    I2C3_EV_IRQHandler                       0x08008e1b   Thumb Code     0  startup_stm32f407xx.o(.text)
    OTG_FS_IRQHandler                        0x08008e1b   Thumb Code     0  startup_stm32f407xx.o(.text)
    OTG_FS_WKUP_IRQHandler                   0x08008e1b   Thumb Code     0  startup_stm32f407xx.o(.text)
    OTG_HS_EP1_IN_IRQHandler                 0x08008e1b   Thumb Code     0  startup_stm32f407xx.o(.text)
    OTG_HS_EP1_OUT_IRQHandler                0x08008e1b   Thumb Code     0  startup_stm32f407xx.o(.text)
    OTG_HS_IRQHandler                        0x08008e1b   Thumb Code     0  startup_stm32f407xx.o(.text)
    OTG_HS_WKUP_IRQHandler                   0x08008e1b   Thumb Code     0  startup_stm32f407xx.o(.text)
    PVD_IRQHandler                           0x08008e1b   Thumb Code     0  startup_stm32f407xx.o(.text)
    RCC_IRQHandler                           0x08008e1b   Thumb Code     0  startup_stm32f407xx.o(.text)
    RTC_Alarm_IRQHandler                     0x08008e1b   Thumb Code     0  startup_stm32f407xx.o(.text)
    RTC_WKUP_IRQHandler                      0x08008e1b   Thumb Code     0  startup_stm32f407xx.o(.text)
    SDIO_IRQHandler                          0x08008e1b   Thumb Code     0  startup_stm32f407xx.o(.text)
    SPI1_IRQHandler                          0x08008e1b   Thumb Code     0  startup_stm32f407xx.o(.text)
    SPI3_IRQHandler                          0x08008e1b   Thumb Code     0  startup_stm32f407xx.o(.text)
    TAMP_STAMP_IRQHandler                    0x08008e1b   Thumb Code     0  startup_stm32f407xx.o(.text)
    TIM1_BRK_TIM9_IRQHandler                 0x08008e1b   Thumb Code     0  startup_stm32f407xx.o(.text)
    TIM1_CC_IRQHandler                       0x08008e1b   Thumb Code     0  startup_stm32f407xx.o(.text)
    TIM1_TRG_COM_TIM11_IRQHandler            0x08008e1b   Thumb Code     0  startup_stm32f407xx.o(.text)
    TIM1_UP_TIM10_IRQHandler                 0x08008e1b   Thumb Code     0  startup_stm32f407xx.o(.text)
    TIM2_IRQHandler                          0x08008e1b   Thumb Code     0  startup_stm32f407xx.o(.text)
    TIM5_IRQHandler                          0x08008e1b   Thumb Code     0  startup_stm32f407xx.o(.text)
    TIM6_DAC_IRQHandler                      0x08008e1b   Thumb Code     0  startup_stm32f407xx.o(.text)
    TIM7_IRQHandler                          0x08008e1b   Thumb Code     0  startup_stm32f407xx.o(.text)
    TIM8_BRK_TIM12_IRQHandler                0x08008e1b   Thumb Code     0  startup_stm32f407xx.o(.text)
    TIM8_CC_IRQHandler                       0x08008e1b   Thumb Code     0  startup_stm32f407xx.o(.text)
    TIM8_TRG_COM_TIM14_IRQHandler            0x08008e1b   Thumb Code     0  startup_stm32f407xx.o(.text)
    TIM8_UP_TIM13_IRQHandler                 0x08008e1b   Thumb Code     0  startup_stm32f407xx.o(.text)
    UART4_IRQHandler                         0x08008e1b   Thumb Code     0  startup_stm32f407xx.o(.text)
    UART5_IRQHandler                         0x08008e1b   Thumb Code     0  startup_stm32f407xx.o(.text)
    USART1_IRQHandler                        0x08008e1b   Thumb Code     0  startup_stm32f407xx.o(.text)
    USART2_IRQHandler                        0x08008e1b   Thumb Code     0  startup_stm32f407xx.o(.text)
    USART3_IRQHandler                        0x08008e1b   Thumb Code     0  startup_stm32f407xx.o(.text)
    USART6_IRQHandler                        0x08008e1b   Thumb Code     0  startup_stm32f407xx.o(.text)
    WWDG_IRQHandler                          0x08008e1b   Thumb Code     0  startup_stm32f407xx.o(.text)
    SystemInit                               0x08008e25   Thumb Code    82  system_stm32f4xx_1.o(.text)
    SystemCoreClockUpdate                    0x08008e77   Thumb Code   174  system_stm32f4xx_1.o(.text)
    __aeabi_uldivmod                         0x08008f45   Thumb Code    98  uldiv.o(.text)
    __aeabi_memcpy                           0x08008fa7   Thumb Code    36  memcpya.o(.text)
    __aeabi_memcpy4                          0x08008fa7   Thumb Code     0  memcpya.o(.text)
    __aeabi_memcpy8                          0x08008fa7   Thumb Code     0  memcpya.o(.text)
    __aeabi_uidiv                            0x08008fcb   Thumb Code     0  uidiv.o(.text)
    __aeabi_uidivmod                         0x08008fcb   Thumb Code    44  uidiv.o(.text)
    __aeabi_llsl                             0x08008ff7   Thumb Code    30  llshl.o(.text)
    _ll_shift_l                              0x08008ff7   Thumb Code     0  llshl.o(.text)
    __aeabi_llsr                             0x08009015   Thumb Code    32  llushr.o(.text)
    _ll_ushift_r                             0x08009015   Thumb Code     0  llushr.o(.text)
    __I$use$fp                               0x08009035   Thumb Code     0  iusefp.o(.text)
    __scatterload                            0x08009035   Thumb Code    28  init.o(.text)
    __scatterload_rt2                        0x08009035   Thumb Code     0  init.o(.text)
    SVC_Count                                0x08009058   Data           4  svc_table.o(SVC_TABLE)
    SVC_Table                                0x0800905c   Data           0  svc_table.o(SVC_TABLE)
    __0printf$1                              0x0800905d   Thumb Code    22  printf1.o(i.__0printf$1)
    __1printf$1                              0x0800905d   Thumb Code     0  printf1.o(i.__0printf$1)
    __2printf                                0x0800905d   Thumb Code     0  printf1.o(i.__0printf$1)
    __ARM_fpclassifyf                        0x0800907d   Thumb Code    38  fpclassifyf.o(i.__ARM_fpclassifyf)
    __hardfp_atan2f                          0x080090a5   Thumb Code   502  atan2f.o(i.__hardfp_atan2f)
    __hardfp_sqrtf                           0x080092f5   Thumb Code    58  sqrtf.o(i.__hardfp_sqrtf)
    __mathlib_flt_infnan2                    0x0800932f   Thumb Code     6  funder.o(i.__mathlib_flt_infnan2)
    __mathlib_flt_underflow                  0x08009335   Thumb Code    10  funder.o(i.__mathlib_flt_underflow)
    __scatterload_copy                       0x08009345   Thumb Code    14  handlers.o(i.__scatterload_copy)
    __scatterload_null                       0x08009353   Thumb Code     2  handlers.o(i.__scatterload_null)
    __scatterload_zeroinit                   0x08009355   Thumb Code    14  handlers.o(i.__scatterload_zeroinit)
    __set_errno                              0x08009365   Thumb Code     6  errno.o(i.__set_errno)
    _init_box                                0x08009371   Thumb Code    70  rt_membox.o(i._init_box)
    dbg_init                                 0x0800950d   Thumb Code    34  hal_cm.o(i.dbg_init)
    dbg_task_notify                          0x0800953d   Thumb Code    32  hal_cm.o(i.dbg_task_notify)
    dbg_task_switch                          0x0800955d   Thumb Code    16  hal_cm.o(i.dbg_task_switch)
    isrMessageGet                            0x0800956d   Thumb Code    42  rt_cmsis.o(i.isrMessageGet)
    isrMessagePut                            0x08009597   Thumb Code    44  rt_cmsis.o(i.isrMessagePut)
    isrSignalSet                             0x080095c3   Thumb Code    36  rt_cmsis.o(i.isrSignalSet)
    isr_evt_set                              0x080095e9   Thumb Code    34  rt_event.o(i.isr_evt_set)
    isr_mbx_receive                          0x08009611   Thumb Code    82  rt_mailbox.o(i.isr_mbx_receive)
    isr_mbx_send                             0x08009663   Thumb Code    14  rt_mailbox.o(i.isr_mbx_send)
    osKernelInitialize                       0x08009671   Thumb Code    30  rt_cmsis.o(i.osKernelInitialize)
    osKernelStart                            0x08009695   Thumb Code    98  rt_cmsis.o(i.osKernelStart)
    osMessageGet                             0x08009701   Thumb Code    18  rt_cmsis.o(i.osMessageGet)
    osMutexCreate                            0x08009719   Thumb Code    38  rt_cmsis.o(i.osMutexCreate)
    osSignalSet                              0x08009749   Thumb Code    18  rt_cmsis.o(i.osSignalSet)
    osSignalWait                             0x08009761   Thumb Code    18  rt_cmsis.o(i.osSignalWait)
    osThreadCreate                           0x08009779   Thumb Code    38  rt_cmsis.o(i.osThreadCreate)
    osThreadExit                             0x080097a9   Thumb Code    14  rt_cmsis.o(i.osThreadExit)
    osTimerCall                              0x080097c1   Thumb Code     8  rt_cmsis.o(i.osTimerCall)
    osTimerCreate                            0x080097cd   Thumb Code    44  rt_cmsis.o(i.osTimerCreate)
    osTimerStart                             0x08009801   Thumb Code    18  rt_cmsis.o(i.osTimerStart)
    osTimerThread                            0x08009819   Thumb Code    38  rt_cmsis.o(i.osTimerThread)
    os_tick_init                             0x08009845   Thumb Code    32  rt_system.o(i.os_tick_init)
    os_tick_irqack                           0x0800986d   Thumb Code     2  rt_system.o(i.os_tick_irqack)
    rt_alloc_box                             0x0800986f   Thumb Code    26  rt_membox.o(i.rt_alloc_box)
    rt_alloc_mem                             0x08009889   Thumb Code    62  rt_memory.o(i.rt_alloc_mem)
    rt_block                                 0x080098c9   Thumb Code    48  rt_task.o(i.rt_block)
    rt_chk_robin                             0x08009901   Thumb Code    60  rt_robin.o(i.rt_chk_robin)
    rt_dec_dly                               0x08009949   Thumb Code   102  rt_list.o(i.rt_dec_dly)
    rt_dispatch                              0x080099b9   Thumb Code    60  rt_task.o(i.rt_dispatch)
    rt_evt_psh                               0x080099fd   Thumb Code    76  rt_event.o(i.rt_evt_psh)
    rt_evt_set                               0x08009a4d   Thumb Code    88  rt_event.o(i.rt_evt_set)
    rt_evt_wait                              0x08009aa9   Thumb Code    56  rt_event.o(i.rt_evt_wait)
    rt_free_box                              0x08009ae5   Thumb Code    44  rt_membox.o(i.rt_free_box)
    rt_free_mem                              0x08009b11   Thumb Code    40  rt_memory.o(i.rt_free_mem)
    rt_get_first                             0x08009b39   Thumb Code    40  rt_list.o(i.rt_get_first)
    rt_init_mem                              0x08009bb1   Thumb Code    26  rt_memory.o(i.rt_init_mem)
    rt_init_robin                            0x08009bcd   Thumb Code    14  rt_robin.o(i.rt_init_robin)
    rt_init_stack                            0x08009be5   Thumb Code   118  hal_cm.o(i.rt_init_stack)
    rt_mbx_check                             0x08009c65   Thumb Code     8  rt_mailbox.o(i.rt_mbx_check)
    rt_mbx_init                              0x08009c6d   Thumb Code    26  rt_mailbox.o(i.rt_mbx_init)
    rt_mbx_psh                               0x08009c89   Thumb Code   236  rt_mailbox.o(i.rt_mbx_psh)
    rt_mbx_wait                              0x08009d79   Thumb Code   174  rt_mailbox.o(i.rt_mbx_wait)
    rt_mut_init                              0x08009e71   Thumb Code    16  rt_mutex.o(i.rt_mut_init)
    rt_pop_req                               0x08009e81   Thumb Code   112  rt_system.o(i.rt_pop_req)
    rt_psh_req                               0x08009efd   Thumb Code    22  rt_system.o(i.rt_psh_req)
    rt_psq_enq                               0x08009f1d   Thumb Code    88  rt_list.o(i.rt_psq_enq)
    rt_put_dly                               0x08009f79   Thumb Code    68  rt_list.o(i.rt_put_dly)
    rt_put_prio                              0x08009fc1   Thumb Code    54  rt_list.o(i.rt_put_prio)
    rt_put_rdy_first                         0x08009ff9   Thumb Code    14  rt_list.o(i.rt_put_rdy_first)
    rt_resort_prio                           0x0800a00d   Thumb Code    46  rt_list.o(i.rt_resort_prio)
    rt_ret_val                               0x0800a051   Thumb Code    12  hal_cm.o(i.rt_ret_val)
    rt_ret_val2                              0x0800a05d   Thumb Code    16  hal_cm.o(i.rt_ret_val2)
    rt_rmv_dly                               0x0800a06d   Thumb Code    40  rt_list.o(i.rt_rmv_dly)
    rt_rmv_list                              0x0800a095   Thumb Code    44  rt_list.o(i.rt_rmv_list)
    rt_sem_psh                               0x0800a0c5   Thumb Code    48  rt_semaphore.o(i.rt_sem_psh)
    rt_stk_check                             0x0800a0f9   Thumb Code    28  rt_system.o(i.rt_stk_check)
    rt_switch_req                            0x0800a11d   Thumb Code    30  rt_task.o(i.rt_switch_req)
    rt_sys_init                              0x0800a145   Thumb Code   138  rt_task.o(i.rt_sys_init)
    rt_sys_start                             0x0800a211   Thumb Code   110  rt_task.o(i.rt_sys_start)
    rt_systick                               0x0800a289   Thumb Code    50  rt_system.o(i.rt_systick)
    rt_tsk_create                            0x0800a34d   Thumb Code   118  rt_task.o(i.rt_tsk_create)
    rt_tsk_delete                            0x0800a3d5   Thumb Code   352  rt_task.o(i.rt_tsk_delete)
    rt_tsk_prio                              0x0800a551   Thumb Code   108  rt_task.o(i.rt_tsk_prio)
    rt_tsk_self                              0x0800a5cd   Thumb Code    12  rt_task.o(i.rt_tsk_self)
    svcKernelInitialize                      0x0800a5dd   Thumb Code    80  rt_cmsis.o(i.svcKernelInitialize)
    svcKernelStart                           0x0800a64d   Thumb Code    62  rt_cmsis.o(i.svcKernelStart)
    svcMessageCreate                         0x0800a695   Thumb Code    36  rt_cmsis.o(i.svcMessageCreate)
    svcMessageGet                            0x0800a6b9   Thumb Code    58  rt_cmsis.o(i.svcMessageGet)
    svcMutexCreate                           0x0800a6f3   Thumb Code    28  rt_cmsis.o(i.svcMutexCreate)
    svcSignalSet                             0x0800a70f   Thumb Code    36  rt_cmsis.o(i.svcSignalSet)
    svcSignalWait                            0x0800a735   Thumb Code    80  rt_cmsis.o(i.svcSignalWait)
    svcThreadCreate                          0x0800a789   Thumb Code   100  rt_cmsis.o(i.svcThreadCreate)
    svcThreadGetId                           0x0800a7f9   Thumb Code    22  rt_cmsis.o(i.svcThreadGetId)
    svcThreadTerminate                       0x0800a815   Thumb Code    50  rt_cmsis.o(i.svcThreadTerminate)
    svcTimerCall                             0x0800a84d   Thumb Code    24  rt_cmsis.o(i.svcTimerCall)
    svcTimerCreate                           0x0800a865   Thumb Code    52  rt_cmsis.o(i.svcTimerCreate)
    svcTimerStart                            0x0800a89d   Thumb Code    96  rt_cmsis.o(i.svcTimerStart)
    sysTimerTick                             0x0800a901   Thumb Code    84  rt_cmsis.o(i.sysTimerTick)
    Kalmanfilter_asm                         0x0800a95d   Thumb Code     0  kalmanfilter_asm.o(text)
    os_thread_def_Thread_ACCELEROMETER       0x0800a9dc   Data          16  accelerometer.o(.constdata)
    os_timer_def_doubletap_timer             0x0800a9ec   Data           8  accelerometer.o(.constdata)
    os_timer_def_accel_dataready_timer       0x0800a9f4   Data           8  accelerometer.o(.constdata)
    os_mutex_def_accel_mutex                 0x0800a9fc   Data           4  accelerometer.o(.constdata)
    os_thread_def_Thread_TEMPERATURE         0x0800aa58   Data          16  temperature.o(.constdata)
    os_timer_def_temp_dataready_timer        0x0800aa68   Data           8  temperature.o(.constdata)
    os_maxtaskrun                            0x0800aa84   Data           2  rtx_conf_cm.o(.constdata)
    os_stackinfo                             0x0800aa88   Data           4  rtx_conf_cm.o(.constdata)
    os_rrobin                                0x0800aa8c   Data           4  rtx_conf_cm.o(.constdata)
    os_tickfreq                              0x0800aa90   Data           4  rtx_conf_cm.o(.constdata)
    os_tickus_i                              0x0800aa94   Data           2  rtx_conf_cm.o(.constdata)
    os_tickus_f                              0x0800aa96   Data           2  rtx_conf_cm.o(.constdata)
    os_trv                                   0x0800aa98   Data           4  rtx_conf_cm.o(.constdata)
    os_flags                                 0x0800aa9c   Data           1  rtx_conf_cm.o(.constdata)
    CMSIS_RTOS_API_Version                   0x0800aaa0   Data           4  rtx_conf_cm.o(.constdata)
    CMSIS_RTOS_RTX_Version                   0x0800aaa4   Data           4  rtx_conf_cm.o(.constdata)
    os_clockrate                             0x0800aaa8   Data           4  rtx_conf_cm.o(.constdata)
    os_timernum                              0x0800aaac   Data           4  rtx_conf_cm.o(.constdata)
    mp_tcb_size                              0x0800aab0   Data           2  rtx_conf_cm.o(.constdata)
    mp_stk_size                              0x0800aab4   Data           4  rtx_conf_cm.o(.constdata)
    os_stack_sz                              0x0800aab8   Data           4  rtx_conf_cm.o(.constdata)
    os_fifo_size                             0x0800aabc   Data           1  rtx_conf_cm.o(.constdata)
    os_thread_def_osTimerThread              0x0800aac0   Data          16  rtx_conf_cm.o(.constdata)
    os_messageQ_def_osTimerMessageQ          0x0800aad0   Data           8  rtx_conf_cm.o(.constdata)
    mp_tmr_size                              0x0800aad8   Data           2  rtx_conf_cm.o(.constdata)
    APBAHBPrescTable                         0x0800aae2   Data          16  stm32f4xx_hal_rcc.o(.constdata)
    AHBPrescTable                            0x0800aaf2   Data          16  system_stm32f4xx_1.o(.constdata)
    Region$$Table$$Base                      0x0800ab04   Number         0  anon$$obj.o(Region$$Table)
    Region$$Table$$Limit                     0x0800ab24   Number         0  anon$$obj.o(Region$$Table)
    tid_Thread_ACCELEROMETER                 0x20000000   Data           4  accelerometer.o(.data)
    accel_mutex                              0x20000004   Data           4  accelerometer.o(.data)
    tid_Thread_TEMPERATURE                   0x20000020   Data           4  temperature.o(.data)
    LIS3DSHTimeout                           0x20000054   Data           4  lis3dsh.o(.data)
    osThreadId_osTimerThread                 0x20000058   Data           4  rtx_conf_cm.o(.data)
    osMessageQId_osTimerMessageQ             0x2000005c   Data           4  rtx_conf_cm.o(.data)
    os_tmr                                   0x20000060   Data           4  rtx_conf_cm.o(.data)
    m_tmr                                    0x20000064   Data           4  rtx_conf_cm.o(.data)
    os_thread_def_main                       0x20000068   Data          16  rtx_conf_cm.o(.data)
    SystemCoreClock                          0x2000007c   Data           4  system_stm32f4xx_1.o(.data)
    os_initialized                           0x20000080   Data           1  rt_cmsis.o(.data)
    os_running                               0x20000081   Data           1  rt_cmsis.o(.data)
    os_timer_head                            0x20000084   Data           4  rt_cmsis.o(.data)
    os_tsk                                   0x20000088   Data           8  rt_task.o(.data)
    os_tick_irqn                             0x20000094   Data           4  rt_system.o(.data)
    os_time                                  0x20000098   Data           4  rt_time.o(.data)
    dbg_msg                                  0x2000009c   Data           1  hal_cm.o(.data)
    os_robin                                 0x200000a0   Data           8  rt_robin.o(.data)
    __stdout                                 0x200000a8   Data           4  stdout.o(.data)
    timmy3                                   0x200000b0   Data          60  hardware_timer.o(.bss)
    timmy4                                   0x200000ec   Data          60  hardware_timer.o(.bss)
    os_timer_cb_doubletap_timer              0x20000128   Data          24  accelerometer.o(.bss)
    os_timer_cb_accel_dataready_timer        0x20000140   Data          24  accelerometer.o(.bss)
    os_mutex_cb_accel_mutex                  0x20000158   Data          16  accelerometer.o(.bss)
    os_timer_cb_temp_dataready_timer         0x20000168   Data          24  temperature.o(.bss)
    ADC1_handle                              0x20000180   Data          68  temperature.o(.bss)
    nucleo_SpiHandle                         0x200001c4   Data          88  nucleo_spi.o(.bss)
    OC_CONFIG                                0x2000021c   Data          28  led.o(.bss)
    SpiHandle                                0x20000238   Data          88  lis3dsh.o(.bss)
    mp_tcb                                   0x20000290   Data         376  rtx_conf_cm.o(.bss)
    mp_stk                                   0x20000408   Data        4816  rtx_conf_cm.o(.bss)
    os_stack_mem                             0x200016d8   Data        1256  rtx_conf_cm.o(.bss)
    os_fifo                                  0x20001bc0   Data         132  rtx_conf_cm.o(.bss)
    os_active_TCB                            0x20001c44   Data          28  rtx_conf_cm.o(.bss)
    os_messageQ_q_osTimerMessageQ            0x20001c60   Data          32  rtx_conf_cm.o(.bss)
    os_idle_TCB                              0x20001c80   Data          52  rt_task.o(.bss)
    os_rdy                                   0x20001cb4   Data          24  rt_list.o(.bss)
    os_dly                                   0x20001ccc   Data          24  rt_list.o(.bss)
    __initial_sp                             0x200020e8   Data           0  startup_stm32f407xx.o(STACK)



==============================================================================

Memory Map of the image

  Image Entry point : 0x08000189

  Load Region LR_IROM1 (Base: 0x08000000, Size: 0x0000abd4, Max: 0x00100000, ABSOLUTE)

    Execution Region ER_IROM1 (Base: 0x08000000, Size: 0x0000ab24, Max: 0x00100000, ABSOLUTE)

    Base Addr    Size         Type   Attr      Idx    E Section Name        Object

    0x08000000   0x00000188   Data   RO          930    RESET               startup_stm32f407xx.o
    0x08000188   0x00000000   Code   RO         2209  * .ARM.Collect$$$$00000000  mc_w.l(entry.o)
    0x08000188   0x00000004   Code   RO         2495    .ARM.Collect$$$$00000001  mc_w.l(entry2.o)
    0x0800018c   0x00000004   Code   RO         2498    .ARM.Collect$$$$00000004  mc_w.l(entry5.o)
    0x08000190   0x00000000   Code   RO         2500    .ARM.Collect$$$$00000008  mc_w.l(entry7b.o)
    0x08000190   0x00000000   Code   RO         2502    .ARM.Collect$$$$0000000A  mc_w.l(entry8b.o)
    0x08000190   0x00000000   Code   RO         2503    .ARM.Collect$$$$0000000D  mc_w.l(entry10a.o)
    0x08000190   0x00000000   Code   RO         2505    .ARM.Collect$$$$0000000F  mc_w.l(entry11a.o)
    0x08000190   0x00000018   Code   RO          502    .ARM.Collect$$$$000000FF  rtx_conf_cm.o
    0x080001a8   0x00000004   Code   RO         2496    .ARM.Collect$$$$00002712  mc_w.l(entry2.o)
    0x080001ac   0x00000198   Code   RO         2172    .emb_text           RTX_CM4.lib(hal_cm4.o)
    0x08000344   0x000000d0   Code   RO            4    .text               main.o
    0x08000414   0x000000fc   Code   RO          202    .text               hardware_timer.o
    0x08000510   0x000003f8   Code   RO          232    .text               accelerometer.o
    0x08000908   0x00000020   Code   RO          271    .text               exti_handler_cb.o
    0x08000928   0x00000038   Code   RO          298    .text               fput_debug.o
    0x08000960   0x00000058   Code   RO          326    .text               stm32f4xx_it.o
    0x080009b8   0x000001b0   Code   RO          357    .text               temperature.o
    0x08000b68   0x000001c8   Code   RO          392    .text               spi_mspinit.o
    0x08000d30   0x00000408   Code   RO          417    .text               nucleo_spi.o
    0x08001138   0x00000370   Code   RO          448    .text               led.o
    0x080014a8   0x00000450   Code   RO          477    .text               lis3dsh.o
    0x080018f8   0x00000026   Code   RO          503    .text               rtx_conf_cm.o
    0x0800191e   0x00000002   PAD
    0x08001920   0x000001b0   Code   RO          537    .text               stm32f4xx_hal.o
    0x08001ad0   0x0000099c   Code   RO          563    .text               stm32f4xx_hal_adc.o
    0x0800246c   0x00000720   Code   RO          587    .text               stm32f4xx_hal_adc_ex.o
    0x08002b8c   0x00000324   Code   RO          611    .text               stm32f4xx_hal_cortex.o
    0x08002eb0   0x00000618   Code   RO          639    .text               stm32f4xx_hal_dma.o
    0x080034c8   0x000003cc   Code   RO          688    .text               stm32f4xx_hal_gpio.o
    0x08003894   0x00000a4c   Code   RO          760    .text               stm32f4xx_hal_rcc.o
    0x080042e0   0x00001598   Code   RO          811    .text               stm32f4xx_hal_spi.o
    0x08005878   0x00002800   Code   RO          835    .text               stm32f4xx_hal_tim.o
    0x08008078   0x00000d88   Code   RO          859    .text               stm32f4xx_hal_tim_ex.o
    0x08008e00   0x00000024   Code   RO          931    .text               startup_stm32f407xx.o
    0x08008e24   0x00000120   Code   RO          938    .text               system_stm32f4xx_1.o
    0x08008f44   0x00000062   Code   RO         2212    .text               mc_w.l(uldiv.o)
    0x08008fa6   0x00000024   Code   RO         2214    .text               mc_w.l(memcpya.o)
    0x08008fca   0x0000002c   Code   RO         2508    .text               mc_w.l(uidiv.o)
    0x08008ff6   0x0000001e   Code   RO         2510    .text               mc_w.l(llshl.o)
    0x08009014   0x00000020   Code   RO         2512    .text               mc_w.l(llushr.o)
    0x08009034   0x00000000   Code   RO         2521    .text               mc_w.l(iusefp.o)
    0x08009034   0x00000024   Code   RO         2532    .text               mc_w.l(init.o)
    0x08009058   0x00000004   Code   RO         2182    SVC_TABLE           RTX_CM4.lib(svc_table.o)
    0x0800905c   0x00000020   Code   RO         2263    i.__0printf$1       mc_w.l(printf1.o)
    0x0800907c   0x00000026   Code   RO         2479    i.__ARM_fpclassifyf  m_wm.l(fpclassifyf.o)
    0x080090a2   0x00000002   PAD
    0x080090a4   0x00000250   Code   RO         2185    i.__hardfp_atan2f   m_wm.l(atan2f.o)
    0x080092f4   0x0000003a   Code   RO         2197    i.__hardfp_sqrtf    m_wm.l(sqrtf.o)
    0x0800932e   0x00000006   Code   RO         2483    i.__mathlib_flt_infnan2  m_wm.l(funder.o)
    0x08009334   0x00000010   Code   RO         2487    i.__mathlib_flt_underflow  m_wm.l(funder.o)
    0x08009344   0x0000000e   Code   RO         2540    i.__scatterload_copy  mc_w.l(handlers.o)
    0x08009352   0x00000002   Code   RO         2541    i.__scatterload_null  mc_w.l(handlers.o)
    0x08009354   0x0000000e   Code   RO         2542    i.__scatterload_zeroinit  mc_w.l(handlers.o)
    0x08009362   0x00000002   PAD
    0x08009364   0x0000000c   Code   RO         2516    i.__set_errno       mc_w.l(errno.o)
    0x08009370   0x00000046   Code   RO         2045    i._init_box         RTX_CM4.lib(rt_membox.o)
    0x080093b6   0x00000002   PAD
    0x080093b8   0x00000154   Code   RO         2270    i._printf_core      mc_w.l(printf1.o)
    0x0800950c   0x00000030   Code   RO         2098    i.dbg_init          RTX_CM4.lib(hal_cm.o)
    0x0800953c   0x00000020   Code   RO         2099    i.dbg_task_notify   RTX_CM4.lib(hal_cm.o)
    0x0800955c   0x00000010   Code   RO         2100    i.dbg_task_switch   RTX_CM4.lib(hal_cm.o)
    0x0800956c   0x0000002a   Code   RO          969    i.isrMessageGet     RTX_CM4.lib(rt_cmsis.o)
    0x08009596   0x0000002c   Code   RO          970    i.isrMessagePut     RTX_CM4.lib(rt_cmsis.o)
    0x080095c2   0x00000024   Code   RO          972    i.isrSignalSet      RTX_CM4.lib(rt_cmsis.o)
    0x080095e6   0x00000002   PAD
    0x080095e8   0x00000028   Code   RO         1769    i.isr_evt_set       RTX_CM4.lib(rt_event.o)
    0x08009610   0x00000052   Code   RO         1891    i.isr_mbx_receive   RTX_CM4.lib(rt_mailbox.o)
    0x08009662   0x0000000e   Code   RO         1892    i.isr_mbx_send      RTX_CM4.lib(rt_mailbox.o)
    0x08009670   0x00000024   Code   RO          974    i.osKernelInitialize  RTX_CM4.lib(rt_cmsis.o)
    0x08009694   0x0000006c   Code   RO          976    i.osKernelStart     RTX_CM4.lib(rt_cmsis.o)
    0x08009700   0x00000018   Code   RO          985    i.osMessageGet      RTX_CM4.lib(rt_cmsis.o)
    0x08009718   0x00000030   Code   RO          987    i.osMutexCreate     RTX_CM4.lib(rt_cmsis.o)
    0x08009748   0x00000018   Code   RO         1000    i.osSignalSet       RTX_CM4.lib(rt_cmsis.o)
    0x08009760   0x00000018   Code   RO         1001    i.osSignalWait      RTX_CM4.lib(rt_cmsis.o)
    0x08009778   0x00000030   Code   RO         1002    i.osThreadCreate    RTX_CM4.lib(rt_cmsis.o)
    0x080097a8   0x00000018   Code   RO         1003    i.osThreadExit      RTX_CM4.lib(rt_cmsis.o)
    0x080097c0   0x0000000c   Code   RO         1009    i.osTimerCall       RTX_CM4.lib(rt_cmsis.o)
    0x080097cc   0x00000034   Code   RO         1010    i.osTimerCreate     RTX_CM4.lib(rt_cmsis.o)
    0x08009800   0x00000018   Code   RO         1012    i.osTimerStart      RTX_CM4.lib(rt_cmsis.o)
    0x08009818   0x0000002c   Code   RO         1014    i.osTimerThread     RTX_CM4.lib(rt_cmsis.o)
    0x08009844   0x00000028   Code   RO         1679    i.os_tick_init      RTX_CM4.lib(rt_system.o)
    0x0800986c   0x00000002   Code   RO         1680    i.os_tick_irqack    RTX_CM4.lib(rt_system.o)
    0x0800986e   0x0000001a   Code   RO         2046    i.rt_alloc_box      RTX_CM4.lib(rt_membox.o)
    0x08009888   0x0000003e   Code   RO         2074    i.rt_alloc_mem      RTX_CM4.lib(rt_memory.o)
    0x080098c6   0x00000002   PAD
    0x080098c8   0x00000038   Code   RO         1594    i.rt_block          RTX_CM4.lib(rt_task.o)
    0x08009900   0x00000048   Code   RO         2151    i.rt_chk_robin      RTX_CM4.lib(rt_robin.o)
    0x08009948   0x00000070   Code   RO         1815    i.rt_dec_dly        RTX_CM4.lib(rt_list.o)
    0x080099b8   0x00000044   Code   RO         1595    i.rt_dispatch       RTX_CM4.lib(rt_task.o)
    0x080099fc   0x00000050   Code   RO         1772    i.rt_evt_psh        RTX_CM4.lib(rt_event.o)
    0x08009a4c   0x0000005c   Code   RO         1773    i.rt_evt_set        RTX_CM4.lib(rt_event.o)
    0x08009aa8   0x0000003c   Code   RO         1774    i.rt_evt_wait       RTX_CM4.lib(rt_event.o)
    0x08009ae4   0x0000002c   Code   RO         2047    i.rt_free_box       RTX_CM4.lib(rt_membox.o)
    0x08009b10   0x00000028   Code   RO         2075    i.rt_free_mem       RTX_CM4.lib(rt_memory.o)
    0x08009b38   0x00000028   Code   RO         1816    i.rt_get_first      RTX_CM4.lib(rt_list.o)
    0x08009b60   0x00000008   Code   RO         1019    i.rt_id2obj         RTX_CM4.lib(rt_cmsis.o)
    0x08009b68   0x00000048   Code   RO         1596    i.rt_init_context   RTX_CM4.lib(rt_task.o)
    0x08009bb0   0x0000001a   Code   RO         2076    i.rt_init_mem       RTX_CM4.lib(rt_memory.o)
    0x08009bca   0x00000002   PAD
    0x08009bcc   0x00000018   Code   RO         2152    i.rt_init_robin     RTX_CM4.lib(rt_robin.o)
    0x08009be4   0x00000080   Code   RO         2101    i.rt_init_stack     RTX_CM4.lib(hal_cm.o)
    0x08009c64   0x00000008   Code   RO         1893    i.rt_mbx_check      RTX_CM4.lib(rt_mailbox.o)
    0x08009c6c   0x0000001a   Code   RO         1894    i.rt_mbx_init       RTX_CM4.lib(rt_mailbox.o)
    0x08009c86   0x00000002   PAD
    0x08009c88   0x000000f0   Code   RO         1895    i.rt_mbx_psh        RTX_CM4.lib(rt_mailbox.o)
    0x08009d78   0x000000b4   Code   RO         1897    i.rt_mbx_wait       RTX_CM4.lib(rt_mailbox.o)
    0x08009e2c   0x00000044   Code   RO         1020    i.rt_ms2tick        RTX_CM4.lib(rt_cmsis.o)
    0x08009e70   0x00000010   Code   RO         2015    i.rt_mut_init       RTX_CM4.lib(rt_mutex.o)
    0x08009e80   0x0000007c   Code   RO         1683    i.rt_pop_req        RTX_CM4.lib(rt_system.o)
    0x08009efc   0x00000020   Code   RO         1684    i.rt_psh_req        RTX_CM4.lib(rt_system.o)
    0x08009f1c   0x0000005c   Code   RO         1818    i.rt_psq_enq        RTX_CM4.lib(rt_list.o)
    0x08009f78   0x00000048   Code   RO         1819    i.rt_put_dly        RTX_CM4.lib(rt_list.o)
    0x08009fc0   0x00000036   Code   RO         1820    i.rt_put_prio       RTX_CM4.lib(rt_list.o)
    0x08009ff6   0x00000002   PAD
    0x08009ff8   0x00000014   Code   RO         1821    i.rt_put_rdy_first  RTX_CM4.lib(rt_list.o)
    0x0800a00c   0x00000034   Code   RO         1822    i.rt_resort_prio    RTX_CM4.lib(rt_list.o)
    0x0800a040   0x00000010   Code   RO         2102    i.rt_ret_regs       RTX_CM4.lib(hal_cm.o)
    0x0800a050   0x0000000c   Code   RO         2103    i.rt_ret_val        RTX_CM4.lib(hal_cm.o)
    0x0800a05c   0x00000010   Code   RO         2104    i.rt_ret_val2       RTX_CM4.lib(hal_cm.o)
    0x0800a06c   0x00000028   Code   RO         1823    i.rt_rmv_dly        RTX_CM4.lib(rt_list.o)
    0x0800a094   0x00000030   Code   RO         1824    i.rt_rmv_list       RTX_CM4.lib(rt_list.o)
    0x0800a0c4   0x00000034   Code   RO         1942    i.rt_sem_psh        RTX_CM4.lib(rt_semaphore.o)
    0x0800a0f8   0x00000024   Code   RO         1686    i.rt_stk_check      RTX_CM4.lib(rt_system.o)
    0x0800a11c   0x00000028   Code   RO         1597    i.rt_switch_req     RTX_CM4.lib(rt_task.o)
    0x0800a144   0x000000cc   Code   RO         1598    i.rt_sys_init       RTX_CM4.lib(rt_task.o)
    0x0800a210   0x00000078   Code   RO         1599    i.rt_sys_start      RTX_CM4.lib(rt_task.o)
    0x0800a288   0x00000040   Code   RO         1688    i.rt_systick        RTX_CM4.lib(rt_system.o)
    0x0800a2c8   0x00000012   Code   RO         1021    i.rt_tid2ptcb       RTX_CM4.lib(rt_cmsis.o)
    0x0800a2da   0x00000002   PAD
    0x0800a2dc   0x00000034   Code   RO         1022    i.rt_timer_insert   RTX_CM4.lib(rt_cmsis.o)
    0x0800a310   0x0000003c   Code   RO         1023    i.rt_timer_remove   RTX_CM4.lib(rt_cmsis.o)
    0x0800a34c   0x00000088   Code   RO         1600    i.rt_tsk_create     RTX_CM4.lib(rt_task.o)
    0x0800a3d4   0x0000017c   Code   RO         1601    i.rt_tsk_delete     RTX_CM4.lib(rt_task.o)
    0x0800a550   0x0000007c   Code   RO         1603    i.rt_tsk_prio       RTX_CM4.lib(rt_task.o)
    0x0800a5cc   0x00000010   Code   RO         1604    i.rt_tsk_self       RTX_CM4.lib(rt_task.o)
    0x0800a5dc   0x00000070   Code   RO         1025    i.svcKernelInitialize  RTX_CM4.lib(rt_cmsis.o)
    0x0800a64c   0x00000048   Code   RO         1027    i.svcKernelStart    RTX_CM4.lib(rt_cmsis.o)
    0x0800a694   0x00000024   Code   RO         1030    i.svcMessageCreate  RTX_CM4.lib(rt_cmsis.o)
    0x0800a6b8   0x0000003a   Code   RO         1031    i.svcMessageGet     RTX_CM4.lib(rt_cmsis.o)
    0x0800a6f2   0x0000001c   Code   RO         1033    i.svcMutexCreate    RTX_CM4.lib(rt_cmsis.o)
    0x0800a70e   0x00000024   Code   RO         1043    i.svcSignalSet      RTX_CM4.lib(rt_cmsis.o)
    0x0800a732   0x00000002   PAD
    0x0800a734   0x00000054   Code   RO         1044    i.svcSignalWait     RTX_CM4.lib(rt_cmsis.o)
    0x0800a788   0x00000070   Code   RO         1045    i.svcThreadCreate   RTX_CM4.lib(rt_cmsis.o)
    0x0800a7f8   0x0000001c   Code   RO         1046    i.svcThreadGetId    RTX_CM4.lib(rt_cmsis.o)
    0x0800a814   0x00000038   Code   RO         1049    i.svcThreadTerminate  RTX_CM4.lib(rt_cmsis.o)
    0x0800a84c   0x00000018   Code   RO         1051    i.svcTimerCall      RTX_CM4.lib(rt_cmsis.o)
    0x0800a864   0x00000038   Code   RO         1052    i.svcTimerCreate    RTX_CM4.lib(rt_cmsis.o)
    0x0800a89c   0x00000064   Code   RO         1054    i.svcTimerStart     RTX_CM4.lib(rt_cmsis.o)
    0x0800a900   0x0000005c   Code   RO         1060    i.sysTimerTick      RTX_CM4.lib(rt_cmsis.o)
    0x0800a95c   0x0000007e   Code   RO          386    text                kalmanfilter_asm.o
    0x0800a9da   0x00000002   PAD
    0x0800a9dc   0x0000007c   Data   RO          234    .constdata          accelerometer.o
    0x0800aa58   0x0000002c   Data   RO          359    .constdata          temperature.o
    0x0800aa84   0x00000056   Data   RO          505    .constdata          rtx_conf_cm.o
    0x0800aada   0x00000008   Data   RO          640    .constdata          stm32f4xx_hal_dma.o
    0x0800aae2   0x00000010   Data   RO          761    .constdata          stm32f4xx_hal_rcc.o
    0x0800aaf2   0x00000010   Data   RO          939    .constdata          system_stm32f4xx_1.o
    0x0800ab02   0x00000002   PAD
    0x0800ab04   0x00000020   Data   RO         2538    Region$$Table       anon$$obj.o


    Execution Region RW_IRAM1 (Base: 0x20000000, Size: 0x000020e8, Max: 0x00020000, ABSOLUTE)

    Base Addr    Size         Type   Attr      Idx    E Section Name        Object

    0x20000000   0x00000020   Data   RW          235    .data               accelerometer.o
    0x20000020   0x00000008   Data   RW          360    .data               temperature.o
    0x20000028   0x0000002c   Data   RW          450    .data               led.o
    0x20000054   0x00000004   Data   RW          479    .data               lis3dsh.o
    0x20000058   0x00000020   Data   RW          506    .data               rtx_conf_cm.o
    0x20000078   0x00000004   Data   RW          538    .data               stm32f4xx_hal.o
    0x2000007c   0x00000004   Data   RW          940    .data               system_stm32f4xx_1.o
    0x20000080   0x00000008   Data   RW         1063    .data               RTX_CM4.lib(rt_cmsis.o)
    0x20000088   0x00000008   Data   RW         1606    .data               RTX_CM4.lib(rt_task.o)
    0x20000090   0x00000008   Data   RW         1691    .data               RTX_CM4.lib(rt_system.o)
    0x20000098   0x00000004   Data   RW         1985    .data               RTX_CM4.lib(rt_time.o)
    0x2000009c   0x00000001   Data   RW         2105    .data               RTX_CM4.lib(hal_cm.o)
    0x2000009d   0x00000003   PAD
    0x200000a0   0x00000008   Data   RW         2153    .data               RTX_CM4.lib(rt_robin.o)
    0x200000a8   0x00000004   Data   RW         2507    .data               mc_w.l(stdout.o)
    0x200000ac   0x00000004   Data   RW         2517    .data               mc_w.l(errno.o)
    0x200000b0   0x00000078   Zero   RW          203    .bss                hardware_timer.o
    0x20000128   0x00000040   Zero   RW          233    .bss                accelerometer.o
    0x20000168   0x0000005c   Zero   RW          358    .bss                temperature.o
    0x200001c4   0x00000058   Zero   RW          418    .bss                nucleo_spi.o
    0x2000021c   0x0000001c   Zero   RW          449    .bss                led.o
    0x20000238   0x00000058   Zero   RW          478    .bss                lis3dsh.o
    0x20000290   0x000019f0   Zero   RW          504    .bss                rtx_conf_cm.o
    0x20001c80   0x00000034   Zero   RW         1605    .bss                RTX_CM4.lib(rt_task.o)
    0x20001cb4   0x00000030   Zero   RW         1825    .bss                RTX_CM4.lib(rt_list.o)
    0x20001ce4   0x00000004   PAD
    0x20001ce8   0x00000400   Zero   RW          928    STACK               startup_stm32f407xx.o


==============================================================================

Image component sizes


      Code (inc. data)   RO Data    RW Data    ZI Data      Debug   Object Name

      1016         88        124         32         64      13096   accelerometer.o
        32          6          0          0          0        625   exti_handler_cb.o
        56          4          0          0          0      27395   fput_debug.o
       252         24          0          0        120       1836   hardware_timer.o
       126          0          0          0          0        356   kalmanfilter_asm.o
       880         52          0         44         28       3785   led.o
      1104         82          0          4         88       4701   lis3dsh.o
       208          8          0          0          0     397008   main.o
      1032         66          0          0         88      30738   nucleo_spi.o
        62          6         86         32       6640       7594   rtx_conf_cm.o
       456         32          0          0          0       1527   spi_mspinit.o
        36          8        392          0       1024        928   startup_stm32f407xx.o
       432         26          0          4          0       4990   stm32f4xx_hal.o
      2460         70          0          0          0       7575   stm32f4xx_hal_adc.o
      1824         40          0          0          0       5694   stm32f4xx_hal_adc_ex.o
       804         20          0          0          0      32311   stm32f4xx_hal_cortex.o
      1560         16          8          0          0       5016   stm32f4xx_hal_dma.o
       972         50          0          0          0       3835   stm32f4xx_hal_gpio.o
      2636         66         16          0          0       5742   stm32f4xx_hal_rcc.o
      5528         54          0          0          0      13284   stm32f4xx_hal_spi.o
     10240        152          0          0          0      31026   stm32f4xx_hal_tim.o
      3464         26          0          0          0      11826   stm32f4xx_hal_tim_ex.o
        88         18          0          0          0       1759   stm32f4xx_it.o
       288         32         16          4          0       1843   system_stm32f4xx_1.o
       432         88         44          8         92       3322   temperature.o

    ----------------------------------------------------------------------
     35992       1034        720        128       8144     617812   Object Totals
         0          0         32          0          0          0   (incl. Generated)
         4          0          2          0          0          0   (incl. Padding)

    ----------------------------------------------------------------------

      Code (inc. data)   RO Data    RW Data    ZI Data      Debug   Library Member Name

       268         24          0          1          0       4452   hal_cm.o
       408         34          0          0          0        816   hal_cm4.o
      1690        192          0          8          0      42409   rt_cmsis.o
       272         18          0          0          0       2810   rt_event.o
       530         34          0          0         48       8597   rt_list.o
       550         10          0          0          0       4185   rt_mailbox.o
       140          0          0          0          0       2045   rt_membox.o
       128          0          0          0          0       2419   rt_memory.o
        16          0          0          0          0        502   rt_mutex.o
        96         22          0          8          0       1230   rt_robin.o
        52          4          0          0          0        613   rt_semaphore.o
       298         52          0          8          0       6439   rt_system.o
      1216        174          0          8         52      10025   rt_task.o
         0          0          0          4          0        206   rt_time.o
         4          4          0          0          0        200   svc_table.o
       592         90          0          0          0        184   atan2f.o
        38          0          0          0          0        116   fpclassifyf.o
        22          6          0          0          0        232   funder.o
        58          0          0          0          0        136   sqrtf.o
         0          0          0          0          0          0   entry.o
         0          0          0          0          0          0   entry10a.o
         0          0          0          0          0          0   entry11a.o
         8          4          0          0          0          0   entry2.o
         4          0          0          0          0          0   entry5.o
         0          0          0          0          0          0   entry7b.o
         0          0          0          0          0          0   entry8b.o
        12          6          0          4          0         68   errno.o
        30          0          0          0          0          0   handlers.o
        36          8          0          0          0         68   init.o
         0          0          0          0          0          0   iusefp.o
        30          0          0          0          0         68   llshl.o
        32          0          0          0          0         68   llushr.o
        36          0          0          0          0         68   memcpya.o
       372         14          0          0          0        184   printf1.o
         0          0          0          4          0          0   stdout.o
        44          0          0          0          0         80   uidiv.o
        98          0          0          0          0         92   uldiv.o

    ----------------------------------------------------------------------
      7100        696          0         48        104      88312   Library Totals
        20          0          0          3          4          0   (incl. Padding)

    ----------------------------------------------------------------------

      Code (inc. data)   RO Data    RW Data    ZI Data      Debug   Library Name

      5668        568          0         37        100      86948   RTX_CM4.lib
       710         96          0          0          0        668   m_wm.l
       702         32          0          8          0        696   mc_w.l

    ----------------------------------------------------------------------
      7100        696          0         48        104      88312   Library Totals

    ----------------------------------------------------------------------

==============================================================================


      Code (inc. data)   RO Data    RW Data    ZI Data      Debug   

     43092       1730        720        176       8248     691868   Grand Totals
     43092       1730        720        176       8248     691868   ELF Image Totals
     43092       1730        720        176          0          0   ROM Totals

==============================================================================

    Total RO  Size (Code + RO Data)                43812 (  42.79kB)
    Total RW  Size (RW Data + ZI Data)              8424 (   8.23kB)
    Total ROM Size (Code + RO Data + RW Data)      43988 (  42.96kB)

==============================================================================

